Archive member included to satisfy reference by file (symbol)

c:/progra~2/gnuarm~1/102021~1.10/bin/../lib/gcc/arm-none-eabi/10.3.1/thumb/v7e-m+fp/hard\libgcc.a(_arm_muldf3.o)
                              CMakeFiles/dgm_driver.elf.dir/Controller/PID.c.obj (__aeabi_dmul)
c:/progra~2/gnuarm~1/102021~1.10/bin/../lib/gcc/arm-none-eabi/10.3.1/thumb/v7e-m+fp/hard\libgcc.a(_arm_addsubdf3.o)
                              CMakeFiles/dgm_driver.elf.dir/Application/can_task.c.obj (__aeabi_dsub)
c:/progra~2/gnuarm~1/102021~1.10/bin/../lib/gcc/arm-none-eabi/10.3.1/thumb/v7e-m+fp/hard\libgcc.a(_arm_muldivdf3.o)
                              CMakeFiles/dgm_driver.elf.dir/Controller/PID.c.obj (__aeabi_ddiv)
c:/progra~2/gnuarm~1/102021~1.10/bin/../lib/gcc/arm-none-eabi/10.3.1/thumb/v7e-m+fp/hard\libgcc.a(_arm_truncdfsf2.o)
                              CMakeFiles/dgm_driver.elf.dir/Application/can_task.c.obj (__aeabi_d2f)
c:/progra~2/gnuarm~1/102021~1.10/bin/../lib/gcc/arm-none-eabi/10.3.1/thumb/v7e-m+fp/hard\libgcc.a(_aeabi_uldivmod.o)
                              CMakeFiles/dgm_driver.elf.dir/Drivers/STM32F4xx_HAL_Driver/Src/stm32f4xx_hal_rcc.c.obj (__aeabi_uldivmod)
c:/progra~2/gnuarm~1/102021~1.10/bin/../lib/gcc/arm-none-eabi/10.3.1/thumb/v7e-m+fp/hard\libgcc.a(_udivmoddi4.o)
                              c:/progra~2/gnuarm~1/102021~1.10/bin/../lib/gcc/arm-none-eabi/10.3.1/thumb/v7e-m+fp/hard\libgcc.a(_aeabi_uldivmod.o) (__udivmoddi4)
c:/progra~2/gnuarm~1/102021~1.10/bin/../lib/gcc/arm-none-eabi/10.3.1/thumb/v7e-m+fp/hard\libgcc.a(_dvmd_tls.o)
                              c:/progra~2/gnuarm~1/102021~1.10/bin/../lib/gcc/arm-none-eabi/10.3.1/thumb/v7e-m+fp/hard\libgcc.a(_aeabi_uldivmod.o) (__aeabi_ldiv0)
c:/progra~2/gnuarm~1/102021~1.10/bin/../lib/gcc/arm-none-eabi/10.3.1/../../../../arm-none-eabi/lib/thumb/v7e-m+fp/hard\libg.a(lib_a-errno.o)
                              CMakeFiles/dgm_driver.elf.dir/Core/Src/syscalls.c.obj (__errno)
c:/progra~2/gnuarm~1/102021~1.10/bin/../lib/gcc/arm-none-eabi/10.3.1/../../../../arm-none-eabi/lib/thumb/v7e-m+fp/hard\libg.a(lib_a-exit.o)
                              c:/progra~2/gnuarm~1/102021~1.10/bin/../lib/gcc/arm-none-eabi/10.3.1/../../../../arm-none-eabi/lib/thumb/v7e-m+fp/hard/crt0.o (exit)
c:/progra~2/gnuarm~1/102021~1.10/bin/../lib/gcc/arm-none-eabi/10.3.1/../../../../arm-none-eabi/lib/thumb/v7e-m+fp/hard\libg.a(lib_a-impure.o)
                              c:/progra~2/gnuarm~1/102021~1.10/bin/../lib/gcc/arm-none-eabi/10.3.1/../../../../arm-none-eabi/lib/thumb/v7e-m+fp/hard\libg.a(lib_a-exit.o) (_global_impure_ptr)
c:/progra~2/gnuarm~1/102021~1.10/bin/../lib/gcc/arm-none-eabi/10.3.1/../../../../arm-none-eabi/lib/thumb/v7e-m+fp/hard\libg.a(lib_a-init.o)
                              c:/progra~2/gnuarm~1/102021~1.10/bin/../lib/gcc/arm-none-eabi/10.3.1/../../../../arm-none-eabi/lib/thumb/v7e-m+fp/hard/crt0.o (__libc_init_array)
c:/progra~2/gnuarm~1/102021~1.10/bin/../lib/gcc/arm-none-eabi/10.3.1/../../../../arm-none-eabi/lib/thumb/v7e-m+fp/hard\libg.a(lib_a-memcpy.o)
                              CMakeFiles/dgm_driver.elf.dir/Middlewares/Third_Party/FreeRTOS/Source/CMSIS_RTOS_V2/cmsis_os2.c.obj (memcpy)
c:/progra~2/gnuarm~1/102021~1.10/bin/../lib/gcc/arm-none-eabi/10.3.1/../../../../arm-none-eabi/lib/thumb/v7e-m+fp/hard\libg.a(lib_a-memset.o)
                              c:/progra~2/gnuarm~1/102021~1.10/bin/../lib/gcc/arm-none-eabi/10.3.1/../../../../arm-none-eabi/lib/thumb/v7e-m+fp/hard/crt0.o (memset)
c:/progra~2/gnuarm~1/102021~1.10/bin/../lib/gcc/arm-none-eabi/10.3.1/../../../../arm-none-eabi/lib/thumb/v7e-m+fp/hard\libg.a(lib_a-printf.o)
                              CMakeFiles/dgm_driver.elf.dir/User/IRQ.c.obj (printf)
c:/progra~2/gnuarm~1/102021~1.10/bin/../lib/gcc/arm-none-eabi/10.3.1/../../../../arm-none-eabi/lib/thumb/v7e-m+fp/hard\libg.a(lib_a-puts.o)
                              CMakeFiles/dgm_driver.elf.dir/Core/Src/main.c.obj (puts)
c:/progra~2/gnuarm~1/102021~1.10/bin/../lib/gcc/arm-none-eabi/10.3.1/../../../../arm-none-eabi/lib/thumb/v7e-m+fp/hard\libg.a(lib_a-reent.o)
                              CMakeFiles/dgm_driver.elf.dir/Middlewares/Third_Party/FreeRTOS/Source/tasks.c.obj (_reclaim_reent)
c:/progra~2/gnuarm~1/102021~1.10/bin/../lib/gcc/arm-none-eabi/10.3.1/../../../../arm-none-eabi/lib/thumb/v7e-m+fp/hard\libg.a(lib_a-setvbuf.o)
                              CMakeFiles/dgm_driver.elf.dir/User/retarget.c.obj (setvbuf)
c:/progra~2/gnuarm~1/102021~1.10/bin/../lib/gcc/arm-none-eabi/10.3.1/../../../../arm-none-eabi/lib/thumb/v7e-m+fp/hard\libg.a(lib_a-strlen.o)
                              c:/progra~2/gnuarm~1/102021~1.10/bin/../lib/gcc/arm-none-eabi/10.3.1/../../../../arm-none-eabi/lib/thumb/v7e-m+fp/hard\libg.a(lib_a-puts.o) (strlen)
c:/progra~2/gnuarm~1/102021~1.10/bin/../lib/gcc/arm-none-eabi/10.3.1/../../../../arm-none-eabi/lib/thumb/v7e-m+fp/hard\libg.a(lib_a-strtod.o)
[...]
Memory Configuration

Name             Origin             Length             Attributes
CCMRAM           0x10000000         0x00010000         xrw
RAM              0x20000000         0x00020000         xrw
FLASH            0x08000000         0x00100000         xr
*default*        0x00000000         0xffffffff

Linker script and memory map

LOAD c:/progra~2/gnuarm~1/102021~1.10/bin/../lib/gcc/arm-none-eabi/10.3.1/thumb/v7e-m+fp/hard/crti.o
LOAD c:/progra~2/gnuarm~1/102021~1.10/bin/../lib/gcc/arm-none-eabi/10.3.1/thumb/v7e-m+fp/hard/crtbegin.o
LOAD c:/progra~2/gnuarm~1/102021~1.10/bin/../lib/gcc/arm-none-eabi/10.3.1/../../../../arm-none-eabi/lib/thumb/v7e-m+fp/hard/crt0.o
LOAD CMakeFiles/dgm_driver.elf.dir/Application/can_task.c.obj
LOAD CMakeFiles/dgm_driver.elf.dir/Application/usart_task.c.obj
LOAD CMakeFiles/dgm_driver.elf.dir/BSP/my_can.c.obj
LOAD CMakeFiles/dgm_driver.elf.dir/Controller/PID.c.obj
LOAD CMakeFiles/dgm_driver.elf.dir/Controller/PID_Adjust.c.obj
LOAD CMakeFiles/dgm_driver.elf.dir/Core/Src/can.c.obj
LOAD CMakeFiles/dgm_driver.elf.dir/Core/Src/dma.c.obj
LOAD CMakeFiles/dgm_driver.elf.dir/Core/Src/freertos.c.obj
LOAD CMakeFiles/dgm_driver.elf.dir/Core/Src/gpio.c.obj
LOAD CMakeFiles/dgm_driver.elf.dir/Core/Src/main.c.obj
LOAD CMakeFiles/dgm_driver.elf.dir/Core/Src/stm32f4xx_hal_msp.c.obj
LOAD CMakeFiles/dgm_driver.elf.dir/Core/Src/stm32f4xx_hal_timebase_tim.c.obj
LOAD CMakeFiles/dgm_driver.elf.dir/Core/Src/stm32f4xx_it.c.obj
LOAD CMakeFiles/dgm_driver.elf.dir/Core/Src/syscalls.c.obj
LOAD CMakeFiles/dgm_driver.elf.dir/Core/Src/sysmem.c.obj
LOAD CMakeFiles/dgm_driver.elf.dir/Core/Src/system_stm32f4xx.c.obj
LOAD CMakeFiles/dgm_driver.elf.dir/Core/Src/usart.c.obj
LOAD CMakeFiles/dgm_driver.elf.dir/Core/Startup/startup_stm32f405rgtx.s.obj
LOAD CMakeFiles/dgm_driver.elf.dir/Drivers/STM32F4xx_HAL_Driver/Src/stm32f4xx_hal.c.obj
LOAD CMakeFiles/dgm_driver.elf.dir/Drivers/STM32F4xx_HAL_Driver/Src/stm32f4xx_hal_can.c.obj
LOAD CMakeFiles/dgm_driver.elf.dir/Drivers/STM32F4xx_HAL_Driver/Src/stm32f4xx_hal_cortex.c.obj
LOAD CMakeFiles/dgm_driver.elf.dir/Drivers/STM32F4xx_HAL_Driver/Src/stm32f4xx_hal_dma.c.obj
LOAD CMakeFiles/dgm_driver.elf.dir/Drivers/STM32F4xx_HAL_Driver/Src/stm32f4xx_hal_dma_ex.c.obj
LOAD CMakeFiles/dgm_driver.elf.dir/Drivers/STM32F4xx_HAL_Driver/Src/stm32f4xx_hal_exti.c.obj
LOAD CMakeFiles/dgm_driver.elf.dir/Drivers/STM32F4xx_HAL_Driver/Src/stm32f4xx_hal_flash.c.obj
LOAD CMakeFiles/dgm_driver.elf.dir/Drivers/STM32F4xx_HAL_Driver/Src/stm32f4xx_hal_flash_ex.c.obj
LOAD CMakeFiles/dgm_driver.elf.dir/Drivers/STM32F4xx_HAL_Driver/Src/stm32f4xx_hal_flash_ramfunc.c.obj
LOAD CMakeFiles/dgm_driver.elf.dir/Drivers/STM32F4xx_HAL_Driver/Src/stm32f4xx_hal_gpio.c.obj
LOAD CMakeFiles/dgm_driver.elf.dir/Drivers/STM32F4xx_HAL_Driver/Src/stm32f4xx_hal_pwr.c.obj
LOAD CMakeFiles/dgm_driver.elf.dir/Drivers/STM32F4xx_HAL_Driver/Src/stm32f4xx_hal_pwr_ex.c.obj
LOAD CMakeFiles/dgm_driver.elf.dir/Drivers/STM32F4xx_HAL_Driver/Src/stm32f4xx_hal_rcc.c.obj
LOAD CMakeFiles/dgm_driver.elf.dir/Drivers/STM32F4xx_HAL_Driver/Src/stm32f4xx_hal_rcc_ex.c.obj
LOAD CMakeFiles/dgm_driver.elf.dir/Drivers/STM32F4xx_HAL_Driver/Src/stm32f4xx_hal_tim.c.obj
LOAD CMakeFiles/dgm_driver.elf.dir/Drivers/STM32F4xx_HAL_Driver/Src/stm32f4xx_hal_tim_ex.c.obj
LOAD CMakeFiles/dgm_driver.elf.dir/Drivers/STM32F4xx_HAL_Driver/Src/stm32f4xx_hal_uart.c.obj
LOAD CMakeFiles/dgm_driver.elf.dir/Middlewares/Third_Party/FreeRTOS/Source/CMSIS_RTOS_V2/cmsis_os2.c.obj
LOAD CMakeFiles/dgm_driver.elf.dir/Middlewares/Third_Party/FreeRTOS/Source/croutine.c.obj
LOAD CMakeFiles/dgm_driver.elf.dir/Middlewares/Third_Party/FreeRTOS/Source/event_groups.c.obj
LOAD CMakeFiles/dgm_driver.elf.dir/Middlewares/Third_Party/FreeRTOS/Source/list.c.obj
LOAD CMakeFiles/dgm_driver.elf.dir/Middlewares/Third_Party/FreeRTOS/Source/portable/GCC/ARM_CM4F/port.c.obj
LOAD CMakeFiles/dgm_driver.elf.dir/Middlewares/Third_Party/FreeRTOS/Source/portable/MemMang/heap_4.c.obj
LOAD CMakeFiles/dgm_driver.elf.dir/Middlewares/Third_Party/FreeRTOS/Source/queue.c.obj
LOAD CMakeFiles/dgm_driver.elf.dir/Middlewares/Third_Party/FreeRTOS/Source/stream_buffer.c.obj
LOAD CMakeFiles/dgm_driver.elf.dir/Middlewares/Third_Party/FreeRTOS/Source/tasks.c.obj
LOAD CMakeFiles/dgm_driver.elf.dir/Middlewares/Third_Party/FreeRTOS/Source/timers.c.obj
LOAD CMakeFiles/dgm_driver.elf.dir/User/IRQ.c.obj
LOAD CMakeFiles/dgm_driver.elf.dir/User/Init.c.obj
LOAD CMakeFiles/dgm_driver.elf.dir/User/dgm_driver.c.obj
LOAD CMakeFiles/dgm_driver.elf.dir/User/retarget.c.obj
START GROUP
LOAD c:/progra~2/gnuarm~1/102021~1.10/bin/../lib/gcc/arm-none-eabi/10.3.1/thumb/v7e-m+fp/hard\libgcc.a
LOAD c:/progra~2/gnuarm~1/102021~1.10/bin/../lib/gcc/arm-none-eabi/10.3.1/../../../../arm-none-eabi/lib/thumb/v7e-m+fp/hard\libg.a
LOAD c:/progra~2/gnuarm~1/102021~1.10/bin/../lib/gcc/arm-none-eabi/10.3.1/../../../../arm-none-eabi/lib/thumb/v7e-m+fp/hard\libc.a
END GROUP
LOAD c:/progra~2/gnuarm~1/102021~1.10/bin/../lib/gcc/arm-none-eabi/10.3.1/thumb/v7e-m+fp/hard/crtend.o
LOAD c:/progra~2/gnuarm~1/102021~1.10/bin/../lib/gcc/arm-none-eabi/10.3.1/thumb/v7e-m+fp/hard/crtn.o
                0x20020000                _estack = (ORIGIN (RAM) + LENGTH (RAM))
                0x00000200                _Min_Heap_Size = 0x200
                0x00000400                _Min_Stack_Size = 0x400

.isr_vector     0x08000000      0x188
                0x08000000                . = ALIGN (0x4)
 *(.isr_vector)
 .isr_vector    0x08000000      0x188 CMakeFiles/dgm_driver.elf.dir/Core/Startup/startup_stm32f405rgtx.s.obj
                0x08000000                g_pfnVectors
                0x08000188                . = ALIGN (0x4)

.text           0x080001c0     0xdbe4
                0x080001c0                . = ALIGN (0x4)
 *(.text)
 .text          0x080001c0      0x378 c:/progra~2/gnuarm~1/102021~1.10/bin/../lib/gcc/arm-none-eabi/10.3.1/thumb/v7e-m+fp/hard\libgcc.a(_arm_addsubdf3.o)
                0x080001c0                __aeabi_drsub
                0x080001c8                __aeabi_dsub
                0x080001c8                __subdf3
                0x080001cc                __aeabi_dadd
                0x080001cc                __adddf3
                0x08000444                __floatunsidf
                0x08000444                __aeabi_ui2d
                0x08000464                __floatsidf
                0x08000464                __aeabi_i2d
                0x08000488                __aeabi_f2d
                0x08000488                __extendsfdf2
                0x080004cc                __floatundidf
                0x080004cc                __aeabi_ul2d
                0x080004dc                __floatdidf
                0x080004dc                __aeabi_l2d
 .text          0x08000538      0x424 c:/progra~2/gnuarm~1/102021~1.10/bin/../lib/gcc/arm-none-eabi/10.3.1/thumb/v7e-m+fp/hard\libgcc.a(_arm_muldivdf3.o)
                0x08000538                __aeabi_dmul
                0x08000538                __muldf3
                0x0800078c                __divdf3
                0x0800078c                __aeabi_ddiv
 .text          0x0800095c       0xa0 c:/progra~2/gnuarm~1/102021~1.10/bin/../lib/gcc/arm-none-eabi/10.3.1/thumb/v7e-m+fp/hard\libgcc.a(_arm_truncdfsf2.o)
                0x0800095c                __truncdfsf2
                0x0800095c                __aeabi_d2f
 .text          0x080009fc       0x30 c:/progra~2/gnuarm~1/102021~1.10/bin/../lib/gcc/arm-none-eabi/10.3.1/thumb/v7e-m+fp/hard\libgcc.a(_aeabi_uldivmod.o)
                0x080009fc                __aeabi_uldivmod
 .text          0x08000a2c      0x2d0 c:/progra~2/gnuarm~1/102021~1.10/bin/../lib/gcc/arm-none-eabi/10.3.1/thumb/v7e-m+fp/hard\libgcc.a(_udivmoddi4.o)
                0x08000a2c                __udivmoddi4
 .text          0x08000cfc        0x4 c:/progra~2/gnuarm~1/102021~1.10/bin/../lib/gcc/arm-none-eabi/10.3.1/thumb/v7e-m+fp/hard\libgcc.a(_dvmd_tls.o)
                0x08000cfc                __aeabi_idiv0
                0x08000cfc                __aeabi_ldiv0
 .text          0x08000d00      0x134 c:/progra~2/gnuarm~1/102021~1.10/bin/../lib/gcc/arm-none-eabi/10.3.1/../../../../arm-none-eabi/lib/thumb/v7e-m+fp/hard\libg.a(lib_a-memcpy.o)
                0x08000d00                memcpy
 *fill*         0x08000e34        0xc 
 .text          0x08000e40       0xdc c:/progra~2/gnuarm~1/102021~1.10/bin/../lib/gcc/arm-none-eabi/10.3.1/../../../../arm-none-eabi/lib/thumb/v7e-m+fp/hard\libg.a(lib_a-strlen.o)
                0x08000e40                strlen
 *fill*         0x08000f1c        0x4 
 .text          0x08000f20       0xa0 c:/progra~2/gnuarm~1/102021~1.10/bin/../lib/gcc/arm-none-eabi/10.3.1/../../../../arm-none-eabi/lib/thumb/v7e-m+fp/hard\libg.a(lib_a-memchr.o)
                0x08000f20                memchr
 .text          0x08000fc0      0x110 c:/progra~2/gnuarm~1/102021~1.10/bin/../lib/gcc/arm-none-eabi/10.3.1/thumb/v7e-m+fp/hard\libgcc.a(_arm_cmpdf2.o)
                0x08000fc0                __gtdf2
                0x08000fc0                __gedf2
                0x08000fc8                __ltdf2
                0x08000fc8                __ledf2
                0x08000fd0                __nedf2
                0x08000fd0                __eqdf2
                0x08000fd0                __cmpdf2
                0x0800104c                __aeabi_cdrcmple
                0x0800105c                __aeabi_cdcmpeq
                0x0800105c                __aeabi_cdcmple
                0x0800106c                __aeabi_dcmpeq
                0x08001080                __aeabi_dcmplt
                0x08001094                __aeabi_dcmple
                0x080010a8                __aeabi_dcmpge
                0x080010bc                __aeabi_dcmpgt
 .text          0x080010d0       0x2c c:/progra~2/gnuarm~1/102021~1.10/bin/../lib/gcc/arm-none-eabi/10.3.1/thumb/v7e-m+fp/hard\libgcc.a(_arm_unorddf2.o)
                0x080010d0                __unorddf2
                0x080010d0                __aeabi_dcmpun
 .text          0x080010fc       0x50 c:/progra~2/gnuarm~1/102021~1.10/bin/../lib/gcc/arm-none-eabi/10.3.1/thumb/v7e-m+fp/hard\libgcc.a(_arm_fixdfsi.o)
                0x080010fc                __aeabi_d2iz
                0x080010fc                __fixdfsi
 .text          0x0800114c       0x40 c:/progra~2/gnuarm~1/102021~1.10/bin/../lib/gcc/arm-none-eabi/10.3.1/thumb/v7e-m+fp/hard\libgcc.a(_arm_fixunsdfsi.o)
                0x0800114c                __aeabi_d2uiz
                0x0800114c                __fixunsdfsi
 .text          0x0800118c       0x30 c:/progra~2/gnuarm~1/102021~1.10/bin/../lib/gcc/arm-none-eabi/10.3.1/thumb/v7e-m+fp/hard\libgcc.a(_fixdfdi.o)
                0x0800118c                __fixdfdi
                0x0800118c                __aeabi_d2lz
 .text          0x080011bc       0x3c c:/progra~2/gnuarm~1/102021~1.10/bin/../lib/gcc/arm-none-eabi/10.3.1/thumb/v7e-m+fp/hard\libgcc.a(_fixunsdfdi.o)
                0x080011bc                __fixunsdfdi
                0x080011bc                __aeabi_d2ulz
 *(.text*)
 .text.can_tx_task
                0x080011f8       0x90 CMakeFiles/dgm_driver.elf.dir/Application/can_task.c.obj
                0x080011f8                can_tx_task
 .text.usart_tx_task
                0x08001288        0xa CMakeFiles/dgm_driver.elf.dir/Application/usart_task.c.obj
                0x08001288                usart_tx_task
 .text.CAN_Init
                0x08001292       0x2e CMakeFiles/dgm_driver.elf.dir/BSP/my_can.c.obj
                0x08001292                CAN_Init
 .text.CAN_Transmit_DATA
                0x080012c0       0x20 CMakeFiles/dgm_driver.elf.dir/BSP/my_can.c.obj
                0x080012c0                CAN_Transmit_DATA
 .text.CAN_Filter_Mask_Config_32bit
                0x080012e0       0x60 CMakeFiles/dgm_driver.elf.dir/BSP/my_can.c.obj
                0x080012e0                CAN_Filter_Mask_Config_32bit
 .text.PID_Init
                0x08001340       0x5c CMakeFiles/dgm_driver.elf.dir/Controller/PID.c.obj
                0x08001340                PID_Init
 .text.Get_Data
                0x0800139c       0x88 CMakeFiles/dgm_driver.elf.dir/Controller/PID_Adjust.c.obj
                0x0800139c                Get_Data
 .text.USART_PID_Adjust
                0x08001424       0xd8 CMakeFiles/dgm_driver.elf.dir/Controller/PID_Adjust.c.obj
                0x08001424                USART_PID_Adjust
 .text.MX_CAN1_Init
                0x080014fc       0x40 CMakeFiles/dgm_driver.elf.dir/Core/Src/can.c.obj
                0x080014fc                MX_CAN1_Init
 .text.HAL_CAN_MspInit
                0x0800153c       0xb0 CMakeFiles/dgm_driver.elf.dir/Core/Src/can.c.obj
                0x0800153c                HAL_CAN_MspInit
 .text.MX_DMA_Init
                0x080015ec       0x44 CMakeFiles/dgm_driver.elf.dir/Core/Src/dma.c.obj
                0x080015ec                MX_DMA_Init
 .text.StartDefaultTask
                0x08001630        0xa CMakeFiles/dgm_driver.elf.dir/Core/Src/freertos.c.obj
                0x08001630                StartDefaultTask
 *fill*         0x0800163a        0x2 
 .text.MX_FREERTOS_Init
                0x0800163c       0x60 CMakeFiles/dgm_driver.elf.dir/Core/Src/freertos.c.obj
                0x0800163c                MX_FREERTOS_Init
 .text.MX_GPIO_Init
                0x0800169c       0x38 CMakeFiles/dgm_driver.elf.dir/Core/Src/gpio.c.obj
                0x0800169c                MX_GPIO_Init
 .text.HAL_TIM_PeriodElapsedCallback
                0x080016d4       0x18 CMakeFiles/dgm_driver.elf.dir/Core/Src/main.c.obj
                0x080016d4                HAL_TIM_PeriodElapsedCallback
 .text.Error_Handler
                0x080016ec        0x4 CMakeFiles/dgm_driver.elf.dir/Core/Src/main.c.obj
                0x080016ec                Error_Handler
 .text.SystemClock_Config
                0x080016f0       0xa4 CMakeFiles/dgm_driver.elf.dir/Core/Src/main.c.obj
                0x080016f0                SystemClock_Config
 .text.main     0x08001794       0x40 CMakeFiles/dgm_driver.elf.dir/Core/Src/main.c.obj
                0x08001794                main
 .text.HAL_MspInit
                0x080017d4       0x44 CMakeFiles/dgm_driver.elf.dir/Core/Src/stm32f4xx_hal_msp.c.obj
                0x080017d4                HAL_MspInit
 .text.HAL_InitTick
                0x08001818       0xa4 CMakeFiles/dgm_driver.elf.dir/Core/Src/stm32f4xx_hal_timebase_tim.c.obj
                0x08001818                HAL_InitTick
 .text.NMI_Handler
                0x080018bc        0x2 CMakeFiles/dgm_driver.elf.dir/Core/Src/stm32f4xx_it.c.obj
                0x080018bc                NMI_Handler
 .text.HardFault_Handler
                0x080018be        0x2 CMakeFiles/dgm_driver.elf.dir/Core/Src/stm32f4xx_it.c.obj
                0x080018be                HardFault_Handler
 .text.MemManage_Handler
                0x080018c0        0x2 CMakeFiles/dgm_driver.elf.dir/Core/Src/stm32f4xx_it.c.obj
                0x080018c0                MemManage_Handler
 .text.BusFault_Handler
                0x080018c2        0x2 CMakeFiles/dgm_driver.elf.dir/Core/Src/stm32f4xx_it.c.obj
                0x080018c2                BusFault_Handler
 .text.UsageFault_Handler
                0x080018c4        0x2 CMakeFiles/dgm_driver.elf.dir/Core/Src/stm32f4xx_it.c.obj
                0x080018c4                UsageFault_Handler
 .text.DebugMon_Handler
                0x080018c6        0x2 CMakeFiles/dgm_driver.elf.dir/Core/Src/stm32f4xx_it.c.obj
                0x080018c6                DebugMon_Handler
 .text.DMA1_Stream2_IRQHandler
                0x080018c8       0x10 CMakeFiles/dgm_driver.elf.dir/Core/Src/stm32f4xx_it.c.obj
                0x080018c8                DMA1_Stream2_IRQHandler
 .text.DMA1_Stream4_IRQHandler
                0x080018d8       0x10 CMakeFiles/dgm_driver.elf.dir/Core/Src/stm32f4xx_it.c.obj
                0x080018d8                DMA1_Stream4_IRQHandler
 .text.CAN1_TX_IRQHandler
                0x080018e8       0x10 CMakeFiles/dgm_driver.elf.dir/Core/Src/stm32f4xx_it.c.obj
                0x080018e8                CAN1_TX_IRQHandler
 .text.CAN1_RX0_IRQHandler
                0x080018f8       0x10 CMakeFiles/dgm_driver.elf.dir/Core/Src/stm32f4xx_it.c.obj
                0x080018f8                CAN1_RX0_IRQHandler
 .text.CAN1_RX1_IRQHandler
                0x08001908       0x10 CMakeFiles/dgm_driver.elf.dir/Core/Src/stm32f4xx_it.c.obj
                0x08001908                CAN1_RX1_IRQHandler
 .text.CAN1_SCE_IRQHandler
                0x08001918       0x10 CMakeFiles/dgm_driver.elf.dir/Core/Src/stm32f4xx_it.c.obj
                0x08001918                CAN1_SCE_IRQHandler
 .text.TIM4_IRQHandler
                0x08001928       0x10 CMakeFiles/dgm_driver.elf.dir/Core/Src/stm32f4xx_it.c.obj
                0x08001928                TIM4_IRQHandler
 .text.UART4_IRQHandler
                0x08001938       0x10 CMakeFiles/dgm_driver.elf.dir/Core/Src/stm32f4xx_it.c.obj
                0x08001938                UART4_IRQHandler
 .text._getpid  0x08001948        0x4 CMakeFiles/dgm_driver.elf.dir/Core/Src/syscalls.c.obj
                0x08001948                _getpid
 .text._kill    0x0800194c       0x10 CMakeFiles/dgm_driver.elf.dir/Core/Src/syscalls.c.obj
                0x0800194c                _kill
 .text._exit    0x0800195c        0xc CMakeFiles/dgm_driver.elf.dir/Core/Src/syscalls.c.obj
                0x0800195c                _exit
 .text._sbrk    0x08001968       0x48 CMakeFiles/dgm_driver.elf.dir/Core/Src/sysmem.c.obj
                0x08001968                _sbrk
 .text.SystemInit
                0x080019b0       0x14 CMakeFiles/dgm_driver.elf.dir/Core/Src/system_stm32f4xx.c.obj
                0x080019b0                SystemInit
 .text.MX_UART4_Init
                0x080019c4       0x34 CMakeFiles/dgm_driver.elf.dir/Core/Src/usart.c.obj
                0x080019c4                MX_UART4_Init
 .text.HAL_UART_MspInit
                0x080019f8       0xfc CMakeFiles/dgm_driver.elf.dir/Core/Src/usart.c.obj
                0x080019f8                HAL_UART_MspInit
 .text.Reset_Handler
                0x08001af4       0x50 CMakeFiles/dgm_driver.elf.dir/Core/Startup/startup_stm32f405rgtx.s.obj
                0x08001af4                Reset_Handler
 .text.Default_Handler
                0x08001b44        0x2 CMakeFiles/dgm_driver.elf.dir/Core/Startup/startup_stm32f405rgtx.s.obj
                0x08001b44                RTC_Alarm_IRQHandler
                0x08001b44                HASH_RNG_IRQHandler
                0x08001b44                EXTI2_IRQHandler
                0x08001b44                TIM8_CC_IRQHandler
                0x08001b44                TIM1_CC_IRQHandler
                0x08001b44                DMA2_Stream5_IRQHandler
                0x08001b44                DMA1_Stream5_IRQHandler
                0x08001b44                PVD_IRQHandler
                0x08001b44                SDIO_IRQHandler
                0x08001b44                TAMP_STAMP_IRQHandler
                0x08001b44                CAN2_RX1_IRQHandler
                0x08001b44                EXTI3_IRQHandler
                0x08001b44                TIM8_TRG_COM_TIM14_IRQHandler
                0x08001b44                TIM1_UP_TIM10_IRQHandler
                0x08001b44                TIM8_UP_TIM13_IRQHandler
                0x08001b44                I2C3_ER_IRQHandler
                0x08001b44                EXTI0_IRQHandler
                0x08001b44                I2C2_EV_IRQHandler
                0x08001b44                FPU_IRQHandler
                0x08001b44                OTG_HS_WKUP_IRQHandler
                0x08001b44                CAN2_SCE_IRQHandler
                0x08001b44                DMA2_Stream2_IRQHandler
                0x08001b44                SPI1_IRQHandler
                0x08001b44                TIM6_DAC_IRQHandler
                0x08001b44                TIM1_BRK_TIM9_IRQHandler
                0x08001b44                CAN2_RX0_IRQHandler
                0x08001b44                DMA2_Stream3_IRQHandler
                0x08001b44                USART6_IRQHandler
                0x08001b44                USART3_IRQHandler
                0x08001b44                UART5_IRQHandler
                0x08001b44                DMA2_Stream0_IRQHandler
                0x08001b44                I2C1_EV_IRQHandler
                0x08001b44                DMA1_Stream6_IRQHandler
                0x08001b44                DMA1_Stream1_IRQHandler
                0x08001b44                TIM3_IRQHandler
                0x08001b44                RCC_IRQHandler
                0x08001b44                TIM8_BRK_TIM12_IRQHandler
                0x08001b44                Default_Handler
                0x08001b44                EXTI15_10_IRQHandler
                0x08001b44                ADC_IRQHandler
                0x08001b44                DMA1_Stream7_IRQHandler
                0x08001b44                TIM7_IRQHandler
                0x08001b44                CAN2_TX_IRQHandler
                0x08001b44                TIM5_IRQHandler
                0x08001b44                DMA2_Stream7_IRQHandler
                0x08001b44                I2C3_EV_IRQHandler
                0x08001b44                EXTI9_5_IRQHandler
                0x08001b44                RTC_WKUP_IRQHandler
                0x08001b44                SPI2_IRQHandler
                0x08001b44                OTG_HS_EP1_IN_IRQHandler
                0x08001b44                DMA1_Stream0_IRQHandler
                0x08001b44                EXTI4_IRQHandler
                0x08001b44                FSMC_IRQHandler
                0x08001b44                OTG_HS_EP1_OUT_IRQHandler
                0x08001b44                WWDG_IRQHandler
                0x08001b44                TIM2_IRQHandler
                0x08001b44                OTG_FS_WKUP_IRQHandler
                0x08001b44                TIM1_TRG_COM_TIM11_IRQHandler
                0x08001b44                OTG_HS_IRQHandler
                0x08001b44                EXTI1_IRQHandler
                0x08001b44                USART2_IRQHandler
                0x08001b44                I2C2_ER_IRQHandler
                0x08001b44                DMA2_Stream1_IRQHandler
                0x08001b44                FLASH_IRQHandler
                0x08001b44                DMA2_Stream4_IRQHandler
                0x08001b44                USART1_IRQHandler
                0x08001b44                OTG_FS_IRQHandler
                0x08001b44                SPI3_IRQHandler
                0x08001b44                I2C1_ER_IRQHandler
                0x08001b44                DMA2_Stream6_IRQHandler
                0x08001b44                DMA1_Stream3_IRQHandler
 *fill*         0x08001b46        0x2 
 .text.HAL_Init
                0x08001b48       0x34 CMakeFiles/dgm_driver.elf.dir/Drivers/STM32F4xx_HAL_Driver/Src/stm32f4xx_hal.c.obj
                0x08001b48                HAL_Init
 .text.HAL_IncTick
                0x08001b7c       0x18 CMakeFiles/dgm_driver.elf.dir/Drivers/STM32F4xx_HAL_Driver/Src/stm32f4xx_hal.c.obj
                0x08001b7c                HAL_IncTick
 .text.HAL_GetTick
                0x08001b94        0xc CMakeFiles/dgm_driver.elf.dir/Drivers/STM32F4xx_HAL_Driver/Src/stm32f4xx_hal.c.obj
                0x08001b94                HAL_GetTick
 .text.HAL_Delay
                0x08001ba0       0x28 CMakeFiles/dgm_driver.elf.dir/Drivers/STM32F4xx_HAL_Driver/Src/stm32f4xx_hal.c.obj
                0x08001ba0                HAL_Delay
 .text.HAL_CAN_Init
                0x08001bc8      0x14c CMakeFiles/dgm_driver.elf.dir/Drivers/STM32F4xx_HAL_Driver/Src/stm32f4xx_hal_can.c.obj
                0x08001bc8                HAL_CAN_Init
 .text.HAL_CAN_ConfigFilter
                0x08001d14      0x138 CMakeFiles/dgm_driver.elf.dir/Drivers/STM32F4xx_HAL_Driver/Src/stm32f4xx_hal_can.c.obj
                0x08001d14                HAL_CAN_ConfigFilter
 .text.HAL_CAN_Start
                0x08001e4c       0x5c CMakeFiles/dgm_driver.elf.dir/Drivers/STM32F4xx_HAL_Driver/Src/stm32f4xx_hal_can.c.obj
                0x08001e4c                HAL_CAN_Start
 .text.HAL_CAN_AddTxMessage
                0x08001ea8       0xea CMakeFiles/dgm_driver.elf.dir/Drivers/STM32F4xx_HAL_Driver/Src/stm32f4xx_hal_can.c.obj
                0x08001ea8                HAL_CAN_AddTxMessage
 .text.HAL_CAN_GetRxMessage
                0x08001f92      0x16a CMakeFiles/dgm_driver.elf.dir/Drivers/STM32F4xx_HAL_Driver/Src/stm32f4xx_hal_can.c.obj
                0x08001f92                HAL_CAN_GetRxMessage
 .text.HAL_CAN_ActivateNotification
                0x080020fc       0x24 CMakeFiles/dgm_driver.elf.dir/Drivers/STM32F4xx_HAL_Driver/Src/stm32f4xx_hal_can.c.obj
                0x080020fc                HAL_CAN_ActivateNotification
 .text.HAL_CAN_TxMailbox0CompleteCallback
                0x08002120        0x2 CMakeFiles/dgm_driver.elf.dir/Drivers/STM32F4xx_HAL_Driver/Src/stm32f4xx_hal_can.c.obj
                0x08002120                HAL_CAN_TxMailbox0CompleteCallback
 .text.HAL_CAN_TxMailbox1CompleteCallback
                0x08002122        0x2 CMakeFiles/dgm_driver.elf.dir/Drivers/STM32F4xx_HAL_Driver/Src/stm32f4xx_hal_can.c.obj
                0x08002122                HAL_CAN_TxMailbox1CompleteCallback
 .text.HAL_CAN_TxMailbox2CompleteCallback
                0x08002124        0x2 CMakeFiles/dgm_driver.elf.dir/Drivers/STM32F4xx_HAL_Driver/Src/stm32f4xx_hal_can.c.obj
                0x08002124                HAL_CAN_TxMailbox2CompleteCallback
 .text.HAL_CAN_TxMailbox0AbortCallback
                0x08002126        0x2 CMakeFiles/dgm_driver.elf.dir/Drivers/STM32F4xx_HAL_Driver/Src/stm32f4xx_hal_can.c.obj
                0x08002126                HAL_CAN_TxMailbox0AbortCallback
 .text.HAL_CAN_TxMailbox1AbortCallback
                0x08002128        0x2 CMakeFiles/dgm_driver.elf.dir/Drivers/STM32F4xx_HAL_Driver/Src/stm32f4xx_hal_can.c.obj
                0x08002128                HAL_CAN_TxMailbox1AbortCallback
 .text.HAL_CAN_TxMailbox2AbortCallback
                0x0800212a        0x2 CMakeFiles/dgm_driver.elf.dir/Drivers/STM32F4xx_HAL_Driver/Src/stm32f4xx_hal_can.c.obj
                0x0800212a                HAL_CAN_TxMailbox2AbortCallback
 .text.HAL_CAN_RxFifo0FullCallback
                0x0800212c        0x2 CMakeFiles/dgm_driver.elf.dir/Drivers/STM32F4xx_HAL_Driver/Src/stm32f4xx_hal_can.c.obj
                0x0800212c                HAL_CAN_RxFifo0FullCallback
 .text.HAL_CAN_RxFifo1MsgPendingCallback
                0x0800212e        0x2 CMakeFiles/dgm_driver.elf.dir/Drivers/STM32F4xx_HAL_Driver/Src/stm32f4xx_hal_can.c.obj
                0x0800212e                HAL_CAN_RxFifo1MsgPendingCallback
 .text.HAL_CAN_RxFifo1FullCallback
                0x08002130        0x2 CMakeFiles/dgm_driver.elf.dir/Drivers/STM32F4xx_HAL_Driver/Src/stm32f4xx_hal_can.c.obj
                0x08002130                HAL_CAN_RxFifo1FullCallback
 .text.HAL_CAN_SleepCallback
                0x08002132        0x2 CMakeFiles/dgm_driver.elf.dir/Drivers/STM32F4xx_HAL_Driver/Src/stm32f4xx_hal_can.c.obj
                0x08002132                HAL_CAN_SleepCallback
 .text.HAL_CAN_WakeUpFromRxMsgCallback
                0x08002134        0x2 CMakeFiles/dgm_driver.elf.dir/Drivers/STM32F4xx_HAL_Driver/Src/stm32f4xx_hal_can.c.obj
                0x08002134                HAL_CAN_WakeUpFromRxMsgCallback
 .text.HAL_CAN_ErrorCallback
                0x08002136        0x2 CMakeFiles/dgm_driver.elf.dir/Drivers/STM32F4xx_HAL_Driver/Src/stm32f4xx_hal_can.c.obj
                0x08002136                HAL_CAN_ErrorCallback
 .text.HAL_CAN_IRQHandler
                0x08002138      0x24a CMakeFiles/dgm_driver.elf.dir/Drivers/STM32F4xx_HAL_Driver/Src/stm32f4xx_hal_can.c.obj
                0x08002138                HAL_CAN_IRQHandler
 *fill*         0x08002382        0x2 
 .text.HAL_NVIC_SetPriorityGrouping
                0x08002384       0x24 CMakeFiles/dgm_driver.elf.dir/Drivers/STM32F4xx_HAL_Driver/Src/stm32f4xx_hal_cortex.c.obj
                0x08002384                HAL_NVIC_SetPriorityGrouping
 .text.HAL_NVIC_SetPriority
                0x080023a8       0x70 CMakeFiles/dgm_driver.elf.dir/Drivers/STM32F4xx_HAL_Driver/Src/stm32f4xx_hal_cortex.c.obj
                0x080023a8                HAL_NVIC_SetPriority
 .text.HAL_NVIC_EnableIRQ
                0x08002418       0x1c CMakeFiles/dgm_driver.elf.dir/Drivers/STM32F4xx_HAL_Driver/Src/stm32f4xx_hal_cortex.c.obj
                0x08002418                HAL_NVIC_EnableIRQ
 .text.DMA_CalcBaseAndBitshift
                0x08002434       0x44 CMakeFiles/dgm_driver.elf.dir/Drivers/STM32F4xx_HAL_Driver/Src/stm32f4xx_hal_dma.c.obj
 .text.DMA_CheckFifoParam
                0x08002478       0x8e CMakeFiles/dgm_driver.elf.dir/Drivers/STM32F4xx_HAL_Driver/Src/stm32f4xx_hal_dma.c.obj
 *fill*         0x08002506        0x2 
 .text.HAL_DMA_Init
                0x08002508       0xcc CMakeFiles/dgm_driver.elf.dir/Drivers/STM32F4xx_HAL_Driver/Src/stm32f4xx_hal_dma.c.obj
                0x08002508                HAL_DMA_Init
 .text.HAL_DMA_Abort
                0x080025d4       0x94 CMakeFiles/dgm_driver.elf.dir/Drivers/STM32F4xx_HAL_Driver/Src/stm32f4xx_hal_dma.c.obj
                0x080025d4                HAL_DMA_Abort
 .text.HAL_DMA_Abort_IT
                0x08002668       0x26 CMakeFiles/dgm_driver.elf.dir/Drivers/STM32F4xx_HAL_Driver/Src/stm32f4xx_hal_dma.c.obj
                0x08002668                HAL_DMA_Abort_IT
 *fill*         0x0800268e        0x2 
 .text.HAL_DMA_IRQHandler
                0x08002690      0x1dc CMakeFiles/dgm_driver.elf.dir/Drivers/STM32F4xx_HAL_Driver/Src/stm32f4xx_hal_dma.c.obj
                0x08002690                HAL_DMA_IRQHandler
 .text.HAL_GPIO_Init
                0x0800286c      0x1e4 CMakeFiles/dgm_driver.elf.dir/Drivers/STM32F4xx_HAL_Driver/Src/stm32f4xx_hal_gpio.c.obj
                0x0800286c                HAL_GPIO_Init
 .text.HAL_RCC_OscConfig
                0x08002a50      0x3f8 CMakeFiles/dgm_driver.elf.dir/Drivers/STM32F4xx_HAL_Driver/Src/stm32f4xx_hal_rcc.c.obj
                0x08002a50                HAL_RCC_OscConfig
 .text.HAL_RCC_GetSysClockFreq
                0x08002e48       0xa4 CMakeFiles/dgm_driver.elf.dir/Drivers/STM32F4xx_HAL_Driver/Src/stm32f4xx_hal_rcc.c.obj
                0x08002e48                HAL_RCC_GetSysClockFreq
 .text.HAL_RCC_ClockConfig
                0x08002eec      0x160 CMakeFiles/dgm_driver.elf.dir/Drivers/STM32F4xx_HAL_Driver/Src/stm32f4xx_hal_rcc.c.obj
                0x08002eec                HAL_RCC_ClockConfig
 .text.HAL_RCC_GetHCLKFreq
                0x0800304c        0xc CMakeFiles/dgm_driver.elf.dir/Drivers/STM32F4xx_HAL_Driver/Src/stm32f4xx_hal_rcc.c.obj
                0x0800304c                HAL_RCC_GetHCLKFreq
 .text.HAL_RCC_GetPCLK1Freq
                0x08003058       0x20 CMakeFiles/dgm_driver.elf.dir/Drivers/STM32F4xx_HAL_Driver/Src/stm32f4xx_hal_rcc.c.obj
                0x08003058                HAL_RCC_GetPCLK1Freq
 .text.HAL_RCC_GetPCLK2Freq
                0x08003078       0x20 CMakeFiles/dgm_driver.elf.dir/Drivers/STM32F4xx_HAL_Driver/Src/stm32f4xx_hal_rcc.c.obj
                0x08003078                HAL_RCC_GetPCLK2Freq
 .text.HAL_RCC_GetClockConfig
                0x08003098       0x3c CMakeFiles/dgm_driver.elf.dir/Drivers/STM32F4xx_HAL_Driver/Src/stm32f4xx_hal_rcc.c.obj
                0x08003098                HAL_RCC_GetClockConfig
 .text.HAL_TIM_Base_MspInit
                0x080030d4        0x2 CMakeFiles/dgm_driver.elf.dir/Drivers/STM32F4xx_HAL_Driver/Src/stm32f4xx_hal_tim.c.obj
                0x080030d4                HAL_TIM_Base_MspInit
 *fill*         0x080030d6        0x2 
 .text.HAL_TIM_Base_Start_IT
                0x080030d8       0x88 CMakeFiles/dgm_driver.elf.dir/Drivers/STM32F4xx_HAL_Driver/Src/stm32f4xx_hal_tim.c.obj
                0x080030d8                HAL_TIM_Base_Start_IT
 .text.HAL_TIM_OC_DelayElapsedCallback
                0x08003160        0x2 CMakeFiles/dgm_driver.elf.dir/Drivers/STM32F4xx_HAL_Driver/Src/stm32f4xx_hal_tim.c.obj
                0x08003160                HAL_TIM_OC_DelayElapsedCallback
 .text.HAL_TIM_IC_CaptureCallback
                0x08003162        0x2 CMakeFiles/dgm_driver.elf.dir/Drivers/STM32F4xx_HAL_Driver/Src/stm32f4xx_hal_tim.c.obj
                0x08003162                HAL_TIM_IC_CaptureCallback
 .text.HAL_TIM_PWM_PulseFinishedCallback
                0x08003164        0x2 CMakeFiles/dgm_driver.elf.dir/Drivers/STM32F4xx_HAL_Driver/Src/stm32f4xx_hal_tim.c.obj
                0x08003164                HAL_TIM_PWM_PulseFinishedCallback
 .text.HAL_TIM_TriggerCallback
                0x08003166        0x2 CMakeFiles/dgm_driver.elf.dir/Drivers/STM32F4xx_HAL_Driver/Src/stm32f4xx_hal_tim.c.obj
                0x08003166                HAL_TIM_TriggerCallback
 .text.HAL_TIM_IRQHandler
                0x08003168      0x15e CMakeFiles/dgm_driver.elf.dir/Drivers/STM32F4xx_HAL_Driver/Src/stm32f4xx_hal_tim.c.obj
                0x08003168                HAL_TIM_IRQHandler
 *fill*         0x080032c6        0x2 
 .text.TIM_Base_SetConfig
                0x080032c8       0xd8 CMakeFiles/dgm_driver.elf.dir/Drivers/STM32F4xx_HAL_Driver/Src/stm32f4xx_hal_tim.c.obj
                0x080032c8                TIM_Base_SetConfig
 .text.HAL_TIM_Base_Init
                0x080033a0       0x58 CMakeFiles/dgm_driver.elf.dir/Drivers/STM32F4xx_HAL_Driver/Src/stm32f4xx_hal_tim.c.obj
                0x080033a0                HAL_TIM_Base_Init
 .text.HAL_TIMEx_CommutCallback
                0x080033f8        0x2 CMakeFiles/dgm_driver.elf.dir/Drivers/STM32F4xx_HAL_Driver/Src/stm32f4xx_hal_tim_ex.c.obj
                0x080033f8                HAL_TIMEx_CommutCallback
 .text.HAL_TIMEx_BreakCallback
                0x080033fa        0x2 CMakeFiles/dgm_driver.elf.dir/Drivers/STM32F4xx_HAL_Driver/Src/stm32f4xx_hal_tim_ex.c.obj
                0x080033fa                HAL_TIMEx_BreakCallback
 .text.UART_EndRxTransfer
                0x080033fc       0x5c CMakeFiles/dgm_driver.elf.dir/Drivers/STM32F4xx_HAL_Driver/Src/stm32f4xx_hal_uart.c.obj
 .text.UART_Transmit_IT
                0x08003458       0x60 CMakeFiles/dgm_driver.elf.dir/Drivers/STM32F4xx_HAL_Driver/Src/stm32f4xx_hal_uart.c.obj
 .text.UART_SetConfig
                0x080034b8      0x110 CMakeFiles/dgm_driver.elf.dir/Drivers/STM32F4xx_HAL_Driver/Src/stm32f4xx_hal_uart.c.obj
 .text.UART_WaitOnFlagUntilTimeout
                0x080035c8       0x8a CMakeFiles/dgm_driver.elf.dir/Drivers/STM32F4xx_HAL_Driver/Src/stm32f4xx_hal_uart.c.obj
 .text.HAL_UART_Init
                0x08003652       0x60 CMakeFiles/dgm_driver.elf.dir/Drivers/STM32F4xx_HAL_Driver/Src/stm32f4xx_hal_uart.c.obj
                0x08003652                HAL_UART_Init
 .text.HAL_UART_Transmit
                0x080036b2       0xcc CMakeFiles/dgm_driver.elf.dir/Drivers/STM32F4xx_HAL_Driver/Src/stm32f4xx_hal_uart.c.obj
                0x080036b2                HAL_UART_Transmit
 .text.HAL_UART_Receive
                0x0800377e       0xd2 CMakeFiles/dgm_driver.elf.dir/Drivers/STM32F4xx_HAL_Driver/Src/stm32f4xx_hal_uart.c.obj
                0x0800377e                HAL_UART_Receive
 .text.HAL_UART_TxCpltCallback
                0x08003850        0x2 CMakeFiles/dgm_driver.elf.dir/Drivers/STM32F4xx_HAL_Driver/Src/stm32f4xx_hal_uart.c.obj
                0x08003850                HAL_UART_TxCpltCallback
 .text.UART_EndTransmit_IT
                0x08003852       0x1a CMakeFiles/dgm_driver.elf.dir/Drivers/STM32F4xx_HAL_Driver/Src/stm32f4xx_hal_uart.c.obj
 .text.HAL_UART_ErrorCallback
                0x0800386c        0x2 CMakeFiles/dgm_driver.elf.dir/Drivers/STM32F4xx_HAL_Driver/Src/stm32f4xx_hal_uart.c.obj
                0x0800386c                HAL_UART_ErrorCallback
 .text.UART_DMAAbortOnError
                0x0800386e       0x10 CMakeFiles/dgm_driver.elf.dir/Drivers/STM32F4xx_HAL_Driver/Src/stm32f4xx_hal_uart.c.obj
 .text.HAL_UARTEx_RxEventCallback
                0x0800387e        0x2 CMakeFiles/dgm_driver.elf.dir/Drivers/STM32F4xx_HAL_Driver/Src/stm32f4xx_hal_uart.c.obj
                0x0800387e                HAL_UARTEx_RxEventCallback
 .text.UART_Receive_IT
                0x08003880       0xe6 CMakeFiles/dgm_driver.elf.dir/Drivers/STM32F4xx_HAL_Driver/Src/stm32f4xx_hal_uart.c.obj
 *fill*         0x08003966        0x2 
 .text.HAL_UART_IRQHandler
                0x08003968      0x288 CMakeFiles/dgm_driver.elf.dir/Drivers/STM32F4xx_HAL_Driver/Src/stm32f4xx_hal_uart.c.obj
                0x08003968                HAL_UART_IRQHandler
 .text.UART_Start_Receive_IT
                0x08003bf0       0x36 CMakeFiles/dgm_driver.elf.dir/Drivers/STM32F4xx_HAL_Driver/Src/stm32f4xx_hal_uart.c.obj
                0x08003bf0                UART_Start_Receive_IT
 .text.HAL_UART_Receive_IT
                0x08003c26       0x26 CMakeFiles/dgm_driver.elf.dir/Drivers/STM32F4xx_HAL_Driver/Src/stm32f4xx_hal_uart.c.obj
                0x08003c26                HAL_UART_Receive_IT
 .text.SysTick_Handler
                0x08003c4c       0x18 CMakeFiles/dgm_driver.elf.dir/Middlewares/Third_Party/FreeRTOS/Source/CMSIS_RTOS_V2/cmsis_os2.c.obj
                0x08003c4c                SysTick_Handler
 .text.osKernelInitialize
                0x08003c64       0x24 CMakeFiles/dgm_driver.elf.dir/Middlewares/Third_Party/FreeRTOS/Source/CMSIS_RTOS_V2/cmsis_os2.c.obj
                0x08003c64                osKernelInitialize
 .text.osKernelStart
                0x08003c88       0x38 CMakeFiles/dgm_driver.elf.dir/Middlewares/Third_Party/FreeRTOS/Source/CMSIS_RTOS_V2/cmsis_os2.c.obj
                0x08003c88                osKernelStart
 .text.osThreadNew
                0x08003cc0       0xbe CMakeFiles/dgm_driver.elf.dir/Middlewares/Third_Party/FreeRTOS/Source/CMSIS_RTOS_V2/cmsis_os2.c.obj
                0x08003cc0                osThreadNew
 .text.osDelay  0x08003d7e       0x1c CMakeFiles/dgm_driver.elf.dir/Middlewares/Third_Party/FreeRTOS/Source/CMSIS_RTOS_V2/cmsis_os2.c.obj
                0x08003d7e                osDelay
 *fill*         0x08003d9a        0x2 
 .text.vApplicationGetIdleTaskMemory
                0x08003d9c       0x18 CMakeFiles/dgm_driver.elf.dir/Middlewares/Third_Party/FreeRTOS/Source/CMSIS_RTOS_V2/cmsis_os2.c.obj
                0x08003d9c                vApplicationGetIdleTaskMemory
 .text.vApplicationGetTimerTaskMemory
                0x08003db4       0x18 CMakeFiles/dgm_driver.elf.dir/Middlewares/Third_Party/FreeRTOS/Source/CMSIS_RTOS_V2/cmsis_os2.c.obj
                0x08003db4                vApplicationGetTimerTaskMemory
 .text.vListInitialise
                0x08003dcc       0x16 CMakeFiles/dgm_driver.elf.dir/Middlewares/Third_Party/FreeRTOS/Source/list.c.obj
                0x08003dcc                vListInitialise
 .text.vListInitialiseItem
                0x08003de2        0x6 CMakeFiles/dgm_driver.elf.dir/Middlewares/Third_Party/FreeRTOS/Source/list.c.obj
                0x08003de2                vListInitialiseItem
 .text.vListInsertEnd
                0x08003de8       0x16 CMakeFiles/dgm_driver.elf.dir/Middlewares/Third_Party/FreeRTOS/Source/list.c.obj
                0x08003de8                vListInsertEnd
 .text.vListInsert
                0x08003dfe       0x32 CMakeFiles/dgm_driver.elf.dir/Middlewares/Third_Party/FreeRTOS/Source/list.c.obj
                0x08003dfe                vListInsert
 .text.uxListRemove
                0x08003e30       0x26 CMakeFiles/dgm_driver.elf.dir/Middlewares/Third_Party/FreeRTOS/Source/list.c.obj
                0x08003e30                uxListRemove
 *fill*         0x08003e56        0x2 
 .text.prvTaskExitError
                0x08003e58       0x40 CMakeFiles/dgm_driver.elf.dir/Middlewares/Third_Party/FreeRTOS/Source/portable/GCC/ARM_CM4F/port.c.obj
 .text.prvPortStartFirstTask
                0x08003e98       0x28 CMakeFiles/dgm_driver.elf.dir/Middlewares/Third_Party/FreeRTOS/Source/portable/GCC/ARM_CM4F/port.c.obj
 .text.vPortEnableVFP
                0x08003ec0       0x14 CMakeFiles/dgm_driver.elf.dir/Middlewares/Third_Party/FreeRTOS/Source/portable/GCC/ARM_CM4F/port.c.obj
 .text.pxPortInitialiseStack
                0x08003ed4       0x2c CMakeFiles/dgm_driver.elf.dir/Middlewares/Third_Party/FreeRTOS/Source/portable/GCC/ARM_CM4F/port.c.obj
                0x08003ed4                pxPortInitialiseStack
 .text.SVC_Handler
                0x08003f00       0x24 CMakeFiles/dgm_driver.elf.dir/Middlewares/Third_Party/FreeRTOS/Source/portable/GCC/ARM_CM4F/port.c.obj
                0x08003f00                SVC_Handler
 .text.vPortEnterCritical
                0x08003f24       0x44 CMakeFiles/dgm_driver.elf.dir/Middlewares/Third_Party/FreeRTOS/Source/portable/GCC/ARM_CM4F/port.c.obj
                0x08003f24                vPortEnterCritical
 .text.vPortExitCritical
                0x08003f68       0x2c CMakeFiles/dgm_driver.elf.dir/Middlewares/Third_Party/FreeRTOS/Source/portable/GCC/ARM_CM4F/port.c.obj
                0x08003f68                vPortExitCritical
 *fill*         0x08003f94        0xc 
 .text.PendSV_Handler
                0x08003fa0       0x64 CMakeFiles/dgm_driver.elf.dir/Middlewares/Third_Party/FreeRTOS/Source/portable/GCC/ARM_CM4F/port.c.obj
                0x08003fa0                PendSV_Handler
 .text.xPortSysTickHandler
                0x08004004       0x2c CMakeFiles/dgm_driver.elf.dir/Middlewares/Third_Party/FreeRTOS/Source/portable/GCC/ARM_CM4F/port.c.obj
                0x08004004                xPortSysTickHandler
 .text.vPortSetupTimerInterrupt
                0x08004030       0x28 CMakeFiles/dgm_driver.elf.dir/Middlewares/Third_Party/FreeRTOS/Source/portable/GCC/ARM_CM4F/port.c.obj
                0x08004030                vPortSetupTimerInterrupt
 .text.xPortStartScheduler
                0x08004058      0x118 CMakeFiles/dgm_driver.elf.dir/Middlewares/Third_Party/FreeRTOS/Source/portable/GCC/ARM_CM4F/port.c.obj
                0x08004058                xPortStartScheduler
 .text.vPortValidateInterruptPriority
                0x08004170       0x5c CMakeFiles/dgm_driver.elf.dir/Middlewares/Third_Party/FreeRTOS/Source/portable/GCC/ARM_CM4F/port.c.obj
                0x08004170                vPortValidateInterruptPriority
 .text.prvHeapInit
                0x080041cc       0x64 CMakeFiles/dgm_driver.elf.dir/Middlewares/Third_Party/FreeRTOS/Source/portable/MemMang/heap_4.c.obj
 .text.prvInsertBlockIntoFreeList
                0x08004230       0x64 CMakeFiles/dgm_driver.elf.dir/Middlewares/Third_Party/FreeRTOS/Source/portable/MemMang/heap_4.c.obj
 .text.pvPortMalloc
                0x08004294       0xfc CMakeFiles/dgm_driver.elf.dir/Middlewares/Third_Party/FreeRTOS/Source/portable/MemMang/heap_4.c.obj
                0x08004294                pvPortMalloc
 .text.vPortFree
                0x08004390       0x7c CMakeFiles/dgm_driver.elf.dir/Middlewares/Third_Party/FreeRTOS/Source/portable/MemMang/heap_4.c.obj
                0x08004390                vPortFree
 .text.prvIsQueueFull
                0x0800440c       0x1e CMakeFiles/dgm_driver.elf.dir/Middlewares/Third_Party/FreeRTOS/Source/queue.c.obj
 .text.prvIsQueueEmpty
                0x0800442a       0x1a CMakeFiles/dgm_driver.elf.dir/Middlewares/Third_Party/FreeRTOS/Source/queue.c.obj
 .text.prvCopyDataToQueue
                0x08004444       0x76 CMakeFiles/dgm_driver.elf.dir/Middlewares/Third_Party/FreeRTOS/Source/queue.c.obj
 .text.prvCopyDataFromQueue
                0x080044ba       0x24 CMakeFiles/dgm_driver.elf.dir/Middlewares/Third_Party/FreeRTOS/Source/queue.c.obj
 .text.prvUnlockQueue
                0x080044de       0x6e CMakeFiles/dgm_driver.elf.dir/Middlewares/Third_Party/FreeRTOS/Source/queue.c.obj
 .text.xQueueGenericReset
                0x0800454c       0x84 CMakeFiles/dgm_driver.elf.dir/Middlewares/Third_Party/FreeRTOS/Source/queue.c.obj
                0x0800454c                xQueueGenericReset
 .text.prvInitialiseNewQueue
                0x080045d0       0x22 CMakeFiles/dgm_driver.elf.dir/Middlewares/Third_Party/FreeRTOS/Source/queue.c.obj
 .text.xQueueGenericCreateStatic
                0x080045f2       0x94 CMakeFiles/dgm_driver.elf.dir/Middlewares/Third_Party/FreeRTOS/Source/queue.c.obj
                0x080045f2                xQueueGenericCreateStatic
 .text.xQueueGenericSend
                0x08004686      0x188 CMakeFiles/dgm_driver.elf.dir/Middlewares/Third_Party/FreeRTOS/Source/queue.c.obj
                0x08004686                xQueueGenericSend
 .text.xQueueGenericSendFromISR
                0x0800480e       0xce CMakeFiles/dgm_driver.elf.dir/Middlewares/Third_Party/FreeRTOS/Source/queue.c.obj
                0x0800480e                xQueueGenericSendFromISR
 .text.xQueueReceive
                0x080048dc      0x15e CMakeFiles/dgm_driver.elf.dir/Middlewares/Third_Party/FreeRTOS/Source/queue.c.obj
                0x080048dc                xQueueReceive
 *fill*         0x08004a3a        0x2 
 .text.vQueueAddToRegistry
                0x08004a3c       0x28 CMakeFiles/dgm_driver.elf.dir/Middlewares/Third_Party/FreeRTOS/Source/queue.c.obj
                0x08004a3c                vQueueAddToRegistry
 .text.vQueueWaitForMessageRestricted
                0x08004a64       0x52 CMakeFiles/dgm_driver.elf.dir/Middlewares/Third_Party/FreeRTOS/Source/queue.c.obj
                0x08004a64                vQueueWaitForMessageRestricted
 *fill*         0x08004ab6        0x2 
 .text.prvResetNextTaskUnblockTime
                0x08004ab8       0x2c CMakeFiles/dgm_driver.elf.dir/Middlewares/Third_Party/FreeRTOS/Source/tasks.c.obj
 .text.prvInitialiseNewTask
                0x08004ae4      0x106 CMakeFiles/dgm_driver.elf.dir/Middlewares/Third_Party/FreeRTOS/Source/tasks.c.obj
 *fill*         0x08004bea        0x2 
 .text.prvInitialiseTaskLists
                0x08004bec       0x68 CMakeFiles/dgm_driver.elf.dir/Middlewares/Third_Party/FreeRTOS/Source/tasks.c.obj
 .text.prvAddNewTaskToReadyList
                0x08004c54       0xac CMakeFiles/dgm_driver.elf.dir/Middlewares/Third_Party/FreeRTOS/Source/tasks.c.obj
 .text.prvDeleteTCB
                0x08004d00       0x40 CMakeFiles/dgm_driver.elf.dir/Middlewares/Third_Party/FreeRTOS/Source/tasks.c.obj
 .text.prvCheckTasksWaitingTermination
                0x08004d40       0x4c CMakeFiles/dgm_driver.elf.dir/Middlewares/Third_Party/FreeRTOS/Source/tasks.c.obj
 .text.prvIdleTask
                0x08004d8c       0x28 CMakeFiles/dgm_driver.elf.dir/Middlewares/Third_Party/FreeRTOS/Source/tasks.c.obj
 .text.prvAddCurrentTaskToDelayedList
                0x08004db4       0x7c CMakeFiles/dgm_driver.elf.dir/Middlewares/Third_Party/FreeRTOS/Source/tasks.c.obj
 .text.xTaskCreateStatic
                0x08004e30       0x7a CMakeFiles/dgm_driver.elf.dir/Middlewares/Third_Party/FreeRTOS/Source/tasks.c.obj
                0x08004e30                xTaskCreateStatic
 .text.xTaskCreate
                0x08004eaa       0x6a CMakeFiles/dgm_driver.elf.dir/Middlewares/Third_Party/FreeRTOS/Source/tasks.c.obj
                0x08004eaa                xTaskCreate
 .text.vTaskStartScheduler
                0x08004f14       0xac CMakeFiles/dgm_driver.elf.dir/Middlewares/Third_Party/FreeRTOS/Source/tasks.c.obj
                0x08004f14                vTaskStartScheduler
 .text.vTaskSuspendAll
                0x08004fc0       0x10 CMakeFiles/dgm_driver.elf.dir/Middlewares/Third_Party/FreeRTOS/Source/tasks.c.obj
                0x08004fc0                vTaskSuspendAll
 .text.xTaskGetTickCount
                0x08004fd0        0xc CMakeFiles/dgm_driver.elf.dir/Middlewares/Third_Party/FreeRTOS/Source/tasks.c.obj
                0x08004fd0                xTaskGetTickCount
 .text.xTaskIncrementTick
                0x08004fdc      0x118 CMakeFiles/dgm_driver.elf.dir/Middlewares/Third_Party/FreeRTOS/Source/tasks.c.obj
                0x08004fdc                xTaskIncrementTick
 .text.xTaskResumeAll
                0x080050f4       0xf8 CMakeFiles/dgm_driver.elf.dir/Middlewares/Third_Party/FreeRTOS/Source/tasks.c.obj
                0x080050f4                xTaskResumeAll
 .text.vTaskDelay
                0x080051ec       0x4c CMakeFiles/dgm_driver.elf.dir/Middlewares/Third_Party/FreeRTOS/Source/tasks.c.obj
                0x080051ec                vTaskDelay
 .text.vTaskSwitchContext
                0x08005238       0xa0 CMakeFiles/dgm_driver.elf.dir/Middlewares/Third_Party/FreeRTOS/Source/tasks.c.obj
                0x08005238                vTaskSwitchContext
 .text.vTaskPlaceOnEventList
                0x080052d8       0x30 CMakeFiles/dgm_driver.elf.dir/Middlewares/Third_Party/FreeRTOS/Source/tasks.c.obj
                0x080052d8                vTaskPlaceOnEventList
 .text.vTaskPlaceOnEventListRestricted
                0x08005308       0x38 CMakeFiles/dgm_driver.elf.dir/Middlewares/Third_Party/FreeRTOS/Source/tasks.c.obj
                0x08005308                vTaskPlaceOnEventListRestricted
 .text.xTaskRemoveFromEventList
                0x08005340       0x8c CMakeFiles/dgm_driver.elf.dir/Middlewares/Third_Party/FreeRTOS/Source/tasks.c.obj
                0x08005340                xTaskRemoveFromEventList
 .text.vTaskInternalSetTimeOutState
                0x080053cc       0x18 CMakeFiles/dgm_driver.elf.dir/Middlewares/Third_Party/FreeRTOS/Source/tasks.c.obj
                0x080053cc                vTaskInternalSetTimeOutState
 .text.xTaskCheckForTimeOut
                0x080053e4       0x84 CMakeFiles/dgm_driver.elf.dir/Middlewares/Third_Party/FreeRTOS/Source/tasks.c.obj
                0x080053e4                xTaskCheckForTimeOut
 .text.vTaskMissedYield
                0x08005468        0xc CMakeFiles/dgm_driver.elf.dir/Middlewares/Third_Party/FreeRTOS/Source/tasks.c.obj
                0x08005468                vTaskMissedYield
 .text.xTaskGetSchedulerState
                0x08005474       0x20 CMakeFiles/dgm_driver.elf.dir/Middlewares/Third_Party/FreeRTOS/Source/tasks.c.obj
                0x08005474                xTaskGetSchedulerState
 .text.xTaskPriorityDisinherit
                0x08005494       0x90 CMakeFiles/dgm_driver.elf.dir/Middlewares/Third_Party/FreeRTOS/Source/tasks.c.obj
                0x08005494                xTaskPriorityDisinherit
 .text.prvGetNextExpireTime
                0x08005524       0x20 CMakeFiles/dgm_driver.elf.dir/Middlewares/Third_Party/FreeRTOS/Source/timers.c.obj
 .text.prvInsertTimerInActiveList
                0x08005544       0x48 CMakeFiles/dgm_driver.elf.dir/Middlewares/Third_Party/FreeRTOS/Source/timers.c.obj
 .text.prvCheckForValidListAndQueue
                0x0800558c       0x70 CMakeFiles/dgm_driver.elf.dir/Middlewares/Third_Party/FreeRTOS/Source/timers.c.obj
 .text.xTimerCreateTimerTask
                0x080055fc       0x64 CMakeFiles/dgm_driver.elf.dir/Middlewares/Third_Party/FreeRTOS/Source/timers.c.obj
                0x080055fc                xTimerCreateTimerTask
 .text.xTimerGenericCommand
                0x08005660       0x6c CMakeFiles/dgm_driver.elf.dir/Middlewares/Third_Party/FreeRTOS/Source/timers.c.obj
                0x08005660                xTimerGenericCommand
 .text.prvSwitchTimerLists
                0x080056cc       0x7c CMakeFiles/dgm_driver.elf.dir/Middlewares/Third_Party/FreeRTOS/Source/timers.c.obj
 .text.prvSampleTimeNow
                0x08005748       0x2c CMakeFiles/dgm_driver.elf.dir/Middlewares/Third_Party/FreeRTOS/Source/timers.c.obj
 .text.prvProcessExpiredTimer
                0x08005774       0x6c CMakeFiles/dgm_driver.elf.dir/Middlewares/Third_Party/FreeRTOS/Source/timers.c.obj
 .text.prvProcessTimerOrBlockTask
                0x080057e0       0x74 CMakeFiles/dgm_driver.elf.dir/Middlewares/Third_Party/FreeRTOS/Source/timers.c.obj
 .text.prvProcessReceivedCommands
                0x08005854      0x10c CMakeFiles/dgm_driver.elf.dir/Middlewares/Third_Party/FreeRTOS/Source/timers.c.obj
 .text.prvTimerTask
                0x08005960       0x16 CMakeFiles/dgm_driver.elf.dir/Middlewares/Third_Party/FreeRTOS/Source/timers.c.obj
 *fill*         0x08005976        0x2 
 .text.HAL_CAN_RxFifo0MsgPendingCallback
                0x08005978      0x2c4 CMakeFiles/dgm_driver.elf.dir/User/IRQ.c.obj
                0x08005978                HAL_CAN_RxFifo0MsgPendingCallback
 .text.HAL_UART_RxCpltCallback
                0x08005c3c       0x84 CMakeFiles/dgm_driver.elf.dir/User/IRQ.c.obj
                0x08005c3c                HAL_UART_RxCpltCallback
 .text.my_Init  0x08005cc0       0x48 CMakeFiles/dgm_driver.elf.dir/User/Init.c.obj
                0x08005cc0                my_Init
 .text.DGM_Motor_Enable
                0x08005d08       0x18 CMakeFiles/dgm_driver.elf.dir/User/dgm_driver.c.obj
                0x08005d08                DGM_Motor_Enable
 .text.DGM_Motor_Set_Speed
                0x08005d20       0x18 CMakeFiles/dgm_driver.elf.dir/User/dgm_driver.c.obj
                0x08005d20                DGM_Motor_Set_Speed
 .text.RetargetInit
                0x08005d38       0x20 CMakeFiles/dgm_driver.elf.dir/User/retarget.c.obj
                0x08005d38                RetargetInit
 .text._isatty  0x08005d58       0x16 CMakeFiles/dgm_driver.elf.dir/User/retarget.c.obj
                0x08005d58                _isatty
 *fill*         0x08005d6e        0x2 
 .text._write   0x08005d70       0x34 CMakeFiles/dgm_driver.elf.dir/User/retarget.c.obj
                0x08005d70                _write
 .text._close   0x08005da4       0x18 CMakeFiles/dgm_driver.elf.dir/User/retarget.c.obj
                0x08005da4                _close
 .text._lseek   0x08005dbc       0x10 CMakeFiles/dgm_driver.elf.dir/User/retarget.c.obj
                0x08005dbc                _lseek
 .text._read    0x08005dcc       0x30 CMakeFiles/dgm_driver.elf.dir/User/retarget.c.obj
                0x08005dcc                _read
 .text._fstat   0x08005dfc       0x1a CMakeFiles/dgm_driver.elf.dir/User/retarget.c.obj
                0x08005dfc                _fstat
 *fill*         0x08005e16        0x2 
 .text.__errno  0x08005e18        0xc c:/progra~2/gnuarm~1/102021~1.10/bin/../lib/gcc/arm-none-eabi/10.3.1/../../../../arm-none-eabi/lib/thumb/v7e-m+fp/hard\libg.a(lib_a-errno.o)
                0x08005e18                __errno
 .text.__libc_init_array
                0x08005e24       0x48 c:/progra~2/gnuarm~1/102021~1.10/bin/../lib/gcc/arm-none-eabi/10.3.1/../../../../arm-none-eabi/lib/thumb/v7e-m+fp/hard\libg.a(lib_a-init.o)
                0x08005e24                __libc_init_array
 .text.memset   0x08005e6c       0xa4 c:/progra~2/gnuarm~1/102021~1.10/bin/../lib/gcc/arm-none-eabi/10.3.1/../../../../arm-none-eabi/lib/thumb/v7e-m+fp/hard\libg.a(lib_a-memset.o)
                0x08005e6c                memset
 .text.printf   0x08005f10       0x28 c:/progra~2/gnuarm~1/102021~1.10/bin/../lib/gcc/arm-none-eabi/10.3.1/../../../../arm-none-eabi/lib/thumb/v7e-m+fp/hard\libg.a(lib_a-printf.o)
                0x08005f10                printf
 .text._puts_r  0x08005f38       0x9c c:/progra~2/gnuarm~1/102021~1.10/bin/../lib/gcc/arm-none-eabi/10.3.1/../../../../arm-none-eabi/lib/thumb/v7e-m+fp/hard\libg.a(lib_a-puts.o)
                0x08005f38                _puts_r
 .text.puts     0x08005fd4       0x10 c:/progra~2/gnuarm~1/102021~1.10/bin/../lib/gcc/arm-none-eabi/10.3.1/../../../../arm-none-eabi/lib/thumb/v7e-m+fp/hard\libg.a(lib_a-puts.o)
                0x08005fd4                puts
 .text.cleanup_glue
                0x08005fe4       0x48 c:/progra~2/gnuarm~1/102021~1.10/bin/../lib/gcc/arm-none-eabi/10.3.1/../../../../arm-none-eabi/lib/thumb/v7e-m+fp/hard\libg.a(lib_a-reent.o)
                0x08005fe4                cleanup_glue
 .text._reclaim_reent
                0x0800602c       0x90 c:/progra~2/gnuarm~1/102021~1.10/bin/../lib/gcc/arm-none-eabi/10.3.1/../../../../arm-none-eabi/lib/thumb/v7e-m+fp/hard\libg.a(lib_a-reent.o)
                0x0800602c                _reclaim_reent
 .text.setvbuf  0x080060bc      0x1b0 c:/progra~2/gnuarm~1/102021~1.10/bin/../lib/gcc/arm-none-eabi/10.3.1/../../../../arm-none-eabi/lib/thumb/v7e-m+fp/hard\libg.a(lib_a-setvbuf.o)
                0x080060bc                setvbuf
 *fill*         0x0800626c        0x4 
 .text._strtod_l
                0x08006270      0xf50 c:/progra~2/gnuarm~1/102021~1.10/bin/../lib/gcc/arm-none-eabi/10.3.1/../../../../arm-none-eabi/lib/thumb/v7e-m+fp/hard\libg.a(lib_a-strtod.o)
                0x08006270                _strtod_l
 .text.strtof   0x080071c0       0xb8 c:/progra~2/gnuarm~1/102021~1.10/bin/../lib/gcc/arm-none-eabi/10.3.1/../../../../arm-none-eabi/lib/thumb/v7e-m+fp/hard\libg.a(lib_a-strtod.o)
                0x080071c0                strtof
 .text._vfprintf_r
                0x08007278     0x1b90 c:/progra~2/gnuarm~1/102021~1.10/bin/../lib/gcc/arm-none-eabi/10.3.1/../../../../arm-none-eabi/lib/thumb/v7e-m+fp/hard\libg.a(lib_a-vfprintf.o)
                0x08007278                _vfprintf_r
 .text.__sbprintf
                0x08008e08       0x80 c:/progra~2/gnuarm~1/102021~1.10/bin/../lib/gcc/arm-none-eabi/10.3.1/../../../../arm-none-eabi/lib/thumb/v7e-m+fp/hard\libg.a(lib_a-vfprintf.o)
 .text.__swsetup_r
                0x08008e88       0xd4 c:/progra~2/gnuarm~1/102021~1.10/bin/../lib/gcc/arm-none-eabi/10.3.1/../../../../arm-none-eabi/lib/thumb/v7e-m+fp/hard\libg.a(lib_a-wsetup.o)
                0x08008e88                __swsetup_r
 .text.quorem   0x08008f5c      0x128 c:/progra~2/gnuarm~1/102021~1.10/bin/../lib/gcc/arm-none-eabi/10.3.1/../../../../arm-none-eabi/lib/thumb/v7e-m+fp/hard\libg.a(lib_a-dtoa.o)
 *fill*         0x08009084        0x4 
 .text._dtoa_r  0x08009088      0xf3c c:/progra~2/gnuarm~1/102021~1.10/bin/../lib/gcc/arm-none-eabi/10.3.1/../../../../arm-none-eabi/lib/thumb/v7e-m+fp/hard\libg.a(lib_a-dtoa.o)
                0x08009088                _dtoa_r
 .text.__sflush_r
                0x08009fc4      0x130 c:/progra~2/gnuarm~1/102021~1.10/bin/../lib/gcc/arm-none-eabi/10.3.1/../../../../arm-none-eabi/lib/thumb/v7e-m+fp/hard\libg.a(lib_a-fflush.o)
                0x08009fc4                __sflush_r
 .text._fflush_r
                0x0800a0f4       0x5c c:/progra~2/gnuarm~1/102021~1.10/bin/../lib/gcc/arm-none-eabi/10.3.1/../../../../arm-none-eabi/lib/thumb/v7e-m+fp/hard\libg.a(lib_a-fflush.o)
                0x0800a0f4                _fflush_r
 .text._cleanup_r
                0x0800a150        0xc c:/progra~2/gnuarm~1/102021~1.10/bin/../lib/gcc/arm-none-eabi/10.3.1/../../../../arm-none-eabi/lib/thumb/v7e-m+fp/hard\libg.a(lib_a-findfp.o)
                0x0800a150                _cleanup_r
 .text.__sinit  0x0800a15c      0x10c c:/progra~2/gnuarm~1/102021~1.10/bin/../lib/gcc/arm-none-eabi/10.3.1/../../../../arm-none-eabi/lib/thumb/v7e-m+fp/hard\libg.a(lib_a-findfp.o)
                0x0800a15c                __sinit
 .text.__sfp_lock_acquire
                0x0800a268        0xc c:/progra~2/gnuarm~1/102021~1.10/bin/../lib/gcc/arm-none-eabi/10.3.1/../../../../arm-none-eabi/lib/thumb/v7e-m+fp/hard\libg.a(lib_a-findfp.o)
                0x0800a268                __sfp_lock_acquire
 .text.__sfp_lock_release
                0x0800a274        0xc c:/progra~2/gnuarm~1/102021~1.10/bin/../lib/gcc/arm-none-eabi/10.3.1/../../../../arm-none-eabi/lib/thumb/v7e-m+fp/hard\libg.a(lib_a-findfp.o)
                0x0800a274                __sfp_lock_release
 .text._malloc_trim_r
                0x0800a280       0xa0 c:/progra~2/gnuarm~1/102021~1.10/bin/../lib/gcc/arm-none-eabi/10.3.1/../../../../arm-none-eabi/lib/thumb/v7e-m+fp/hard\libg.a(lib_a-freer.o)
                0x0800a280                _malloc_trim_r
 .text._free_r  0x0800a320      0x20c c:/progra~2/gnuarm~1/102021~1.10/bin/../lib/gcc/arm-none-eabi/10.3.1/../../../../arm-none-eabi/lib/thumb/v7e-m+fp/hard\libg.a(lib_a-freer.o)
                0x0800a320                _free_r
 .text.__sfvwrite_r
                0x0800a52c      0x2f0 c:/progra~2/gnuarm~1/102021~1.10/bin/../lib/gcc/arm-none-eabi/10.3.1/../../../../arm-none-eabi/lib/thumb/v7e-m+fp/hard\libg.a(lib_a-fvwrite.o)
                0x0800a52c                __sfvwrite_r
 .text._fwalk_reent
                0x0800a81c       0x48 c:/progra~2/gnuarm~1/102021~1.10/bin/../lib/gcc/arm-none-eabi/10.3.1/../../../../arm-none-eabi/lib/thumb/v7e-m+fp/hard\libg.a(lib_a-fwalk.o)
                0x0800a81c                _fwalk_reent
 .text.rshift   0x0800a864       0xa4 c:/progra~2/gnuarm~1/102021~1.10/bin/../lib/gcc/arm-none-eabi/10.3.1/../../../../arm-none-eabi/lib/thumb/v7e-m+fp/hard\libg.a(lib_a-gdtoa-gethex.o)
 .text.__gethex
                0x0800a908      0x5d8 c:/progra~2/gnuarm~1/102021~1.10/bin/../lib/gcc/arm-none-eabi/10.3.1/../../../../arm-none-eabi/lib/thumb/v7e-m+fp/hard\libg.a(lib_a-gdtoa-gethex.o)
                0x0800a908                __gethex
 .text.__match  0x0800aee0       0x38 c:/progra~2/gnuarm~1/102021~1.10/bin/../lib/gcc/arm-none-eabi/10.3.1/../../../../arm-none-eabi/lib/thumb/v7e-m+fp/hard\libg.a(lib_a-gdtoa-hexnan.o)
                0x0800aee0                __match
 .text.__hexnan
                0x0800af18      0x1ac c:/progra~2/gnuarm~1/102021~1.10/bin/../lib/gcc/arm-none-eabi/10.3.1/../../../../arm-none-eabi/lib/thumb/v7e-m+fp/hard\libg.a(lib_a-gdtoa-hexnan.o)
                0x0800af18                __hexnan
 .text.__locale_mb_cur_max
                0x0800b0c4        0xc c:/progra~2/gnuarm~1/102021~1.10/bin/../lib/gcc/arm-none-eabi/10.3.1/../../../../arm-none-eabi/lib/thumb/v7e-m+fp/hard\libg.a(lib_a-locale.o)
                0x0800b0c4                __locale_mb_cur_max
 .text._localeconv_r
                0x0800b0d0        0x8 c:/progra~2/gnuarm~1/102021~1.10/bin/../lib/gcc/arm-none-eabi/10.3.1/../../../../arm-none-eabi/lib/thumb/v7e-m+fp/hard\libg.a(lib_a-localeconv.o)
                0x0800b0d0                _localeconv_r
 .text.__retarget_lock_init_recursive
                0x0800b0d8        0x4 c:/progra~2/gnuarm~1/102021~1.10/bin/../lib/gcc/arm-none-eabi/10.3.1/../../../../arm-none-eabi/lib/thumb/v7e-m+fp/hard\libg.a(lib_a-lock.o)
                0x0800b0d8                __retarget_lock_init_recursive
 .text.__retarget_lock_close_recursive
                0x0800b0dc        0x4 c:/progra~2/gnuarm~1/102021~1.10/bin/../lib/gcc/arm-none-eabi/10.3.1/../../../../arm-none-eabi/lib/thumb/v7e-m+fp/hard\libg.a(lib_a-lock.o)
                0x0800b0dc                __retarget_lock_close_recursive
 .text.__retarget_lock_acquire_recursive
                0x0800b0e0        0x4 c:/progra~2/gnuarm~1/102021~1.10/bin/../lib/gcc/arm-none-eabi/10.3.1/../../../../arm-none-eabi/lib/thumb/v7e-m+fp/hard\libg.a(lib_a-lock.o)
                0x0800b0e0                __retarget_lock_acquire_recursive
 .text.__retarget_lock_release_recursive
                0x0800b0e4        0x4 c:/progra~2/gnuarm~1/102021~1.10/bin/../lib/gcc/arm-none-eabi/10.3.1/../../../../arm-none-eabi/lib/thumb/v7e-m+fp/hard\libg.a(lib_a-lock.o)
                0x0800b0e4                __retarget_lock_release_recursive
 .text.__smakebuf_r
                0x0800b0e8       0xe0 c:/progra~2/gnuarm~1/102021~1.10/bin/../lib/gcc/arm-none-eabi/10.3.1/../../../../arm-none-eabi/lib/thumb/v7e-m+fp/hard\libg.a(lib_a-makebuf.o)
                0x0800b0e8                __smakebuf_r
 .text.__swhatbuf_r
                0x0800b1c8       0x60 c:/progra~2/gnuarm~1/102021~1.10/bin/../lib/gcc/arm-none-eabi/10.3.1/../../../../arm-none-eabi/lib/thumb/v7e-m+fp/hard\libg.a(lib_a-makebuf.o)
                0x0800b1c8                __swhatbuf_r
 .text.malloc   0x0800b228       0x10 c:/progra~2/gnuarm~1/102021~1.10/bin/../lib/gcc/arm-none-eabi/10.3.1/../../../../arm-none-eabi/lib/thumb/v7e-m+fp/hard\libg.a(lib_a-malloc.o)
                0x0800b228                malloc
 .text._malloc_r
                0x0800b238      0x560 c:/progra~2/gnuarm~1/102021~1.10/bin/../lib/gcc/arm-none-eabi/10.3.1/../../../../arm-none-eabi/lib/thumb/v7e-m+fp/hard\libg.a(lib_a-mallocr.o)
                0x0800b238                _malloc_r
 .text.__ascii_mbtowc
                0x0800b798       0x2c c:/progra~2/gnuarm~1/102021~1.10/bin/../lib/gcc/arm-none-eabi/10.3.1/../../../../arm-none-eabi/lib/thumb/v7e-m+fp/hard\libg.a(lib_a-mbtowc_r.o)
                0x0800b798                __ascii_mbtowc
 .text.memmove  0x0800b7c4       0xf8 c:/progra~2/gnuarm~1/102021~1.10/bin/../lib/gcc/arm-none-eabi/10.3.1/../../../../arm-none-eabi/lib/thumb/v7e-m+fp/hard\libg.a(lib_a-memmove.o)
                0x0800b7c4                memmove
 .text.__malloc_lock
                0x0800b8bc        0xc c:/progra~2/gnuarm~1/102021~1.10/bin/../lib/gcc/arm-none-eabi/10.3.1/../../../../arm-none-eabi/lib/thumb/v7e-m+fp/hard\libg.a(lib_a-mlock.o)
                0x0800b8bc                __malloc_lock
 .text.__malloc_unlock
                0x0800b8c8        0xc c:/progra~2/gnuarm~1/102021~1.10/bin/../lib/gcc/arm-none-eabi/10.3.1/../../../../arm-none-eabi/lib/thumb/v7e-m+fp/hard\libg.a(lib_a-mlock.o)
                0x0800b8c8                __malloc_unlock
 .text._Balloc  0x0800b8d4       0x4c c:/progra~2/gnuarm~1/102021~1.10/bin/../lib/gcc/arm-none-eabi/10.3.1/../../../../arm-none-eabi/lib/thumb/v7e-m+fp/hard\libg.a(lib_a-mprec.o)
                0x0800b8d4                _Balloc
 .text._Bfree   0x0800b920       0x14 c:/progra~2/gnuarm~1/102021~1.10/bin/../lib/gcc/arm-none-eabi/10.3.1/../../../../arm-none-eabi/lib/thumb/v7e-m+fp/hard\libg.a(lib_a-mprec.o)
                0x0800b920                _Bfree
 .text.__multadd
                0x0800b934       0xa8 c:/progra~2/gnuarm~1/102021~1.10/bin/../lib/gcc/arm-none-eabi/10.3.1/../../../../arm-none-eabi/lib/thumb/v7e-m+fp/hard\libg.a(lib_a-mprec.o)
                0x0800b934                __multadd
 .text.__s2b    0x0800b9dc       0xb4 c:/progra~2/gnuarm~1/102021~1.10/bin/../lib/gcc/arm-none-eabi/10.3.1/../../../../arm-none-eabi/lib/thumb/v7e-m+fp/hard\libg.a(lib_a-mprec.o)
                0x0800b9dc                __s2b
 .text.__hi0bits
                0x0800ba90       0x40 c:/progra~2/gnuarm~1/102021~1.10/bin/../lib/gcc/arm-none-eabi/10.3.1/../../../../arm-none-eabi/lib/thumb/v7e-m+fp/hard\libg.a(lib_a-mprec.o)
                0x0800ba90                __hi0bits
 .text.__lo0bits
                0x0800bad0       0x60 c:/progra~2/gnuarm~1/102021~1.10/bin/../lib/gcc/arm-none-eabi/10.3.1/../../../../arm-none-eabi/lib/thumb/v7e-m+fp/hard\libg.a(lib_a-mprec.o)
                0x0800bad0                __lo0bits
 .text.__i2b    0x0800bb30       0x5c c:/progra~2/gnuarm~1/102021~1.10/bin/../lib/gcc/arm-none-eabi/10.3.1/../../../../arm-none-eabi/lib/thumb/v7e-m+fp/hard\libg.a(lib_a-mprec.o)
                0x0800bb30                __i2b
 .text.__multiply
                0x0800bb8c      0x15c c:/progra~2/gnuarm~1/102021~1.10/bin/../lib/gcc/arm-none-eabi/10.3.1/../../../../arm-none-eabi/lib/thumb/v7e-m+fp/hard\libg.a(lib_a-mprec.o)
                0x0800bb8c                __multiply
 .text.__pow5mult
                0x0800bce8       0xc0 c:/progra~2/gnuarm~1/102021~1.10/bin/../lib/gcc/arm-none-eabi/10.3.1/../../../../arm-none-eabi/lib/thumb/v7e-m+fp/hard\libg.a(lib_a-mprec.o)
                0x0800bce8                __pow5mult
 .text.__lshift
                0x0800bda8       0xf0 c:/progra~2/gnuarm~1/102021~1.10/bin/../lib/gcc/arm-none-eabi/10.3.1/../../../../arm-none-eabi/lib/thumb/v7e-m+fp/hard\libg.a(lib_a-mprec.o)
                0x0800bda8                __lshift
 .text.__mcmp   0x0800be98       0x44 c:/progra~2/gnuarm~1/102021~1.10/bin/../lib/gcc/arm-none-eabi/10.3.1/../../../../arm-none-eabi/lib/thumb/v7e-m+fp/hard\libg.a(lib_a-mprec.o)
                0x0800be98                __mcmp
 .text.__mdiff  0x0800bedc      0x14c c:/progra~2/gnuarm~1/102021~1.10/bin/../lib/gcc/arm-none-eabi/10.3.1/../../../../arm-none-eabi/lib/thumb/v7e-m+fp/hard\libg.a(lib_a-mprec.o)
                0x0800bedc                __mdiff
 .text.__ulp    0x0800c028       0x60 c:/progra~2/gnuarm~1/102021~1.10/bin/../lib/gcc/arm-none-eabi/10.3.1/../../../../arm-none-eabi/lib/thumb/v7e-m+fp/hard\libg.a(lib_a-mprec.o)
                0x0800c028                __ulp
 .text.__b2d    0x0800c088       0xc0 c:/progra~2/gnuarm~1/102021~1.10/bin/../lib/gcc/arm-none-eabi/10.3.1/../../../../arm-none-eabi/lib/thumb/v7e-m+fp/hard\libg.a(lib_a-mprec.o)
                0x0800c088                __b2d
 .text.__d2b    0x0800c148       0xd0 c:/progra~2/gnuarm~1/102021~1.10/bin/../lib/gcc/arm-none-eabi/10.3.1/../../../../arm-none-eabi/lib/thumb/v7e-m+fp/hard\libg.a(lib_a-mprec.o)
                0x0800c148                __d2b
 .text.__ratio  0x0800c218       0x5c c:/progra~2/gnuarm~1/102021~1.10/bin/../lib/gcc/arm-none-eabi/10.3.1/../../../../arm-none-eabi/lib/thumb/v7e-m+fp/hard\libg.a(lib_a-mprec.o)
                0x0800c218                __ratio
 .text.__copybits
                0x0800c274       0x5c c:/progra~2/gnuarm~1/102021~1.10/bin/../lib/gcc/arm-none-eabi/10.3.1/../../../../arm-none-eabi/lib/thumb/v7e-m+fp/hard\libg.a(lib_a-mprec.o)
                0x0800c274                __copybits
 .text.__any_on
                0x0800c2d0       0x64 c:/progra~2/gnuarm~1/102021~1.10/bin/../lib/gcc/arm-none-eabi/10.3.1/../../../../arm-none-eabi/lib/thumb/v7e-m+fp/hard\libg.a(lib_a-mprec.o)
                0x0800c2d0                __any_on
 .text._realloc_r
                0x0800c334      0x3d8 c:/progra~2/gnuarm~1/102021~1.10/bin/../lib/gcc/arm-none-eabi/10.3.1/../../../../arm-none-eabi/lib/thumb/v7e-m+fp/hard\libg.a(lib_a-reallocr.o)
                0x0800c334                _realloc_r
 .text.frexp    0x0800c70c       0x6c c:/progra~2/gnuarm~1/102021~1.10/bin/../lib/gcc/arm-none-eabi/10.3.1/../../../../arm-none-eabi/lib/thumb/v7e-m+fp/hard\libg.a(lib_a-s_frexp.o)
                0x0800c70c                frexp
 .text.nan      0x0800c778       0x10 c:/progra~2/gnuarm~1/102021~1.10/bin/../lib/gcc/arm-none-eabi/10.3.1/../../../../arm-none-eabi/lib/thumb/v7e-m+fp/hard\libg.a(lib_a-s_nan.o)
                0x0800c778                nan
 .text._sbrk_r  0x0800c788       0x24 c:/progra~2/gnuarm~1/102021~1.10/bin/../lib/gcc/arm-none-eabi/10.3.1/../../../../arm-none-eabi/lib/thumb/v7e-m+fp/hard\libg.a(lib_a-sbrkr.o)
                0x0800c788                _sbrk_r
 .text.nanf     0x0800c7ac        0xc c:/progra~2/gnuarm~1/102021~1.10/bin/../lib/gcc/arm-none-eabi/10.3.1/../../../../arm-none-eabi/lib/thumb/v7e-m+fp/hard\libg.a(lib_a-sf_nan.o)
                0x0800c7ac                nanf
 .text.__sread  0x0800c7b8       0x24 c:/progra~2/gnuarm~1/102021~1.10/bin/../lib/gcc/arm-none-eabi/10.3.1/../../../../arm-none-eabi/lib/thumb/v7e-m+fp/hard\libg.a(lib_a-stdio.o)
                0x0800c7b8                __sread
 .text.__swrite
                0x0800c7dc       0x40 c:/progra~2/gnuarm~1/102021~1.10/bin/../lib/gcc/arm-none-eabi/10.3.1/../../../../arm-none-eabi/lib/thumb/v7e-m+fp/hard\libg.a(lib_a-stdio.o)
                0x0800c7dc                __swrite
 .text.__sseek  0x0800c81c       0x20 c:/progra~2/gnuarm~1/102021~1.10/bin/../lib/gcc/arm-none-eabi/10.3.1/../../../../arm-none-eabi/lib/thumb/v7e-m+fp/hard\libg.a(lib_a-stdio.o)
                0x0800c81c                __sseek
 .text.__sclose
                0x0800c83c        0x8 c:/progra~2/gnuarm~1/102021~1.10/bin/../lib/gcc/arm-none-eabi/10.3.1/../../../../arm-none-eabi/lib/thumb/v7e-m+fp/hard\libg.a(lib_a-stdio.o)
                0x0800c83c                __sclose
 .text.strncmp  0x0800c844       0x80 c:/progra~2/gnuarm~1/102021~1.10/bin/../lib/gcc/arm-none-eabi/10.3.1/../../../../arm-none-eabi/lib/thumb/v7e-m+fp/hard\libg.a(lib_a-strncmp.o)
                0x0800c844                strncmp
 .text.strncpy  0x0800c8c4       0x64 c:/progra~2/gnuarm~1/102021~1.10/bin/../lib/gcc/arm-none-eabi/10.3.1/../../../../arm-none-eabi/lib/thumb/v7e-m+fp/hard\libg.a(lib_a-strncpy.o)
                0x0800c8c4                strncpy
 .text.__sprint_r.part.0
                0x0800c928       0x78 c:/progra~2/gnuarm~1/102021~1.10/bin/../lib/gcc/arm-none-eabi/10.3.1/../../../../arm-none-eabi/lib/thumb/v7e-m+fp/hard\libg.a(lib_a-vfiprintf.o)
 .text.__sprint_r
                0x0800c9a0       0x18 c:/progra~2/gnuarm~1/102021~1.10/bin/../lib/gcc/arm-none-eabi/10.3.1/../../../../arm-none-eabi/lib/thumb/v7e-m+fp/hard\libg.a(lib_a-vfiprintf.o)
                0x0800c9a0                __sprint_r
 .text._vfiprintf_r
                0x0800c9b8      0xdfc c:/progra~2/gnuarm~1/102021~1.10/bin/../lib/gcc/arm-none-eabi/10.3.1/../../../../arm-none-eabi/lib/thumb/v7e-m+fp/hard\libg.a(lib_a-vfiprintf.o)
                0x0800c9b8                _vfiprintf_r
 .text.__sbprintf
                0x0800d7b4       0x80 c:/progra~2/gnuarm~1/102021~1.10/bin/../lib/gcc/arm-none-eabi/10.3.1/../../../../arm-none-eabi/lib/thumb/v7e-m+fp/hard\libg.a(lib_a-vfiprintf.o)
 .text.__ascii_wctomb
                0x0800d834       0x1c c:/progra~2/gnuarm~1/102021~1.10/bin/../lib/gcc/arm-none-eabi/10.3.1/../../../../arm-none-eabi/lib/thumb/v7e-m+fp/hard\libg.a(lib_a-wctomb_r.o)
                0x0800d834                __ascii_wctomb
 .text._write_r
                0x0800d850       0x2c c:/progra~2/gnuarm~1/102021~1.10/bin/../lib/gcc/arm-none-eabi/10.3.1/../../../../arm-none-eabi/lib/thumb/v7e-m+fp/hard\libg.a(lib_a-writer.o)
                0x0800d850                _write_r
 .text.__assert_func
                0x0800d87c       0x40 c:/progra~2/gnuarm~1/102021~1.10/bin/../lib/gcc/arm-none-eabi/10.3.1/../../../../arm-none-eabi/lib/thumb/v7e-m+fp/hard\libg.a(lib_a-assert.o)
                0x0800d87c                __assert_func
 .text._calloc_r
                0x0800d8bc       0x78 c:/progra~2/gnuarm~1/102021~1.10/bin/../lib/gcc/arm-none-eabi/10.3.1/../../../../arm-none-eabi/lib/thumb/v7e-m+fp/hard\libg.a(lib_a-callocr.o)
                0x0800d8bc                _calloc_r
 .text._close_r
                0x0800d934       0x24 c:/progra~2/gnuarm~1/102021~1.10/bin/../lib/gcc/arm-none-eabi/10.3.1/../../../../arm-none-eabi/lib/thumb/v7e-m+fp/hard\libg.a(lib_a-closer.o)
                0x0800d934                _close_r
 .text._fclose_r
                0x0800d958       0xcc c:/progra~2/gnuarm~1/102021~1.10/bin/../lib/gcc/arm-none-eabi/10.3.1/../../../../arm-none-eabi/lib/thumb/v7e-m+fp/hard\libg.a(lib_a-fclose.o)
                0x0800d958                _fclose_r
 .text.fiprintf
                0x0800da24       0x28 c:/progra~2/gnuarm~1/102021~1.10/bin/../lib/gcc/arm-none-eabi/10.3.1/../../../../arm-none-eabi/lib/thumb/v7e-m+fp/hard\libg.a(lib_a-fiprintf.o)
                0x0800da24                fiprintf
 .text.__fputwc
                0x0800da4c       0xa8 c:/progra~2/gnuarm~1/102021~1.10/bin/../lib/gcc/arm-none-eabi/10.3.1/../../../../arm-none-eabi/lib/thumb/v7e-m+fp/hard\libg.a(lib_a-fputwc.o)
                0x0800da4c                __fputwc
 .text._fputwc_r
                0x0800daf4       0x68 c:/progra~2/gnuarm~1/102021~1.10/bin/../lib/gcc/arm-none-eabi/10.3.1/../../../../arm-none-eabi/lib/thumb/v7e-m+fp/hard\libg.a(lib_a-fputwc.o)
                0x0800daf4                _fputwc_r
 .text._fstat_r
                0x0800db5c       0x2c c:/progra~2/gnuarm~1/102021~1.10/bin/../lib/gcc/arm-none-eabi/10.3.1/../../../../arm-none-eabi/lib/thumb/v7e-m+fp/hard\libg.a(lib_a-fstatr.o)
                0x0800db5c                _fstat_r
 .text._isatty_r
                0x0800db88       0x24 c:/progra~2/gnuarm~1/102021~1.10/bin/../lib/gcc/arm-none-eabi/10.3.1/../../../../arm-none-eabi/lib/thumb/v7e-m+fp/hard\libg.a(lib_a-isattyr.o)
                0x0800db88                _isatty_r
 .text._lseek_r
                0x0800dbac       0x2c c:/progra~2/gnuarm~1/102021~1.10/bin/../lib/gcc/arm-none-eabi/10.3.1/../../../../arm-none-eabi/lib/thumb/v7e-m+fp/hard\libg.a(lib_a-lseekr.o)
                0x0800dbac                _lseek_r
 .text._read_r  0x0800dbd8       0x2c c:/progra~2/gnuarm~1/102021~1.10/bin/../lib/gcc/arm-none-eabi/10.3.1/../../../../arm-none-eabi/lib/thumb/v7e-m+fp/hard\libg.a(lib_a-readr.o)
                0x0800dbd8                _read_r
 .text.__swbuf_r
                0x0800dc04       0xb0 c:/progra~2/gnuarm~1/102021~1.10/bin/../lib/gcc/arm-none-eabi/10.3.1/../../../../arm-none-eabi/lib/thumb/v7e-m+fp/hard\libg.a(lib_a-wbuf.o)
                0x0800dc04                __swbuf_r
 .text._wcrtomb_r
                0x0800dcb4       0x3c c:/progra~2/gnuarm~1/102021~1.10/bin/../lib/gcc/arm-none-eabi/10.3.1/../../../../arm-none-eabi/lib/thumb/v7e-m+fp/hard\libg.a(lib_a-wcrtomb.o)
                0x0800dcb4                _wcrtomb_r
 .text.abort    0x0800dcf0       0x10 c:/progra~2/gnuarm~1/102021~1.10/bin/../lib/gcc/arm-none-eabi/10.3.1/../../../../arm-none-eabi/lib/thumb/v7e-m+fp/hard\libg.a(lib_a-abort.o)
                0x0800dcf0                abort
 .text.raise    0x0800dd00       0x5c c:/progra~2/gnuarm~1/102021~1.10/bin/../lib/gcc/arm-none-eabi/10.3.1/../../../../arm-none-eabi/lib/thumb/v7e-m+fp/hard\libg.a(lib_a-signal.o)
                0x0800dd00                raise
 .text._kill_r  0x0800dd5c       0x2c c:/progra~2/gnuarm~1/102021~1.10/bin/../lib/gcc/arm-none-eabi/10.3.1/../../../../arm-none-eabi/lib/thumb/v7e-m+fp/hard\libg.a(lib_a-signalr.o)
                0x0800dd5c                _kill_r
 .text._getpid_r
                0x0800dd88        0x4 c:/progra~2/gnuarm~1/102021~1.10/bin/../lib/gcc/arm-none-eabi/10.3.1/../../../../arm-none-eabi/lib/thumb/v7e-m+fp/hard\libg.a(lib_a-signalr.o)
                0x0800dd88                _getpid_r
 *(.glue_7)
 .glue_7        0x0800dd8c        0x0 linker stubs
 *(.glue_7t)
 .glue_7t       0x0800dd8c        0x0 linker stubs
 *(.eh_frame)
 *(.init)
 .init          0x0800dd8c        0x4 c:/progra~2/gnuarm~1/102021~1.10/bin/../lib/gcc/arm-none-eabi/10.3.1/thumb/v7e-m+fp/hard/crti.o
                0x0800dd8c                _init
 .init          0x0800dd90        0x8 c:/progra~2/gnuarm~1/102021~1.10/bin/../lib/gcc/arm-none-eabi/10.3.1/thumb/v7e-m+fp/hard/crtn.o
 *(.fini)
 .fini          0x0800dd98        0x4 c:/progra~2/gnuarm~1/102021~1.10/bin/../lib/gcc/arm-none-eabi/10.3.1/thumb/v7e-m+fp/hard/crti.o
                0x0800dd98                _fini
 .fini          0x0800dd9c        0x8 c:/progra~2/gnuarm~1/102021~1.10/bin/../lib/gcc/arm-none-eabi/10.3.1/thumb/v7e-m+fp/hard/crtn.o
                0x0800dda4                . = ALIGN (0x4)
                0x0800dda4                _etext = .

.vfp11_veneer   0x0800dda4        0x0
 .vfp11_veneer  0x0800dda4        0x0 linker stubs

.v4_bx          0x0800dda4        0x0
 .v4_bx         0x0800dda4        0x0 linker stubs

.iplt           0x0800dda4        0x0
 .iplt          0x0800dda4        0x0 CMakeFiles/dgm_driver.elf.dir/Application/can_task.c.obj

.rodata         0x0800dda8      0x848
                0x0800dda8                . = ALIGN (0x4)
 *(.rodata)
 *(.rodata*)
 .rodata.MX_FREERTOS_Init.str1.4
                0x0800dda8        0x8 CMakeFiles/dgm_driver.elf.dir/Core/Src/freertos.c.obj
 .rodata.str1.4
                0x0800ddb0        0xc CMakeFiles/dgm_driver.elf.dir/Core/Src/freertos.c.obj
 .rodata.defaultTask_attributes
                0x0800ddbc       0x24 CMakeFiles/dgm_driver.elf.dir/Core/Src/freertos.c.obj
                0x0800ddbc                defaultTask_attributes
 .rodata.main.str1.4
                0x0800dde0        0xd CMakeFiles/dgm_driver.elf.dir/Core/Src/main.c.obj
 *fill*         0x0800dded        0x3 
 .rodata.AHBPrescTable
                0x0800ddf0       0x10 CMakeFiles/dgm_driver.elf.dir/Core/Src/system_stm32f4xx.c.obj
                0x0800ddf0                AHBPrescTable
 .rodata.APBPrescTable
                0x0800de00        0x8 CMakeFiles/dgm_driver.elf.dir/Core/Src/system_stm32f4xx.c.obj
                0x0800de00                APBPrescTable
 .rodata.flagBitshiftOffset.0
                0x0800de08        0x8 CMakeFiles/dgm_driver.elf.dir/Drivers/STM32F4xx_HAL_Driver/Src/stm32f4xx_hal_dma.c.obj
 .rodata.vTaskStartScheduler.str1.4
                0x0800de10        0x5 CMakeFiles/dgm_driver.elf.dir/Middlewares/Third_Party/FreeRTOS/Source/tasks.c.obj
 *fill*         0x0800de15        0x3 
 .rodata.prvCheckForValidListAndQueue.str1.4
                0x0800de18        0x5 CMakeFiles/dgm_driver.elf.dir/Middlewares/Third_Party/FreeRTOS/Source/timers.c.obj
 *fill*         0x0800de1d        0x3 
 .rodata.xTimerCreateTimerTask.str1.4
                0x0800de20        0x8 CMakeFiles/dgm_driver.elf.dir/Middlewares/Third_Party/FreeRTOS/Source/timers.c.obj
 .rodata.HAL_CAN_RxFifo0MsgPendingCallback.str1.4
                0x0800de28      0x1af CMakeFiles/dgm_driver.elf.dir/User/IRQ.c.obj
 *fill*         0x0800dfd7        0x1 
 .rodata.HAL_UART_RxCpltCallback.str1.4
                0x0800dfd8       0x25 CMakeFiles/dgm_driver.elf.dir/User/IRQ.c.obj
 .rodata._puts_r.str1.4
                0x0800dffd       0x25 c:/progra~2/gnuarm~1/102021~1.10/bin/../lib/gcc/arm-none-eabi/10.3.1/../../../../arm-none-eabi/lib/thumb/v7e-m+fp/hard\libg.a(lib_a-puts.o)
                                  0x2 (size before relaxing)
 *fill*         0x0800dffd        0x3 
 .rodata._strtod_l.str1.4
                0x0800e000        0xf c:/progra~2/gnuarm~1/102021~1.10/bin/../lib/gcc/arm-none-eabi/10.3.1/../../../../arm-none-eabi/lib/thumb/v7e-m+fp/hard\libg.a(lib_a-strtod.o)
                                 0x11 (size before relaxing)
 *fill*         0x0800e00f        0x1 
 .rodata.fpi.1  0x0800e010       0x14 c:/progra~2/gnuarm~1/102021~1.10/bin/../lib/gcc/arm-none-eabi/10.3.1/../../../../arm-none-eabi/lib/thumb/v7e-m+fp/hard\libg.a(lib_a-strtod.o)
 .rodata.fpinan.0
                0x0800e024       0x14 c:/progra~2/gnuarm~1/102021~1.10/bin/../lib/gcc/arm-none-eabi/10.3.1/../../../../arm-none-eabi/lib/thumb/v7e-m+fp/hard\libg.a(lib_a-strtod.o)
 .rodata.tinytens
                0x0800e038       0x28 c:/progra~2/gnuarm~1/102021~1.10/bin/../lib/gcc/arm-none-eabi/10.3.1/../../../../arm-none-eabi/lib/thumb/v7e-m+fp/hard\libg.a(lib_a-strtod.o)
 .rodata._vfprintf_r.str1.4
                0x0800e060       0x42 c:/progra~2/gnuarm~1/102021~1.10/bin/../lib/gcc/arm-none-eabi/10.3.1/../../../../arm-none-eabi/lib/thumb/v7e-m+fp/hard\libg.a(lib_a-vfprintf.o)
 *fill*         0x0800e0a2        0x2 
 .rodata.blanks.1
                0x0800e0a4       0x10 c:/progra~2/gnuarm~1/102021~1.10/bin/../lib/gcc/arm-none-eabi/10.3.1/../../../../arm-none-eabi/lib/thumb/v7e-m+fp/hard\libg.a(lib_a-vfprintf.o)
 .rodata.zeroes.0
                0x0800e0b4       0x10 c:/progra~2/gnuarm~1/102021~1.10/bin/../lib/gcc/arm-none-eabi/10.3.1/../../../../arm-none-eabi/lib/thumb/v7e-m+fp/hard\libg.a(lib_a-vfprintf.o)
 .rodata._dtoa_r.str1.4
                0x0800e0c4       0xa2 c:/progra~2/gnuarm~1/102021~1.10/bin/../lib/gcc/arm-none-eabi/10.3.1/../../../../arm-none-eabi/lib/thumb/v7e-m+fp/hard\libg.a(lib_a-dtoa.o)
                                 0xa6 (size before relaxing)
 *fill*         0x0800e166        0x2 
 .rodata.__gethex.str1.4
                0x0800e168       0x86 c:/progra~2/gnuarm~1/102021~1.10/bin/../lib/gcc/arm-none-eabi/10.3.1/../../../../arm-none-eabi/lib/thumb/v7e-m+fp/hard\libg.a(lib_a-gdtoa-gethex.o)
                                 0x9a (size before relaxing)
 *fill*         0x0800e1ee        0x2 
 .rodata.__hexdig
                0x0800e1f0      0x100 c:/progra~2/gnuarm~1/102021~1.10/bin/../lib/gcc/arm-none-eabi/10.3.1/../../../../arm-none-eabi/lib/thumb/v7e-m+fp/hard\libg.a(lib_a-gdtoa-gethex.o)
                0x0800e1f0                __hexdig
 .rodata.str1.4
                0x0800e2f0        0x2 c:/progra~2/gnuarm~1/102021~1.10/bin/../lib/gcc/arm-none-eabi/10.3.1/../../../../arm-none-eabi/lib/thumb/v7e-m+fp/hard\libg.a(lib_a-lnumeric.o)
                                  0x5 (size before relaxing)
 *fill*         0x0800e2f2        0x2 
 .rodata._C_numeric_locale
                0x0800e2f4        0xc c:/progra~2/gnuarm~1/102021~1.10/bin/../lib/gcc/arm-none-eabi/10.3.1/../../../../arm-none-eabi/lib/thumb/v7e-m+fp/hard\libg.a(lib_a-lnumeric.o)
                0x0800e2f4                _C_numeric_locale
 .rodata._setlocale_r.str1.4
                0x0800e300        0xa c:/progra~2/gnuarm~1/102021~1.10/bin/../lib/gcc/arm-none-eabi/10.3.1/../../../../arm-none-eabi/lib/thumb/v7e-m+fp/hard\libg.a(lib_a-locale.o)
                                  0xd (size before relaxing)
 .rodata.str1.4
                0x0800e30a        0x2 c:/progra~2/gnuarm~1/102021~1.10/bin/../lib/gcc/arm-none-eabi/10.3.1/../../../../arm-none-eabi/lib/thumb/v7e-m+fp/hard\libg.a(lib_a-locale.o)
 *fill*         0x0800e30a        0x2 
 .rodata.__multadd.str1.4
                0x0800e30c       0x7f c:/progra~2/gnuarm~1/102021~1.10/bin/../lib/gcc/arm-none-eabi/10.3.1/../../../../arm-none-eabi/lib/thumb/v7e-m+fp/hard\libg.a(lib_a-mprec.o)
                                 0x93 (size before relaxing)
 *fill*         0x0800e38b        0x5 
 .rodata.__mprec_bigtens
                0x0800e390       0x28 c:/progra~2/gnuarm~1/102021~1.10/bin/../lib/gcc/arm-none-eabi/10.3.1/../../../../arm-none-eabi/lib/thumb/v7e-m+fp/hard\libg.a(lib_a-mprec.o)
                0x0800e390                __mprec_bigtens
 .rodata.__mprec_tens
                0x0800e3b8       0xc8 c:/progra~2/gnuarm~1/102021~1.10/bin/../lib/gcc/arm-none-eabi/10.3.1/../../../../arm-none-eabi/lib/thumb/v7e-m+fp/hard\libg.a(lib_a-mprec.o)
                0x0800e3b8                __mprec_tens
 .rodata.p05.0  0x0800e480        0xc c:/progra~2/gnuarm~1/102021~1.10/bin/../lib/gcc/arm-none-eabi/10.3.1/../../../../arm-none-eabi/lib/thumb/v7e-m+fp/hard\libg.a(lib_a-mprec.o)
 .rodata._vfiprintf_r.str1.4
                0x0800e48c       0x2f c:/progra~2/gnuarm~1/102021~1.10/bin/../lib/gcc/arm-none-eabi/10.3.1/../../../../arm-none-eabi/lib/thumb/v7e-m+fp/hard\libg.a(lib_a-vfiprintf.o)
 .rodata.blanks.1
                0x0800e48c       0x10 c:/progra~2/gnuarm~1/102021~1.10/bin/../lib/gcc/arm-none-eabi/10.3.1/../../../../arm-none-eabi/lib/thumb/v7e-m+fp/hard\libg.a(lib_a-vfiprintf.o)
 .rodata.zeroes.0
                0x0800e49c       0x10 c:/progra~2/gnuarm~1/102021~1.10/bin/../lib/gcc/arm-none-eabi/10.3.1/../../../../arm-none-eabi/lib/thumb/v7e-m+fp/hard\libg.a(lib_a-vfiprintf.o)
 .rodata.__assert_func.str1.4
                0x0800e4ac       0x3f c:/progra~2/gnuarm~1/102021~1.10/bin/../lib/gcc/arm-none-eabi/10.3.1/../../../../arm-none-eabi/lib/thumb/v7e-m+fp/hard\libg.a(lib_a-assert.o)
                                 0x43 (size before relaxing)
 *fill*         0x0800e4eb        0x1 
 .rodata._ctype_
                0x0800e4ec      0x101 c:/progra~2/gnuarm~1/102021~1.10/bin/../lib/gcc/arm-none-eabi/10.3.1/../../../../arm-none-eabi/lib/thumb/v7e-m+fp/hard\libg.a(lib_a-ctype_.o)
                0x0800e4ec                _ctype_
                0x0800e5f0                . = ALIGN (0x4)
 *fill*         0x0800e5ed        0x3 
                0x0800e5f8                _sidata = LOADADDR (.data)

.ARM.exidx      0x0800e5f0        0x8
 .ARM.exidx     0x0800e5f0        0x8 c:/progra~2/gnuarm~1/102021~1.10/bin/../lib/gcc/arm-none-eabi/10.3.1/thumb/v7e-m+fp/hard\libgcc.a(_udivmoddi4.o)

.rel.dyn        0x0800e5f8        0x0
 .rel.iplt      0x0800e5f8        0x0 CMakeFiles/dgm_driver.elf.dir/Application/can_task.c.obj

.data           0x20000000      0x9c0 load address 0x0800e5f8
                0x20000000                . = ALIGN (0x4)
                0x20000000                _sdata = .
 *(.data)
 *(.data*)
 .data.SystemCoreClock
                0x20000000        0x4 CMakeFiles/dgm_driver.elf.dir/Core/Src/system_stm32f4xx.c.obj
                0x20000000                SystemCoreClock
 .data.uwTickFreq
                0x20000004        0x1 CMakeFiles/dgm_driver.elf.dir/Drivers/STM32F4xx_HAL_Driver/Src/stm32f4xx_hal.c.obj
                0x20000004                uwTickFreq
 *fill*         0x20000005        0x3 
 .data.uwTickPrio
                0x20000008        0x4 CMakeFiles/dgm_driver.elf.dir/Drivers/STM32F4xx_HAL_Driver/Src/stm32f4xx_hal.c.obj
                0x20000008                uwTickPrio
 .data.uxCriticalNesting
                0x2000000c        0x4 CMakeFiles/dgm_driver.elf.dir/Middlewares/Third_Party/FreeRTOS/Source/portable/GCC/ARM_CM4F/port.c.obj
 .data._impure_ptr
                0x20000010        0x4 c:/progra~2/gnuarm~1/102021~1.10/bin/../lib/gcc/arm-none-eabi/10.3.1/../../../../arm-none-eabi/lib/thumb/v7e-m+fp/hard\libg.a(lib_a-impure.o)
                0x20000010                _impure_ptr
 *fill*         0x20000014        0x4 
 .data.impure_data
                0x20000018      0x428 c:/progra~2/gnuarm~1/102021~1.10/bin/../lib/gcc/arm-none-eabi/10.3.1/../../../../arm-none-eabi/lib/thumb/v7e-m+fp/hard\libg.a(lib_a-impure.o)
 .data.numempty
                0x20000440        0x2 c:/progra~2/gnuarm~1/102021~1.10/bin/../lib/gcc/arm-none-eabi/10.3.1/../../../../arm-none-eabi/lib/thumb/v7e-m+fp/hard\libg.a(lib_a-lnumeric.o)
 *fill*         0x20000442        0x2 
 .data.__global_locale
                0x20000444      0x16c c:/progra~2/gnuarm~1/102021~1.10/bin/../lib/gcc/arm-none-eabi/10.3.1/../../../../arm-none-eabi/lib/thumb/v7e-m+fp/hard\libg.a(lib_a-locale.o)
                0x20000444                __global_locale
 .data.__malloc_av_
                0x200005b0      0x408 c:/progra~2/gnuarm~1/102021~1.10/bin/../lib/gcc/arm-none-eabi/10.3.1/../../../../arm-none-eabi/lib/thumb/v7e-m+fp/hard\libg.a(lib_a-mallocr.o)
                0x200005b0                __malloc_av_
 .data.__malloc_sbrk_base
                0x200009b8        0x4 c:/progra~2/gnuarm~1/102021~1.10/bin/../lib/gcc/arm-none-eabi/10.3.1/../../../../arm-none-eabi/lib/thumb/v7e-m+fp/hard\libg.a(lib_a-mallocr.o)
                0x200009b8                __malloc_sbrk_base
 .data.__malloc_trim_threshold
                0x200009bc        0x4 c:/progra~2/gnuarm~1/102021~1.10/bin/../lib/gcc/arm-none-eabi/10.3.1/../../../../arm-none-eabi/lib/thumb/v7e-m+fp/hard\libg.a(lib_a-mallocr.o)
                0x200009bc                __malloc_trim_threshold
 *(.RamFunc)
 *(.RamFunc*)
                0x200009c0                . = ALIGN (0x4)
                0x200009c0                _edata = .
                0x0800efb8                _siccmram = LOADADDR (.ccmram)

.igot.plt       0x200009c0        0x0 load address 0x0800efb8
 .igot.plt      0x200009c0        0x0 CMakeFiles/dgm_driver.elf.dir/Application/can_task.c.obj

.ccmram         0x10000000        0x0 load address 0x0800efb8
                0x10000000                . = ALIGN (0x4)
                0x10000000                _sccmram = .
 *(.ccmram)
 *(.ccmram*)
                0x10000000                . = ALIGN (0x4)
                0x10000000                _eccmram = .
                0x10000000                . = ALIGN (0x4)

.bss            0x200009c0     0x54a4
                0x200009c0                _sbss = .
                0x200009c0                __bss_start__ = _sbss
 *(.bss)
 *(.bss*)
 .bss.pid_position
                0x200009c0       0x28 CMakeFiles/dgm_driver.elf.dir/Controller/PID.c.obj
                0x200009c0                pid_position
 .bss.pid_speed
                0x200009e8       0x28 CMakeFiles/dgm_driver.elf.dir/Controller/PID.c.obj
                0x200009e8                pid_speed
 .bss.DataBuff  0x20000a10       0xc8 CMakeFiles/dgm_driver.elf.dir/Controller/PID_Adjust.c.obj
                0x20000a10                DataBuff
 .bss.RxBuffer  0x20000ad8        0x1 CMakeFiles/dgm_driver.elf.dir/Controller/PID_Adjust.c.obj
                0x20000ad8                RxBuffer
 *fill*         0x20000ad9        0x1 
 .bss.RxLine    0x20000ada        0x2 CMakeFiles/dgm_driver.elf.dir/Controller/PID_Adjust.c.obj
                0x20000ada                RxLine
 .bss.Target_Position
                0x20000adc        0x4 CMakeFiles/dgm_driver.elf.dir/Controller/PID_Adjust.c.obj
                0x20000adc                Target_Position
 .bss.Target_Speed
                0x20000ae0        0x4 CMakeFiles/dgm_driver.elf.dir/Controller/PID_Adjust.c.obj
                0x20000ae0                Target_Speed
 .bss.hcan1     0x20000ae4       0x28 CMakeFiles/dgm_driver.elf.dir/Core/Src/can.c.obj
                0x20000ae4                hcan1
 .bss.defaultTaskHandle
                0x20000b0c        0x4 CMakeFiles/dgm_driver.elf.dir/Core/Src/freertos.c.obj
                0x20000b0c                defaultTaskHandle
 .bss.g_can_tx_task_handle
                0x20000b10        0x4 CMakeFiles/dgm_driver.elf.dir/Core/Src/freertos.c.obj
                0x20000b10                g_can_tx_task_handle
 .bss.g_uart_tx_task_handle
                0x20000b14        0x4 CMakeFiles/dgm_driver.elf.dir/Core/Src/freertos.c.obj
                0x20000b14                g_uart_tx_task_handle
 .bss.htim4     0x20000b18       0x48 CMakeFiles/dgm_driver.elf.dir/Core/Src/stm32f4xx_hal_timebase_tim.c.obj
                0x20000b18                htim4
 .bss.__sbrk_heap_end
                0x20000b60        0x4 CMakeFiles/dgm_driver.elf.dir/Core/Src/sysmem.c.obj
 .bss.hdma_uart4_rx
                0x20000b64       0x60 CMakeFiles/dgm_driver.elf.dir/Core/Src/usart.c.obj
                0x20000b64                hdma_uart4_rx
 .bss.hdma_uart4_tx
                0x20000bc4       0x60 CMakeFiles/dgm_driver.elf.dir/Core/Src/usart.c.obj
                0x20000bc4                hdma_uart4_tx
 .bss.huart4    0x20000c24       0x48 CMakeFiles/dgm_driver.elf.dir/Core/Src/usart.c.obj
                0x20000c24                huart4
 .bss.uwTick    0x20000c6c        0x4 CMakeFiles/dgm_driver.elf.dir/Drivers/STM32F4xx_HAL_Driver/Src/stm32f4xx_hal.c.obj
                0x20000c6c                uwTick
 .bss.Idle_Stack.2
                0x20000c70      0x200 CMakeFiles/dgm_driver.elf.dir/Middlewares/Third_Party/FreeRTOS/Source/CMSIS_RTOS_V2/cmsis_os2.c.obj
 .bss.Idle_TCB.3
                0x20000e70      0x488 CMakeFiles/dgm_driver.elf.dir/Middlewares/Third_Party/FreeRTOS/Source/CMSIS_RTOS_V2/cmsis_os2.c.obj
 .bss.KernelState
                0x200012f8        0x4 CMakeFiles/dgm_driver.elf.dir/Middlewares/Third_Party/FreeRTOS/Source/CMSIS_RTOS_V2/cmsis_os2.c.obj
 .bss.Timer_Stack.0
                0x200012fc      0x400 CMakeFiles/dgm_driver.elf.dir/Middlewares/Third_Party/FreeRTOS/Source/CMSIS_RTOS_V2/cmsis_os2.c.obj
 *fill*         0x200016fc        0x4 
 .bss.Timer_TCB.1
                0x20001700      0x488 CMakeFiles/dgm_driver.elf.dir/Middlewares/Third_Party/FreeRTOS/Source/CMSIS_RTOS_V2/cmsis_os2.c.obj
 .bss.ucMaxSysCallPriority
                0x20001b88        0x1 CMakeFiles/dgm_driver.elf.dir/Middlewares/Third_Party/FreeRTOS/Source/portable/GCC/ARM_CM4F/port.c.obj
 *fill*         0x20001b89        0x3 
 .bss.ulMaxPRIGROUPValue
                0x20001b8c        0x4 CMakeFiles/dgm_driver.elf.dir/Middlewares/Third_Party/FreeRTOS/Source/portable/GCC/ARM_CM4F/port.c.obj
 .bss.pxEnd     0x20001b90        0x4 CMakeFiles/dgm_driver.elf.dir/Middlewares/Third_Party/FreeRTOS/Source/portable/MemMang/heap_4.c.obj