Archive member included to satisfy reference by file (symbol)

c:/progra~2/gnuarm~1/102021~1.10/bin/../lib/gcc/arm-none-eabi/10.3.1/thumb/v7e-m+fp/hard\libgcc.a(_arm_muldf3.o)
                              CMakeFiles/dgm_driver.elf.dir/Controller/PID.c.obj (__aeabi_dmul)
c:/progra~2/gnuarm~1/102021~1.10/bin/../lib/gcc/arm-none-eabi/10.3.1/thumb/v7e-m+fp/hard\libgcc.a(_arm_addsubdf3.o)
                              CMakeFiles/dgm_driver.elf.dir/Application/can_task.c.obj (__aeabi_dsub)
c:/progra~2/gnuarm~1/102021~1.10/bin/../lib/gcc/arm-none-eabi/10.3.1/thumb/v7e-m+fp/hard\libgcc.a(_arm_muldivdf3.o)
                              CMakeFiles/dgm_driver.elf.dir/Controller/PID.c.obj (__aeabi_ddiv)
c:/progra~2/gnuarm~1/102021~1.10/bin/../lib/gcc/arm-none-eabi/10.3.1/thumb/v7e-m+fp/hard\libgcc.a(_arm_truncdfsf2.o)
                              CMakeFiles/dgm_driver.elf.dir/Application/can_task.c.obj (__aeabi_d2f)
c:/progra~2/gnuarm~1/102021~1.10/bin/../lib/gcc/arm-none-eabi/10.3.1/thumb/v7e-m+fp/hard\libgcc.a(_aeabi_uldivmod.o)
                              CMakeFiles/dgm_driver.elf.dir/Drivers/STM32F4xx_HAL_Driver/Src/stm32f4xx_hal_rcc.c.obj (__aeabi_uldivmod)
c:/progra~2/gnuarm~1/102021~1.10/bin/../lib/gcc/arm-none-eabi/10.3.1/thumb/v7e-m+fp/hard\libgcc.a(_udivmoddi4.o)
                              c:/progra~2/gnuarm~1/102021~1.10/bin/../lib/gcc/arm-none-eabi/10.3.1/thumb/v7e-m+fp/hard\libgcc.a(_aeabi_uldivmod.o) (__udivmoddi4)
c:/progra~2/gnuarm~1/102021~1.10/bin/../lib/gcc/arm-none-eabi/10.3.1/thumb/v7e-m+fp/hard\libgcc.a(_dvmd_tls.o)
                              c:/progra~2/gnuarm~1/102021~1.10/bin/../lib/gcc/arm-none-eabi/10.3.1/thumb/v7e-m+fp/hard\libgcc.a(_aeabi_uldivmod.o) (__aeabi_ldiv0)
c:/progra~2/gnuarm~1/102021~1.10/bin/../lib/gcc/arm-none-eabi/10.3.1/../../../../arm-none-eabi/lib/thumb/v7e-m+fp/hard\libg.a(lib_a-errno.o)
                              CMakeFiles/dgm_driver.elf.dir/Core/Src/syscalls.c.obj (__errno)
c:/progra~2/gnuarm~1/102021~1.10/bin/../lib/gcc/arm-none-eabi/10.3.1/../../../../arm-none-eabi/lib/thumb/v7e-m+fp/hard\libg.a(lib_a-exit.o)
                              c:/progra~2/gnuarm~1/102021~1.10/bin/../lib/gcc/arm-none-eabi/10.3.1/../../../../arm-none-eabi/lib/thumb/v7e-m+fp/hard/crt0.o (exit)
c:/progra~2/gnuarm~1/102021~1.10/bin/../lib/gcc/arm-none-eabi/10.3.1/../../../../arm-none-eabi/lib/thumb/v7e-m+fp/hard\libg.a(lib_a-impure.o)
                              c:/progra~2/gnuarm~1/102021~1.10/bin/../lib/gcc/arm-none-eabi/10.3.1/../../../../arm-none-eabi/lib/thumb/v7e-m+fp/hard\libg.a(lib_a-exit.o) (_global_impure_ptr)
c:/progra~2/gnuarm~1/102021~1.10/bin/../lib/gcc/arm-none-eabi/10.3.1/../../../../arm-none-eabi/lib/thumb/v7e-m+fp/hard\libg.a(lib_a-init.o)
                              c:/progra~2/gnuarm~1/102021~1.10/bin/../lib/gcc/arm-none-eabi/10.3.1/../../../../arm-none-eabi/lib/thumb/v7e-m+fp/hard/crt0.o (__libc_init_array)
c:/progra~2/gnuarm~1/102021~1.10/bin/../lib/gcc/arm-none-eabi/10.3.1/../../../../arm-none-eabi/lib/thumb/v7e-m+fp/hard\libg.a(lib_a-memcpy.o)
                              CMakeFiles/dgm_driver.elf.dir/Middlewares/Third_Party/FreeRTOS/Source/CMSIS_RTOS_V2/cmsis_os2.c.obj (memcpy)
c:/progra~2/gnuarm~1/102021~1.10/bin/../lib/gcc/arm-none-eabi/10.3.1/../../../../arm-none-eabi/lib/thumb/v7e-m+fp/hard\libg.a(lib_a-memset.o)
                              c:/progra~2/gnuarm~1/102021~1.10/bin/../lib/gcc/arm-none-eabi/10.3.1/../../../../arm-none-eabi/lib/thumb/v7e-m+fp/hard/crt0.o (memset)
c:/progra~2/gnuarm~1/102021~1.10/bin/../lib/gcc/arm-none-eabi/10.3.1/../../../../arm-none-eabi/lib/thumb/v7e-m+fp/hard\libg.a(lib_a-printf.o)
                              CMakeFiles/dgm_driver.elf.dir/User/IRQ.c.obj (printf)
c:/progra~2/gnuarm~1/102021~1.10/bin/../lib/gcc/arm-none-eabi/10.3.1/../../../../arm-none-eabi/lib/thumb/v7e-m+fp/hard\libg.a(lib_a-puts.o)
                              CMakeFiles/dgm_driver.elf.dir/Core/Src/main.c.obj (puts)
c:/progra~2/gnuarm~1/102021~1.10/bin/../lib/gcc/arm-none-eabi/10.3.1/../../../../arm-none-eabi/lib/thumb/v7e-m+fp/hard\libg.a(lib_a-reent.o)
                              CMakeFiles/dgm_driver.elf.dir/Middlewares/Third_Party/FreeRTOS/Source/tasks.c.obj (_reclaim_reent)
c:/progra~2/gnuarm~1/102021~1.10/bin/../lib/gcc/arm-none-eabi/10.3.1/../../../../arm-none-eabi/lib/thumb/v7e-m+fp/hard\libg.a(lib_a-setvbuf.o)
                              CMakeFiles/dgm_driver.elf.dir/User/retarget.c.obj (setvbuf)
c:/progra~2/gnuarm~1/102021~1.10/bin/../lib/gcc/arm-none-eabi/10.3.1/../../../../arm-none-eabi/lib/thumb/v7e-m+fp/hard\libg.a(lib_a-strlen.o)
                              c:/progra~2/gnuarm~1/102021~1.10/bin/../lib/gcc/arm-none-eabi/10.3.1/../../../../arm-none-eabi/lib/thumb/v7e-m+fp/hard\libg.a(lib_a-puts.o) (strlen)
c:/progra~2/gnuarm~1/102021~1.10/bin/../lib/gcc/arm-none-eabi/10.3.1/../../../../arm-none-eabi/lib/thumb/v7e-m+fp/hard\libg.a(lib_a-strtod.o)
[...]
Memory Configuration

Name             Origin             Length             Attributes
CCMRAM           0x10000000         0x00010000         xrw
RAM              0x20000000         0x00020000         xrw
FLASH            0x08000000         0x00100000         xr
*default*        0x00000000         0xffffffff

Linker script and memory map

LOAD c:/progra~2/gnuarm~1/102021~1.10/bin/../lib/gcc/arm-none-eabi/10.3.1/thumb/v7e-m+fp/hard/crti.o
LOAD c:/progra~2/gnuarm~1/102021~1.10/bin/../lib/gcc/arm-none-eabi/10.3.1/thumb/v7e-m+fp/hard/crtbegin.o
LOAD c:/progra~2/gnuarm~1/102021~1.10/bin/../lib/gcc/arm-none-eabi/10.3.1/../../../../arm-none-eabi/lib/thumb/v7e-m+fp/hard/crt0.o
LOAD CMakeFiles/dgm_driver.elf.dir/Application/can_task.c.obj
LOAD CMakeFiles/dgm_driver.elf.dir/Application/usart_task.c.obj
LOAD CMakeFiles/dgm_driver.elf.dir/BSP/my_can.c.obj
LOAD CMakeFiles/dgm_driver.elf.dir/Controller/PID.c.obj
LOAD CMakeFiles/dgm_driver.elf.dir/Controller/PID_Adjust.c.obj
LOAD CMakeFiles/dgm_driver.elf.dir/Core/Src/can.c.obj
LOAD CMakeFiles/dgm_driver.elf.dir/Core/Src/dma.c.obj
LOAD CMakeFiles/dgm_driver.elf.dir/Core/Src/freertos.c.obj
LOAD CMakeFiles/dgm_driver.elf.dir/Core/Src/gpio.c.obj
LOAD CMakeFiles/dgm_driver.elf.dir/Core/Src/main.c.obj
LOAD CMakeFiles/dgm_driver.elf.dir/Core/Src/stm32f4xx_hal_msp.c.obj
LOAD CMakeFiles/dgm_driver.elf.dir/Core/Src/stm32f4xx_hal_timebase_tim.c.obj
LOAD CMakeFiles/dgm_driver.elf.dir/Core/Src/stm32f4xx_it.c.obj
LOAD CMakeFiles/dgm_driver.elf.dir/Core/Src/syscalls.c.obj
LOAD CMakeFiles/dgm_driver.elf.dir/Core/Src/sysmem.c.obj
LOAD CMakeFiles/dgm_driver.elf.dir/Core/Src/system_stm32f4xx.c.obj
LOAD CMakeFiles/dgm_driver.elf.dir/Core/Src/usart.c.obj
LOAD CMakeFiles/dgm_driver.elf.dir/Core/Startup/startup_stm32f405rgtx.s.obj
LOAD CMakeFiles/dgm_driver.elf.dir/Drivers/STM32F4xx_HAL_Driver/Src/stm32f4xx_hal.c.obj
LOAD CMakeFiles/dgm_driver.elf.dir/Drivers/STM32F4xx_HAL_Driver/Src/stm32f4xx_hal_can.c.obj
LOAD CMakeFiles/dgm_driver.elf.dir/Drivers/STM32F4xx_HAL_Driver/Src/stm32f4xx_hal_cortex.c.obj
LOAD CMakeFiles/dgm_driver.elf.dir/Drivers/STM32F4xx_HAL_Driver/Src/stm32f4xx_hal_dma.c.obj
LOAD CMakeFiles/dgm_driver.elf.dir/Drivers/STM32F4xx_HAL_Driver/Src/stm32f4xx_hal_dma_ex.c.obj
LOAD CMakeFiles/dgm_driver.elf.dir/Drivers/STM32F4xx_HAL_Driver/Src/stm32f4xx_hal_exti.c.obj
LOAD CMakeFiles/dgm_driver.elf.dir/Drivers/STM32F4xx_HAL_Driver/Src/stm32f4xx_hal_flash.c.obj
LOAD CMakeFiles/dgm_driver.elf.dir/Drivers/STM32F4xx_HAL_Driver/Src/stm32f4xx_hal_flash_ex.c.obj
LOAD CMakeFiles/dgm_driver.elf.dir/Drivers/STM32F4xx_HAL_Driver/Src/stm32f4xx_hal_flash_ramfunc.c.obj
LOAD CMakeFiles/dgm_driver.elf.dir/Drivers/STM32F4xx_HAL_Driver/Src/stm32f4xx_hal_gpio.c.obj
LOAD CMakeFiles/dgm_driver.elf.dir/Drivers/STM32F4xx_HAL_Driver/Src/stm32f4xx_hal_pwr.c.obj
LOAD CMakeFiles/dgm_driver.elf.dir/Drivers/STM32F4xx_HAL_Driver/Src/stm32f4xx_hal_pwr_ex.c.obj
LOAD CMakeFiles/dgm_driver.elf.dir/Drivers/STM32F4xx_HAL_Driver/Src/stm32f4xx_hal_rcc.c.obj
LOAD CMakeFiles/dgm_driver.elf.dir/Drivers/STM32F4xx_HAL_Driver/Src/stm32f4xx_hal_rcc_ex.c.obj
LOAD CMakeFiles/dgm_driver.elf.dir/Drivers/STM32F4xx_HAL_Driver/Src/stm32f4xx_hal_tim.c.obj
LOAD CMakeFiles/dgm_driver.elf.dir/Drivers/STM32F4xx_HAL_Driver/Src/stm32f4xx_hal_tim_ex.c.obj
LOAD CMakeFiles/dgm_driver.elf.dir/Drivers/STM32F4xx_HAL_Driver/Src/stm32f4xx_hal_uart.c.obj
LOAD CMakeFiles/dgm_driver.elf.dir/Middlewares/Third_Party/FreeRTOS/Source/CMSIS_RTOS_V2/cmsis_os2.c.obj
LOAD CMakeFiles/dgm_driver.elf.dir/Middlewares/Third_Party/FreeRTOS/Source/croutine.c.obj
LOAD CMakeFiles/dgm_driver.elf.dir/Middlewares/Third_Party/FreeRTOS/Source/event_groups.c.obj
LOAD CMakeFiles/dgm_driver.elf.dir/Middlewares/Third_Party/FreeRTOS/Source/list.c.obj
LOAD CMakeFiles/dgm_driver.elf.dir/Middlewares/Third_Party/FreeRTOS/Source/portable/GCC/ARM_CM4F/port.c.obj
LOAD CMakeFiles/dgm_driver.elf.dir/Middlewares/Third_Party/FreeRTOS/Source/portable/MemMang/heap_4.c.obj
LOAD CMakeFiles/dgm_driver.elf.dir/Middlewares/Third_Party/FreeRTOS/Source/queue.c.obj
LOAD CMakeFiles/dgm_driver.elf.dir/Middlewares/Third_Party/FreeRTOS/Source/stream_buffer.c.obj
LOAD CMakeFiles/dgm_driver.elf.dir/Middlewares/Third_Party/FreeRTOS/Source/tasks.c.obj
LOAD CMakeFiles/dgm_driver.elf.dir/Middlewares/Third_Party/FreeRTOS/Source/timers.c.obj
LOAD CMakeFiles/dgm_driver.elf.dir/User/IRQ.c.obj
LOAD CMakeFiles/dgm_driver.elf.dir/User/Init.c.obj
LOAD CMakeFiles/dgm_driver.elf.dir/User/dgm_driver.c.obj
LOAD CMakeFiles/dgm_driver.elf.dir/User/retarget.c.obj
START GROUP
LOAD c:/progra~2/gnuarm~1/102021~1.10/bin/../lib/gcc/arm-none-eabi/10.3.1/thumb/v7e-m+fp/hard\libgcc.a
LOAD c:/progra~2/gnuarm~1/102021~1.10/bin/../lib/gcc/arm-none-eabi/10.3.1/../../../../arm-none-eabi/lib/thumb/v7e-m+fp/hard\libg.a
LOAD c:/progra~2/gnuarm~1/102021~1.10/bin/../lib/gcc/arm-none-eabi/10.3.1/../../../../arm-none-eabi/lib/thumb/v7e-m+fp/hard\libc.a
END GROUP
LOAD c:/progra~2/gnuarm~1/102021~1.10/bin/../lib/gcc/arm-none-eabi/10.3.1/thumb/v7e-m+fp/hard/crtend.o
LOAD c:/progra~2/gnuarm~1/102021~1.10/bin/../lib/gcc/arm-none-eabi/10.3.1/thumb/v7e-m+fp/hard/crtn.o
                0x20020000                _estack = (ORIGIN (RAM) + LENGTH (RAM))
                0x00000200                _Min_Heap_Size = 0x200
                0x00000400                _Min_Stack_Size = 0x400

.isr_vector     0x08000000      0x188
                0x08000000                . = ALIGN (0x4)
 *(.isr_vector)
 .isr_vector    0x08000000      0x188 CMakeFiles/dgm_driver.elf.dir/Core/Startup/startup_stm32f405rgtx.s.obj
                0x08000000                g_pfnVectors
                0x08000188                . = ALIGN (0x4)

.text           0x080001c0     0xdc14
                0x080001c0                . = ALIGN (0x4)
 *(.text)
 .text          0x080001c0      0x378 c:/progra~2/gnuarm~1/102021~1.10/bin/../lib/gcc/arm-none-eabi/10.3.1/thumb/v7e-m+fp/hard\libgcc.a(_arm_addsubdf3.o)
                0x080001c0                __aeabi_drsub
                0x080001c8                __aeabi_dsub
                0x080001c8                __subdf3
                0x080001cc                __aeabi_dadd
                0x080001cc                __adddf3
                0x08000444                __floatunsidf
                0x08000444                __aeabi_ui2d
                0x08000464                __floatsidf
                0x08000464                __aeabi_i2d
                0x08000488                __aeabi_f2d
                0x08000488                __extendsfdf2
                0x080004cc                __floatundidf
                0x080004cc                __aeabi_ul2d
                0x080004dc                __floatdidf
                0x080004dc                __aeabi_l2d
 .text          0x08000538      0x424 c:/progra~2/gnuarm~1/102021~1.10/bin/../lib/gcc/arm-none-eabi/10.3.1/thumb/v7e-m+fp/hard\libgcc.a(_arm_muldivdf3.o)
                0x08000538                __aeabi_dmul
                0x08000538                __muldf3
                0x0800078c                __divdf3
                0x0800078c                __aeabi_ddiv
 .text          0x0800095c       0xa0 c:/progra~2/gnuarm~1/102021~1.10/bin/../lib/gcc/arm-none-eabi/10.3.1/thumb/v7e-m+fp/hard\libgcc.a(_arm_truncdfsf2.o)
                0x0800095c                __truncdfsf2
                0x0800095c                __aeabi_d2f
 .text          0x080009fc       0x30 c:/progra~2/gnuarm~1/102021~1.10/bin/../lib/gcc/arm-none-eabi/10.3.1/thumb/v7e-m+fp/hard\libgcc.a(_aeabi_uldivmod.o)
                0x080009fc                __aeabi_uldivmod
 .text          0x08000a2c      0x2d0 c:/progra~2/gnuarm~1/102021~1.10/bin/../lib/gcc/arm-none-eabi/10.3.1/thumb/v7e-m+fp/hard\libgcc.a(_udivmoddi4.o)
                0x08000a2c                __udivmoddi4
 .text          0x08000cfc        0x4 c:/progra~2/gnuarm~1/102021~1.10/bin/../lib/gcc/arm-none-eabi/10.3.1/thumb/v7e-m+fp/hard\libgcc.a(_dvmd_tls.o)
                0x08000cfc                __aeabi_idiv0
                0x08000cfc                __aeabi_ldiv0
 .text          0x08000d00      0x134 c:/progra~2/gnuarm~1/102021~1.10/bin/../lib/gcc/arm-none-eabi/10.3.1/../../../../arm-none-eabi/lib/thumb/v7e-m+fp/hard\libg.a(lib_a-memcpy.o)
                0x08000d00                memcpy
 *fill*         0x08000e34        0xc 
 .text          0x08000e40       0xdc c:/progra~2/gnuarm~1/102021~1.10/bin/../lib/gcc/arm-none-eabi/10.3.1/../../../../arm-none-eabi/lib/thumb/v7e-m+fp/hard\libg.a(lib_a-strlen.o)
                0x08000e40                strlen
 *fill*         0x08000f1c        0x4 
 .text          0x08000f20       0xa0 c:/progra~2/gnuarm~1/102021~1.10/bin/../lib/gcc/arm-none-eabi/10.3.1/../../../../arm-none-eabi/lib/thumb/v7e-m+fp/hard\libg.a(lib_a-memchr.o)
                0x08000f20                memchr
 .text          0x08000fc0      0x110 c:/progra~2/gnuarm~1/102021~1.10/bin/../lib/gcc/arm-none-eabi/10.3.1/thumb/v7e-m+fp/hard\libgcc.a(_arm_cmpdf2.o)
                0x08000fc0                __gtdf2
                0x08000fc0                __gedf2
                0x08000fc8                __ltdf2
                0x08000fc8                __ledf2
                0x08000fd0                __nedf2
                0x08000fd0                __eqdf2
                0x08000fd0                __cmpdf2
                0x0800104c                __aeabi_cdrcmple
                0x0800105c                __aeabi_cdcmpeq
                0x0800105c                __aeabi_cdcmple
                0x0800106c                __aeabi_dcmpeq
                0x08001080                __aeabi_dcmplt
                0x08001094                __aeabi_dcmple
                0x080010a8                __aeabi_dcmpge
                0x080010bc                __aeabi_dcmpgt
 .text          0x080010d0       0x2c c:/progra~2/gnuarm~1/102021~1.10/bin/../lib/gcc/arm-none-eabi/10.3.1/thumb/v7e-m+fp/hard\libgcc.a(_arm_unorddf2.o)
                0x080010d0                __unorddf2
                0x080010d0                __aeabi_dcmpun
 .text          0x080010fc       0x50 c:/progra~2/gnuarm~1/102021~1.10/bin/../lib/gcc/arm-none-eabi/10.3.1/thumb/v7e-m+fp/hard\libgcc.a(_arm_fixdfsi.o)
                0x080010fc                __aeabi_d2iz
                0x080010fc                __fixdfsi
 .text          0x0800114c       0x40 c:/progra~2/gnuarm~1/102021~1.10/bin/../lib/gcc/arm-none-eabi/10.3.1/thumb/v7e-m+fp/hard\libgcc.a(_arm_fixunsdfsi.o)
                0x0800114c                __aeabi_d2uiz
                0x0800114c                __fixunsdfsi
 .text          0x0800118c       0x30 c:/progra~2/gnuarm~1/102021~1.10/bin/../lib/gcc/arm-none-eabi/10.3.1/thumb/v7e-m+fp/hard\libgcc.a(_fixdfdi.o)
                0x0800118c                __fixdfdi
                0x0800118c                __aeabi_d2lz
 .text          0x080011bc       0x3c c:/progra~2/gnuarm~1/102021~1.10/bin/../lib/gcc/arm-none-eabi/10.3.1/thumb/v7e-m+fp/hard\libgcc.a(_fixunsdfdi.o)
                0x080011bc                __fixunsdfdi
                0x080011bc                __aeabi_d2ulz
 *(.text*)
 .text.can_tx_task
                0x080011f8       0x90 CMakeFiles/dgm_driver.elf.dir/Application/can_task.c.obj
                0x080011f8                can_tx_task
 .text.usart_tx_task
                0x08001288        0xa CMakeFiles/dgm_driver.elf.dir/Application/usart_task.c.obj
                0x08001288                usart_tx_task
 .text.CAN_Init
                0x08001292       0x2e CMakeFiles/dgm_driver.elf.dir/BSP/my_can.c.obj
                0x08001292                CAN_Init
 .text.CAN_Transmit_DATA
                0x080012c0       0x38 CMakeFiles/dgm_driver.elf.dir/BSP/my_can.c.obj
                0x080012c0                CAN_Transmit_DATA
 .text.CAN_Filter_Mask_Config_32bit
                0x080012f8       0x60 CMakeFiles/dgm_driver.elf.dir/BSP/my_can.c.obj
                0x080012f8                CAN_Filter_Mask_Config_32bit
 .text.PID_Init
                0x08001358       0x5c CMakeFiles/dgm_driver.elf.dir/Controller/PID.c.obj
                0x08001358                PID_Init
 .text.Get_Data
                0x080013b4       0x88 CMakeFiles/dgm_driver.elf.dir/Controller/PID_Adjust.c.obj
                0x080013b4                Get_Data
 .text.USART_PID_Adjust
                0x0800143c       0xd8 CMakeFiles/dgm_driver.elf.dir/Controller/PID_Adjust.c.obj
                0x0800143c                USART_PID_Adjust
 .text.MX_CAN1_Init
                0x08001514       0x40 CMakeFiles/dgm_driver.elf.dir/Core/Src/can.c.obj
                0x08001514                MX_CAN1_Init
 .text.HAL_CAN_MspInit
                0x08001554       0xb0 CMakeFiles/dgm_driver.elf.dir/Core/Src/can.c.obj
                0x08001554                HAL_CAN_MspInit
 .text.MX_DMA_Init
                0x08001604       0x44 CMakeFiles/dgm_driver.elf.dir/Core/Src/dma.c.obj
                0x08001604                MX_DMA_Init
 .text.StartDefaultTask
                0x08001648        0xa CMakeFiles/dgm_driver.elf.dir/Core/Src/freertos.c.obj
                0x08001648                StartDefaultTask
 *fill*         0x08001652        0x2 
 .text.MX_FREERTOS_Init
                0x08001654       0x60 CMakeFiles/dgm_driver.elf.dir/Core/Src/freertos.c.obj
                0x08001654                MX_FREERTOS_Init
 .text.MX_GPIO_Init
                0x080016b4       0x38 CMakeFiles/dgm_driver.elf.dir/Core/Src/gpio.c.obj
                0x080016b4                MX_GPIO_Init
 .text.HAL_TIM_PeriodElapsedCallback
                0x080016ec       0x18 CMakeFiles/dgm_driver.elf.dir/Core/Src/main.c.obj
                0x080016ec                HAL_TIM_PeriodElapsedCallback
 .text.Error_Handler
                0x08001704        0x4 CMakeFiles/dgm_driver.elf.dir/Core/Src/main.c.obj
                0x08001704                Error_Handler
 .text.SystemClock_Config
                0x08001708       0xa4 CMakeFiles/dgm_driver.elf.dir/Core/Src/main.c.obj
                0x08001708                SystemClock_Config
 .text.main     0x080017ac       0x40 CMakeFiles/dgm_driver.elf.dir/Core/Src/main.c.obj
                0x080017ac                main
 .text.HAL_MspInit
                0x080017ec       0x44 CMakeFiles/dgm_driver.elf.dir/Core/Src/stm32f4xx_hal_msp.c.obj
                0x080017ec                HAL_MspInit
 .text.HAL_InitTick
                0x08001830       0xa4 CMakeFiles/dgm_driver.elf.dir/Core/Src/stm32f4xx_hal_timebase_tim.c.obj
                0x08001830                HAL_InitTick
 .text.NMI_Handler
                0x080018d4        0x2 CMakeFiles/dgm_driver.elf.dir/Core/Src/stm32f4xx_it.c.obj
                0x080018d4                NMI_Handler
 .text.HardFault_Handler
                0x080018d6        0x2 CMakeFiles/dgm_driver.elf.dir/Core/Src/stm32f4xx_it.c.obj
                0x080018d6                HardFault_Handler
 .text.MemManage_Handler
                0x080018d8        0x2 CMakeFiles/dgm_driver.elf.dir/Core/Src/stm32f4xx_it.c.obj
                0x080018d8                MemManage_Handler
 .text.BusFault_Handler
                0x080018da        0x2 CMakeFiles/dgm_driver.elf.dir/Core/Src/stm32f4xx_it.c.obj
                0x080018da                BusFault_Handler
 .text.UsageFault_Handler
                0x080018dc        0x2 CMakeFiles/dgm_driver.elf.dir/Core/Src/stm32f4xx_it.c.obj
                0x080018dc                UsageFault_Handler
 .text.DebugMon_Handler
                0x080018de        0x2 CMakeFiles/dgm_driver.elf.dir/Core/Src/stm32f4xx_it.c.obj
                0x080018de                DebugMon_Handler
 .text.DMA1_Stream2_IRQHandler
                0x080018e0       0x10 CMakeFiles/dgm_driver.elf.dir/Core/Src/stm32f4xx_it.c.obj
                0x080018e0                DMA1_Stream2_IRQHandler
 .text.DMA1_Stream4_IRQHandler
                0x080018f0       0x10 CMakeFiles/dgm_driver.elf.dir/Core/Src/stm32f4xx_it.c.obj
                0x080018f0                DMA1_Stream4_IRQHandler
 .text.CAN1_TX_IRQHandler
                0x08001900       0x10 CMakeFiles/dgm_driver.elf.dir/Core/Src/stm32f4xx_it.c.obj
                0x08001900                CAN1_TX_IRQHandler
 .text.CAN1_RX0_IRQHandler
                0x08001910       0x10 CMakeFiles/dgm_driver.elf.dir/Core/Src/stm32f4xx_it.c.obj
                0x08001910                CAN1_RX0_IRQHandler
 .text.CAN1_RX1_IRQHandler
                0x08001920       0x10 CMakeFiles/dgm_driver.elf.dir/Core/Src/stm32f4xx_it.c.obj
                0x08001920                CAN1_RX1_IRQHandler
 .text.CAN1_SCE_IRQHandler
                0x08001930       0x10 CMakeFiles/dgm_driver.elf.dir/Core/Src/stm32f4xx_it.c.obj
                0x08001930                CAN1_SCE_IRQHandler
 .text.TIM4_IRQHandler
                0x08001940       0x10 CMakeFiles/dgm_driver.elf.dir/Core/Src/stm32f4xx_it.c.obj
                0x08001940                TIM4_IRQHandler
 .text.UART4_IRQHandler
                0x08001950       0x10 CMakeFiles/dgm_driver.elf.dir/Core/Src/stm32f4xx_it.c.obj
                0x08001950                UART4_IRQHandler
 .text._getpid  0x08001960        0x4 CMakeFiles/dgm_driver.elf.dir/Core/Src/syscalls.c.obj
                0x08001960                _getpid
 .text._kill    0x08001964       0x10 CMakeFiles/dgm_driver.elf.dir/Core/Src/syscalls.c.obj
                0x08001964                _kill
 .text._exit    0x08001974        0xc CMakeFiles/dgm_driver.elf.dir/Core/Src/syscalls.c.obj
                0x08001974                _exit
 .text._sbrk    0x08001980       0x48 CMakeFiles/dgm_driver.elf.dir/Core/Src/sysmem.c.obj
                0x08001980                _sbrk
 .text.SystemInit
                0x080019c8       0x14 CMakeFiles/dgm_driver.elf.dir/Core/Src/system_stm32f4xx.c.obj
                0x080019c8                SystemInit
 .text.MX_UART4_Init
                0x080019dc       0x34 CMakeFiles/dgm_driver.elf.dir/Core/Src/usart.c.obj
                0x080019dc                MX_UART4_Init
 .text.HAL_UART_MspInit
                0x08001a10       0xfc CMakeFiles/dgm_driver.elf.dir/Core/Src/usart.c.obj
                0x08001a10                HAL_UART_MspInit
 .text.Reset_Handler
                0x08001b0c       0x50 CMakeFiles/dgm_driver.elf.dir/Core/Startup/startup_stm32f405rgtx.s.obj
                0x08001b0c                Reset_Handler
 .text.Default_Handler
                0x08001b5c        0x2 CMakeFiles/dgm_driver.elf.dir/Core/Startup/startup_stm32f405rgtx.s.obj
                0x08001b5c                RTC_Alarm_IRQHandler
                0x08001b5c                HASH_RNG_IRQHandler
                0x08001b5c                EXTI2_IRQHandler
                0x08001b5c                TIM8_CC_IRQHandler
                0x08001b5c                TIM1_CC_IRQHandler
                0x08001b5c                DMA2_Stream5_IRQHandler
                0x08001b5c                DMA1_Stream5_IRQHandler
                0x08001b5c                PVD_IRQHandler
                0x08001b5c                SDIO_IRQHandler
                0x08001b5c                TAMP_STAMP_IRQHandler
                0x08001b5c                CAN2_RX1_IRQHandler
                0x08001b5c                EXTI3_IRQHandler
                0x08001b5c                TIM8_TRG_COM_TIM14_IRQHandler
                0x08001b5c                TIM1_UP_TIM10_IRQHandler
                0x08001b5c                TIM8_UP_TIM13_IRQHandler
                0x08001b5c                I2C3_ER_IRQHandler
                0x08001b5c                EXTI0_IRQHandler
                0x08001b5c                I2C2_EV_IRQHandler
                0x08001b5c                FPU_IRQHandler
                0x08001b5c                OTG_HS_WKUP_IRQHandler
                0x08001b5c                CAN2_SCE_IRQHandler
                0x08001b5c                DMA2_Stream2_IRQHandler
                0x08001b5c                SPI1_IRQHandler
                0x08001b5c                TIM6_DAC_IRQHandler
                0x08001b5c                TIM1_BRK_TIM9_IRQHandler
                0x08001b5c                CAN2_RX0_IRQHandler
                0x08001b5c                DMA2_Stream3_IRQHandler
                0x08001b5c                USART6_IRQHandler
                0x08001b5c                USART3_IRQHandler
                0x08001b5c                UART5_IRQHandler
                0x08001b5c                DMA2_Stream0_IRQHandler
                0x08001b5c                I2C1_EV_IRQHandler
                0x08001b5c                DMA1_Stream6_IRQHandler
                0x08001b5c                DMA1_Stream1_IRQHandler
                0x08001b5c                TIM3_IRQHandler
                0x08001b5c                RCC_IRQHandler
                0x08001b5c                TIM8_BRK_TIM12_IRQHandler
                0x08001b5c                Default_Handler
                0x08001b5c                EXTI15_10_IRQHandler
                0x08001b5c                ADC_IRQHandler
                0x08001b5c                DMA1_Stream7_IRQHandler
                0x08001b5c                TIM7_IRQHandler
                0x08001b5c                CAN2_TX_IRQHandler
                0x08001b5c                TIM5_IRQHandler
                0x08001b5c                DMA2_Stream7_IRQHandler
                0x08001b5c                I2C3_EV_IRQHandler
                0x08001b5c                EXTI9_5_IRQHandler
                0x08001b5c                RTC_WKUP_IRQHandler
                0x08001b5c                SPI2_IRQHandler
                0x08001b5c                OTG_HS_EP1_IN_IRQHandler
                0x08001b5c                DMA1_Stream0_IRQHandler
                0x08001b5c                EXTI4_IRQHandler
                0x08001b5c                FSMC_IRQHandler
                0x08001b5c                OTG_HS_EP1_OUT_IRQHandler
                0x08001b5c                WWDG_IRQHandler
                0x08001b5c                TIM2_IRQHandler
                0x08001b5c                OTG_FS_WKUP_IRQHandler
                0x08001b5c                TIM1_TRG_COM_TIM11_IRQHandler
                0x08001b5c                OTG_HS_IRQHandler
                0x08001b5c                EXTI1_IRQHandler
                0x08001b5c                USART2_IRQHandler
                0x08001b5c                I2C2_ER_IRQHandler
                0x08001b5c                DMA2_Stream1_IRQHandler
                0x08001b5c                FLASH_IRQHandler
                0x08001b5c                DMA2_Stream4_IRQHandler
                0x08001b5c                USART1_IRQHandler
                0x08001b5c                OTG_FS_IRQHandler
                0x08001b5c                SPI3_IRQHandler
                0x08001b5c                I2C1_ER_IRQHandler
                0x08001b5c                DMA2_Stream6_IRQHandler
                0x08001b5c                DMA1_Stream3_IRQHandler
 *fill*         0x08001b5e        0x2 
 .text.HAL_Init
                0x08001b60       0x34 CMakeFiles/dgm_driver.elf.dir/Drivers/STM32F4xx_HAL_Driver/Src/stm32f4xx_hal.c.obj
                0x08001b60                HAL_Init
 .text.HAL_IncTick
                0x08001b94       0x18 CMakeFiles/dgm_driver.elf.dir/Drivers/STM32F4xx_HAL_Driver/Src/stm32f4xx_hal.c.obj
                0x08001b94                HAL_IncTick
 .text.HAL_GetTick
                0x08001bac        0xc CMakeFiles/dgm_driver.elf.dir/Drivers/STM32F4xx_HAL_Driver/Src/stm32f4xx_hal.c.obj
                0x08001bac                HAL_GetTick
 .text.HAL_Delay
                0x08001bb8       0x28 CMakeFiles/dgm_driver.elf.dir/Drivers/STM32F4xx_HAL_Driver/Src/stm32f4xx_hal.c.obj
                0x08001bb8                HAL_Delay
 .text.HAL_CAN_Init
                0x08001be0      0x14c CMakeFiles/dgm_driver.elf.dir/Drivers/STM32F4xx_HAL_Driver/Src/stm32f4xx_hal_can.c.obj
                0x08001be0                HAL_CAN_Init
 .text.HAL_CAN_ConfigFilter
                0x08001d2c      0x138 CMakeFiles/dgm_driver.elf.dir/Drivers/STM32F4xx_HAL_Driver/Src/stm32f4xx_hal_can.c.obj
                0x08001d2c                HAL_CAN_ConfigFilter
 .text.HAL_CAN_Start
                0x08001e64       0x5c CMakeFiles/dgm_driver.elf.dir/Drivers/STM32F4xx_HAL_Driver/Src/stm32f4xx_hal_can.c.obj
                0x08001e64                HAL_CAN_Start
 .text.HAL_CAN_AddTxMessage
                0x08001ec0       0xea CMakeFiles/dgm_driver.elf.dir/Drivers/STM32F4xx_HAL_Driver/Src/stm32f4xx_hal_can.c.obj
                0x08001ec0                HAL_CAN_AddTxMessage
 .text.HAL_CAN_GetRxMessage
                0x08001faa      0x16a CMakeFiles/dgm_driver.elf.dir/Drivers/STM32F4xx_HAL_Driver/Src/stm32f4xx_hal_can.c.obj
                0x08001faa                HAL_CAN_GetRxMessage
 .text.HAL_CAN_ActivateNotification
                0x08002114       0x24 CMakeFiles/dgm_driver.elf.dir/Drivers/STM32F4xx_HAL_Driver/Src/stm32f4xx_hal_can.c.obj
                0x08002114                HAL_CAN_ActivateNotification
 .text.HAL_CAN_TxMailbox0CompleteCallback
                0x08002138        0x2 CMakeFiles/dgm_driver.elf.dir/Drivers/STM32F4xx_HAL_Driver/Src/stm32f4xx_hal_can.c.obj
                0x08002138                HAL_CAN_TxMailbox0CompleteCallback
 .text.HAL_CAN_TxMailbox1CompleteCallback
                0x0800213a        0x2 CMakeFiles/dgm_driver.elf.dir/Drivers/STM32F4xx_HAL_Driver/Src/stm32f4xx_hal_can.c.obj
                0x0800213a                HAL_CAN_TxMailbox1CompleteCallback
 .text.HAL_CAN_TxMailbox2CompleteCallback
                0x0800213c        0x2 CMakeFiles/dgm_driver.elf.dir/Drivers/STM32F4xx_HAL_Driver/Src/stm32f4xx_hal_can.c.obj
                0x0800213c                HAL_CAN_TxMailbox2CompleteCallback
 .text.HAL_CAN_TxMailbox0AbortCallback
                0x0800213e        0x2 CMakeFiles/dgm_driver.elf.dir/Drivers/STM32F4xx_HAL_Driver/Src/stm32f4xx_hal_can.c.obj
                0x0800213e                HAL_CAN_TxMailbox0AbortCallback
 .text.HAL_CAN_TxMailbox1AbortCallback
                0x08002140        0x2 CMakeFiles/dgm_driver.elf.dir/Drivers/STM32F4xx_HAL_Driver/Src/stm32f4xx_hal_can.c.obj
                0x08002140                HAL_CAN_TxMailbox1AbortCallback
 .text.HAL_CAN_TxMailbox2AbortCallback
                0x08002142        0x2 CMakeFiles/dgm_driver.elf.dir/Drivers/STM32F4xx_HAL_Driver/Src/stm32f4xx_hal_can.c.obj
                0x08002142                HAL_CAN_TxMailbox2AbortCallback
 .text.HAL_CAN_RxFifo0FullCallback
                0x08002144        0x2 CMakeFiles/dgm_driver.elf.dir/Drivers/STM32F4xx_HAL_Driver/Src/stm32f4xx_hal_can.c.obj
                0x08002144                HAL_CAN_RxFifo0FullCallback
 .text.HAL_CAN_RxFifo1MsgPendingCallback
                0x08002146        0x2 CMakeFiles/dgm_driver.elf.dir/Drivers/STM32F4xx_HAL_Driver/Src/stm32f4xx_hal_can.c.obj
                0x08002146                HAL_CAN_RxFifo1MsgPendingCallback
 .text.HAL_CAN_RxFifo1FullCallback
                0x08002148        0x2 CMakeFiles/dgm_driver.elf.dir/Drivers/STM32F4xx_HAL_Driver/Src/stm32f4xx_hal_can.c.obj
                0x08002148                HAL_CAN_RxFifo1FullCallback
 .text.HAL_CAN_SleepCallback
                0x0800214a        0x2 CMakeFiles/dgm_driver.elf.dir/Drivers/STM32F4xx_HAL_Driver/Src/stm32f4xx_hal_can.c.obj
                0x0800214a                HAL_CAN_SleepCallback
 .text.HAL_CAN_WakeUpFromRxMsgCallback
                0x0800214c        0x2 CMakeFiles/dgm_driver.elf.dir/Drivers/STM32F4xx_HAL_Driver/Src/stm32f4xx_hal_can.c.obj
                0x0800214c                HAL_CAN_WakeUpFromRxMsgCallback
 .text.HAL_CAN_ErrorCallback
                0x0800214e        0x2 CMakeFiles/dgm_driver.elf.dir/Drivers/STM32F4xx_HAL_Driver/Src/stm32f4xx_hal_can.c.obj
                0x0800214e                HAL_CAN_ErrorCallback
 .text.HAL_CAN_IRQHandler
                0x08002150      0x24a CMakeFiles/dgm_driver.elf.dir/Drivers/STM32F4xx_HAL_Driver/Src/stm32f4xx_hal_can.c.obj
                0x08002150                HAL_CAN_IRQHandler
 *fill*         0x0800239a        0x2 
 .text.HAL_NVIC_SetPriorityGrouping
                0x0800239c       0x24 CMakeFiles/dgm_driver.elf.dir/Drivers/STM32F4xx_HAL_Driver/Src/stm32f4xx_hal_cortex.c.obj
                0x0800239c                HAL_NVIC_SetPriorityGrouping
 .text.HAL_NVIC_SetPriority
                0x080023c0       0x70 CMakeFiles/dgm_driver.elf.dir/Drivers/STM32F4xx_HAL_Driver/Src/stm32f4xx_hal_cortex.c.obj
                0x080023c0                HAL_NVIC_SetPriority
 .text.HAL_NVIC_EnableIRQ
                0x08002430       0x1c CMakeFiles/dgm_driver.elf.dir/Drivers/STM32F4xx_HAL_Driver/Src/stm32f4xx_hal_cortex.c.obj
                0x08002430                HAL_NVIC_EnableIRQ
 .text.DMA_CalcBaseAndBitshift
                0x0800244c       0x44 CMakeFiles/dgm_driver.elf.dir/Drivers/STM32F4xx_HAL_Driver/Src/stm32f4xx_hal_dma.c.obj
 .text.DMA_CheckFifoParam
                0x08002490       0x8e CMakeFiles/dgm_driver.elf.dir/Drivers/STM32F4xx_HAL_Driver/Src/stm32f4xx_hal_dma.c.obj
 *fill*         0x0800251e        0x2 
 .text.HAL_DMA_Init
                0x08002520       0xcc CMakeFiles/dgm_driver.elf.dir/Drivers/STM32F4xx_HAL_Driver/Src/stm32f4xx_hal_dma.c.obj
                0x08002520                HAL_DMA_Init
 .text.HAL_DMA_Abort
                0x080025ec       0x94 CMakeFiles/dgm_driver.elf.dir/Drivers/STM32F4xx_HAL_Driver/Src/stm32f4xx_hal_dma.c.obj
                0x080025ec                HAL_DMA_Abort
 .text.HAL_DMA_Abort_IT
                0x08002680       0x26 CMakeFiles/dgm_driver.elf.dir/Drivers/STM32F4xx_HAL_Driver/Src/stm32f4xx_hal_dma.c.obj
                0x08002680                HAL_DMA_Abort_IT
 *fill*         0x080026a6        0x2 
 .text.HAL_DMA_IRQHandler
                0x080026a8      0x1dc CMakeFiles/dgm_driver.elf.dir/Drivers/STM32F4xx_HAL_Driver/Src/stm32f4xx_hal_dma.c.obj
                0x080026a8                HAL_DMA_IRQHandler
 .text.HAL_GPIO_Init
                0x08002884      0x1e4 CMakeFiles/dgm_driver.elf.dir/Drivers/STM32F4xx_HAL_Driver/Src/stm32f4xx_hal_gpio.c.obj
                0x08002884                HAL_GPIO_Init
 .text.HAL_RCC_OscConfig
                0x08002a68      0x3f8 CMakeFiles/dgm_driver.elf.dir/Drivers/STM32F4xx_HAL_Driver/Src/stm32f4xx_hal_rcc.c.obj
                0x08002a68                HAL_RCC_OscConfig
 .text.HAL_RCC_GetSysClockFreq
                0x08002e60       0xa4 CMakeFiles/dgm_driver.elf.dir/Drivers/STM32F4xx_HAL_Driver/Src/stm32f4xx_hal_rcc.c.obj
                0x08002e60                HAL_RCC_GetSysClockFreq
 .text.HAL_RCC_ClockConfig
                0x08002f04      0x160 CMakeFiles/dgm_driver.elf.dir/Drivers/STM32F4xx_HAL_Driver/Src/stm32f4xx_hal_rcc.c.obj
                0x08002f04                HAL_RCC_ClockConfig
 .text.HAL_RCC_GetHCLKFreq
                0x08003064        0xc CMakeFiles/dgm_driver.elf.dir/Drivers/STM32F4xx_HAL_Driver/Src/stm32f4xx_hal_rcc.c.obj
                0x08003064                HAL_RCC_GetHCLKFreq
 .text.HAL_RCC_GetPCLK1Freq
                0x08003070       0x20 CMakeFiles/dgm_driver.elf.dir/Drivers/STM32F4xx_HAL_Driver/Src/stm32f4xx_hal_rcc.c.obj
                0x08003070                HAL_RCC_GetPCLK1Freq
 .text.HAL_RCC_GetPCLK2Freq
                0x08003090       0x20 CMakeFiles/dgm_driver.elf.dir/Drivers/STM32F4xx_HAL_Driver/Src/stm32f4xx_hal_rcc.c.obj
                0x08003090                HAL_RCC_GetPCLK2Freq
 .text.HAL_RCC_GetClockConfig
                0x080030b0       0x3c CMakeFiles/dgm_driver.elf.dir/Drivers/STM32F4xx_HAL_Driver/Src/stm32f4xx_hal_rcc.c.obj
                0x080030b0                HAL_RCC_GetClockConfig
 .text.HAL_TIM_Base_MspInit
                0x080030ec        0x2 CMakeFiles/dgm_driver.elf.dir/Drivers/STM32F4xx_HAL_Driver/Src/stm32f4xx_hal_tim.c.obj
                0x080030ec                HAL_TIM_Base_MspInit
 *fill*         0x080030ee        0x2 
 .text.HAL_TIM_Base_Start_IT
                0x080030f0       0x88 CMakeFiles/dgm_driver.elf.dir/Drivers/STM32F4xx_HAL_Driver/Src/stm32f4xx_hal_tim.c.obj
                0x080030f0                HAL_TIM_Base_Start_IT
 .text.HAL_TIM_OC_DelayElapsedCallback
                0x08003178        0x2 CMakeFiles/dgm_driver.elf.dir/Drivers/STM32F4xx_HAL_Driver/Src/stm32f4xx_hal_tim.c.obj
                0x08003178                HAL_TIM_OC_DelayElapsedCallback
 .text.HAL_TIM_IC_CaptureCallback
                0x0800317a        0x2 CMakeFiles/dgm_driver.elf.dir/Drivers/STM32F4xx_HAL_Driver/Src/stm32f4xx_hal_tim.c.obj
                0x0800317a                HAL_TIM_IC_CaptureCallback
 .text.HAL_TIM_PWM_PulseFinishedCallback
                0x0800317c        0x2 CMakeFiles/dgm_driver.elf.dir/Drivers/STM32F4xx_HAL_Driver/Src/stm32f4xx_hal_tim.c.obj
                0x0800317c                HAL_TIM_PWM_PulseFinishedCallback
 .text.HAL_TIM_TriggerCallback
                0x0800317e        0x2 CMakeFiles/dgm_driver.elf.dir/Drivers/STM32F4xx_HAL_Driver/Src/stm32f4xx_hal_tim.c.obj
                0x0800317e                HAL_TIM_TriggerCallback
 .text.HAL_TIM_IRQHandler
                0x08003180      0x15e CMakeFiles/dgm_driver.elf.dir/Drivers/STM32F4xx_HAL_Driver/Src/stm32f4xx_hal_tim.c.obj
                0x08003180                HAL_TIM_IRQHandler
 *fill*         0x080032de        0x2 
 .text.TIM_Base_SetConfig
                0x080032e0       0xd8 CMakeFiles/dgm_driver.elf.dir/Drivers/STM32F4xx_HAL_Driver/Src/stm32f4xx_hal_tim.c.obj
                0x080032e0                TIM_Base_SetConfig
 .text.HAL_TIM_Base_Init
                0x080033b8       0x58 CMakeFiles/dgm_driver.elf.dir/Drivers/STM32F4xx_HAL_Driver/Src/stm32f4xx_hal_tim.c.obj
                0x080033b8                HAL_TIM_Base_Init
 .text.HAL_TIMEx_CommutCallback
                0x08003410        0x2 CMakeFiles/dgm_driver.elf.dir/Drivers/STM32F4xx_HAL_Driver/Src/stm32f4xx_hal_tim_ex.c.obj
                0x08003410                HAL_TIMEx_CommutCallback
 .text.HAL_TIMEx_BreakCallback
                0x08003412        0x2 CMakeFiles/dgm_driver.elf.dir/Drivers/STM32F4xx_HAL_Driver/Src/stm32f4xx_hal_tim_ex.c.obj
                0x08003412                HAL_TIMEx_BreakCallback
 .text.UART_EndRxTransfer
                0x08003414       0x5c CMakeFiles/dgm_driver.elf.dir/Drivers/STM32F4xx_HAL_Driver/Src/stm32f4xx_hal_uart.c.obj
 .text.UART_Transmit_IT
                0x08003470       0x60 CMakeFiles/dgm_driver.elf.dir/Drivers/STM32F4xx_HAL_Driver/Src/stm32f4xx_hal_uart.c.obj
 .text.UART_SetConfig
                0x080034d0      0x110 CMakeFiles/dgm_driver.elf.dir/Drivers/STM32F4xx_HAL_Driver/Src/stm32f4xx_hal_uart.c.obj
 .text.UART_WaitOnFlagUntilTimeout
                0x080035e0       0x8a CMakeFiles/dgm_driver.elf.dir/Drivers/STM32F4xx_HAL_Driver/Src/stm32f4xx_hal_uart.c.obj
 .text.HAL_UART_Init
                0x0800366a       0x60 CMakeFiles/dgm_driver.elf.dir/Drivers/STM32F4xx_HAL_Driver/Src/stm32f4xx_hal_uart.c.obj
                0x0800366a                HAL_UART_Init
 .text.HAL_UART_Transmit
                0x080036ca       0xcc CMakeFiles/dgm_driver.elf.dir/Drivers/STM32F4xx_HAL_Driver/Src/stm32f4xx_hal_uart.c.obj
                0x080036ca                HAL_UART_Transmit
 .text.HAL_UART_Receive
                0x08003796       0xd2 CMakeFiles/dgm_driver.elf.dir/Drivers/STM32F4xx_HAL_Driver/Src/stm32f4xx_hal_uart.c.obj
                0x08003796                HAL_UART_Receive
 .text.HAL_UART_TxCpltCallback
                0x08003868        0x2 CMakeFiles/dgm_driver.elf.dir/Drivers/STM32F4xx_HAL_Driver/Src/stm32f4xx_hal_uart.c.obj
                0x08003868                HAL_UART_TxCpltCallback
 .text.UART_EndTransmit_IT
                0x0800386a       0x1a CMakeFiles/dgm_driver.elf.dir/Drivers/STM32F4xx_HAL_Driver/Src/stm32f4xx_hal_uart.c.obj
 .text.HAL_UART_ErrorCallback
                0x08003884        0x2 CMakeFiles/dgm_driver.elf.dir/Drivers/STM32F4xx_HAL_Driver/Src/stm32f4xx_hal_uart.c.obj
                0x08003884                HAL_UART_ErrorCallback
 .text.UART_DMAAbortOnError
                0x08003886       0x10 CMakeFiles/dgm_driver.elf.dir/Drivers/STM32F4xx_HAL_Driver/Src/stm32f4xx_hal_uart.c.obj
 .text.HAL_UARTEx_RxEventCallback
                0x08003896        0x2 CMakeFiles/dgm_driver.elf.dir/Drivers/STM32F4xx_HAL_Driver/Src/stm32f4xx_hal_uart.c.obj
                0x08003896                HAL_UARTEx_RxEventCallback
 .text.UART_Receive_IT
                0x08003898       0xe6 CMakeFiles/dgm_driver.elf.dir/Drivers/STM32F4xx_HAL_Driver/Src/stm32f4xx_hal_uart.c.obj
 *fill*         0x0800397e        0x2 
 .text.HAL_UART_IRQHandler
                0x08003980      0x288 CMakeFiles/dgm_driver.elf.dir/Drivers/STM32F4xx_HAL_Driver/Src/stm32f4xx_hal_uart.c.obj
                0x08003980                HAL_UART_IRQHandler
 .text.UART_Start_Receive_IT
                0x08003c08       0x36 CMakeFiles/dgm_driver.elf.dir/Drivers/STM32F4xx_HAL_Driver/Src/stm32f4xx_hal_uart.c.obj
                0x08003c08                UART_Start_Receive_IT
 .text.HAL_UART_Receive_IT
                0x08003c3e       0x26 CMakeFiles/dgm_driver.elf.dir/Drivers/STM32F4xx_HAL_Driver/Src/stm32f4xx_hal_uart.c.obj
                0x08003c3e                HAL_UART_Receive_IT
 .text.SysTick_Handler
                0x08003c64       0x18 CMakeFiles/dgm_driver.elf.dir/Middlewares/Third_Party/FreeRTOS/Source/CMSIS_RTOS_V2/cmsis_os2.c.obj
                0x08003c64                SysTick_Handler
 .text.osKernelInitialize
                0x08003c7c       0x24 CMakeFiles/dgm_driver.elf.dir/Middlewares/Third_Party/FreeRTOS/Source/CMSIS_RTOS_V2/cmsis_os2.c.obj
                0x08003c7c                osKernelInitialize
 .text.osKernelStart
                0x08003ca0       0x38 CMakeFiles/dgm_driver.elf.dir/Middlewares/Third_Party/FreeRTOS/Source/CMSIS_RTOS_V2/cmsis_os2.c.obj
                0x08003ca0                osKernelStart
 .text.osThreadNew
                0x08003cd8       0xbe CMakeFiles/dgm_driver.elf.dir/Middlewares/Third_Party/FreeRTOS/Source/CMSIS_RTOS_V2/cmsis_os2.c.obj
                0x08003cd8                osThreadNew
 .text.osDelay  0x08003d96       0x1c CMakeFiles/dgm_driver.elf.dir/Middlewares/Third_Party/FreeRTOS/Source/CMSIS_RTOS_V2/cmsis_os2.c.obj
                0x08003d96                osDelay
 *fill*         0x08003db2        0x2 
 .text.vApplicationGetIdleTaskMemory
                0x08003db4       0x18 CMakeFiles/dgm_driver.elf.dir/Middlewares/Third_Party/FreeRTOS/Source/CMSIS_RTOS_V2/cmsis_os2.c.obj
                0x08003db4                vApplicationGetIdleTaskMemory
 .text.vApplicationGetTimerTaskMemory
                0x08003dcc       0x18 CMakeFiles/dgm_driver.elf.dir/Middlewares/Third_Party/FreeRTOS/Source/CMSIS_RTOS_V2/cmsis_os2.c.obj
                0x08003dcc                vApplicationGetTimerTaskMemory
 .text.vListInitialise
                0x08003de4       0x16 CMakeFiles/dgm_driver.elf.dir/Middlewares/Third_Party/FreeRTOS/Source/list.c.obj
                0x08003de4                vListInitialise
 .text.vListInitialiseItem
                0x08003dfa        0x6 CMakeFiles/dgm_driver.elf.dir/Middlewares/Third_Party/FreeRTOS/Source/list.c.obj
                0x08003dfa                vListInitialiseItem
 .text.vListInsertEnd
                0x08003e00       0x16 CMakeFiles/dgm_driver.elf.dir/Middlewares/Third_Party/FreeRTOS/Source/list.c.obj
                0x08003e00                vListInsertEnd
 .text.vListInsert
                0x08003e16       0x32 CMakeFiles/dgm_driver.elf.dir/Middlewares/Third_Party/FreeRTOS/Source/list.c.obj
                0x08003e16                vListInsert
 .text.uxListRemove
                0x08003e48       0x26 CMakeFiles/dgm_driver.elf.dir/Middlewares/Third_Party/FreeRTOS/Source/list.c.obj
                0x08003e48                uxListRemove
 *fill*         0x08003e6e        0x2 
 .text.prvTaskExitError
                0x08003e70       0x40 CMakeFiles/dgm_driver.elf.dir/Middlewares/Third_Party/FreeRTOS/Source/portable/GCC/ARM_CM4F/port.c.obj
 .text.prvPortStartFirstTask
                0x08003eb0       0x28 CMakeFiles/dgm_driver.elf.dir/Middlewares/Third_Party/FreeRTOS/Source/portable/GCC/ARM_CM4F/port.c.obj
 .text.vPortEnableVFP
                0x08003ed8       0x14 CMakeFiles/dgm_driver.elf.dir/Middlewares/Third_Party/FreeRTOS/Source/portable/GCC/ARM_CM4F/port.c.obj
 .text.pxPortInitialiseStack
                0x08003eec       0x2c CMakeFiles/dgm_driver.elf.dir/Middlewares/Third_Party/FreeRTOS/Source/portable/GCC/ARM_CM4F/port.c.obj
                0x08003eec                pxPortInitialiseStack
 *fill*         0x08003f18        0x8 
 .text.SVC_Handler
                0x08003f20       0x24 CMakeFiles/dgm_driver.elf.dir/Middlewares/Third_Party/FreeRTOS/Source/portable/GCC/ARM_CM4F/port.c.obj
                0x08003f20                SVC_Handler
 .text.vPortEnterCritical
                0x08003f44       0x44 CMakeFiles/dgm_driver.elf.dir/Middlewares/Third_Party/FreeRTOS/Source/portable/GCC/ARM_CM4F/port.c.obj
                0x08003f44                vPortEnterCritical
 .text.vPortExitCritical
                0x08003f88       0x2c CMakeFiles/dgm_driver.elf.dir/Middlewares/Third_Party/FreeRTOS/Source/portable/GCC/ARM_CM4F/port.c.obj
                0x08003f88                vPortExitCritical
 *fill*         0x08003fb4        0xc 
 .text.PendSV_Handler
                0x08003fc0       0x64 CMakeFiles/dgm_driver.elf.dir/Middlewares/Third_Party/FreeRTOS/Source/portable/GCC/ARM_CM4F/port.c.obj
                0x08003fc0                PendSV_Handler
 .text.xPortSysTickHandler
                0x08004024       0x2c CMakeFiles/dgm_driver.elf.dir/Middlewares/Third_Party/FreeRTOS/Source/portable/GCC/ARM_CM4F/port.c.obj
                0x08004024                xPortSysTickHandler
 .text.vPortSetupTimerInterrupt
                0x08004050       0x28 CMakeFiles/dgm_driver.elf.dir/Middlewares/Third_Party/FreeRTOS/Source/portable/GCC/ARM_CM4F/port.c.obj
                0x08004050                vPortSetupTimerInterrupt
 .text.xPortStartScheduler
                0x08004078      0x118 CMakeFiles/dgm_driver.elf.dir/Middlewares/Third_Party/FreeRTOS/Source/portable/GCC/ARM_CM4F/port.c.obj
                0x08004078                xPortStartScheduler
 .text.vPortValidateInterruptPriority
                0x08004190       0x5c CMakeFiles/dgm_driver.elf.dir/Middlewares/Third_Party/FreeRTOS/Source/portable/GCC/ARM_CM4F/port.c.obj
                0x08004190                vPortValidateInterruptPriority
 .text.prvHeapInit
                0x080041ec       0x64 CMakeFiles/dgm_driver.elf.dir/Middlewares/Third_Party/FreeRTOS/Source/portable/MemMang/heap_4.c.obj
 .text.prvInsertBlockIntoFreeList
                0x08004250       0x64 CMakeFiles/dgm_driver.elf.dir/Middlewares/Third_Party/FreeRTOS/Source/portable/MemMang/heap_4.c.obj
 .text.pvPortMalloc
                0x080042b4       0xfc CMakeFiles/dgm_driver.elf.dir/Middlewares/Third_Party/FreeRTOS/Source/portable/MemMang/heap_4.c.obj
                0x080042b4                pvPortMalloc
 .text.vPortFree
                0x080043b0       0x7c CMakeFiles/dgm_driver.elf.dir/Middlewares/Third_Party/FreeRTOS/Source/portable/MemMang/heap_4.c.obj
                0x080043b0                vPortFree
 .text.prvIsQueueFull
                0x0800442c       0x1e CMakeFiles/dgm_driver.elf.dir/Middlewares/Third_Party/FreeRTOS/Source/queue.c.obj
 .text.prvIsQueueEmpty
                0x0800444a       0x1a CMakeFiles/dgm_driver.elf.dir/Middlewares/Third_Party/FreeRTOS/Source/queue.c.obj
 .text.prvCopyDataToQueue
                0x08004464       0x76 CMakeFiles/dgm_driver.elf.dir/Middlewares/Third_Party/FreeRTOS/Source/queue.c.obj
 .text.prvCopyDataFromQueue
                0x080044da       0x24 CMakeFiles/dgm_driver.elf.dir/Middlewares/Third_Party/FreeRTOS/Source/queue.c.obj
 .text.prvUnlockQueue
                0x080044fe       0x6e CMakeFiles/dgm_driver.elf.dir/Middlewares/Third_Party/FreeRTOS/Source/queue.c.obj
 .text.xQueueGenericReset
                0x0800456c       0x84 CMakeFiles/dgm_driver.elf.dir/Middlewares/Third_Party/FreeRTOS/Source/queue.c.obj
                0x0800456c                xQueueGenericReset
 .text.prvInitialiseNewQueue
                0x080045f0       0x22 CMakeFiles/dgm_driver.elf.dir/Middlewares/Third_Party/FreeRTOS/Source/queue.c.obj
 .text.xQueueGenericCreateStatic
                0x08004612       0x94 CMakeFiles/dgm_driver.elf.dir/Middlewares/Third_Party/FreeRTOS/Source/queue.c.obj
                0x08004612                xQueueGenericCreateStatic
 .text.xQueueGenericSend
                0x080046a6      0x188 CMakeFiles/dgm_driver.elf.dir/Middlewares/Third_Party/FreeRTOS/Source/queue.c.obj
                0x080046a6                xQueueGenericSend
 .text.xQueueGenericSendFromISR
                0x0800482e       0xce CMakeFiles/dgm_driver.elf.dir/Middlewares/Third_Party/FreeRTOS/Source/queue.c.obj
                0x0800482e                xQueueGenericSendFromISR
 .text.xQueueReceive
                0x080048fc      0x15e CMakeFiles/dgm_driver.elf.dir/Middlewares/Third_Party/FreeRTOS/Source/queue.c.obj
                0x080048fc                xQueueReceive
 *fill*         0x08004a5a        0x2 
 .text.vQueueAddToRegistry
                0x08004a5c       0x28 CMakeFiles/dgm_driver.elf.dir/Middlewares/Third_Party/FreeRTOS/Source/queue.c.obj
                0x08004a5c                vQueueAddToRegistry
 .text.vQueueWaitForMessageRestricted
                0x08004a84       0x52 CMakeFiles/dgm_driver.elf.dir/Middlewares/Third_Party/FreeRTOS/Source/queue.c.obj
                0x08004a84                vQueueWaitForMessageRestricted
 *fill*         0x08004ad6        0x2 
 .text.prvResetNextTaskUnblockTime
                0x08004ad8       0x2c CMakeFiles/dgm_driver.elf.dir/Middlewares/Third_Party/FreeRTOS/Source/tasks.c.obj
 .text.prvInitialiseNewTask
                0x08004b04      0x106 CMakeFiles/dgm_driver.elf.dir/Middlewares/Third_Party/FreeRTOS/Source/tasks.c.obj
 *fill*         0x08004c0a        0x2 
 .text.prvInitialiseTaskLists
                0x08004c0c       0x68 CMakeFiles/dgm_driver.elf.dir/Middlewares/Third_Party/FreeRTOS/Source/tasks.c.obj
 .text.prvAddNewTaskToReadyList
                0x08004c74       0xac CMakeFiles/dgm_driver.elf.dir/Middlewares/Third_Party/FreeRTOS/Source/tasks.c.obj
 .text.prvDeleteTCB
                0x08004d20       0x40 CMakeFiles/dgm_driver.elf.dir/Middlewares/Third_Party/FreeRTOS/Source/tasks.c.obj
 .text.prvCheckTasksWaitingTermination
                0x08004d60       0x4c CMakeFiles/dgm_driver.elf.dir/Middlewares/Third_Party/FreeRTOS/Source/tasks.c.obj
 .text.prvIdleTask
                0x08004dac       0x28 CMakeFiles/dgm_driver.elf.dir/Middlewares/Third_Party/FreeRTOS/Source/tasks.c.obj
 .text.prvAddCurrentTaskToDelayedList
                0x08004dd4       0x7c CMakeFiles/dgm_driver.elf.dir/Middlewares/Third_Party/FreeRTOS/Source/tasks.c.obj
 .text.xTaskCreateStatic
                0x08004e50       0x7a CMakeFiles/dgm_driver.elf.dir/Middlewares/Third_Party/FreeRTOS/Source/tasks.c.obj
                0x08004e50                xTaskCreateStatic
 .text.xTaskCreate
                0x08004eca       0x6a CMakeFiles/dgm_driver.elf.dir/Middlewares/Third_Party/FreeRTOS/Source/tasks.c.obj
                0x08004eca                xTaskCreate
 .text.vTaskStartScheduler
                0x08004f34       0xac CMakeFiles/dgm_driver.elf.dir/Middlewares/Third_Party/FreeRTOS/Source/tasks.c.obj
                0x08004f34                vTaskStartScheduler
 .text.vTaskSuspendAll
                0x08004fe0       0x10 CMakeFiles/dgm_driver.elf.dir/Middlewares/Third_Party/FreeRTOS/Source/tasks.c.obj
                0x08004fe0                vTaskSuspendAll
 .text.xTaskGetTickCount
                0x08004ff0        0xc CMakeFiles/dgm_driver.elf.dir/Middlewares/Third_Party/FreeRTOS/Source/tasks.c.obj
                0x08004ff0                xTaskGetTickCount
 .text.xTaskIncrementTick
                0x08004ffc      0x118 CMakeFiles/dgm_driver.elf.dir/Middlewares/Third_Party/FreeRTOS/Source/tasks.c.obj
                0x08004ffc                xTaskIncrementTick
 .text.xTaskResumeAll
                0x08005114       0xf8 CMakeFiles/dgm_driver.elf.dir/Middlewares/Third_Party/FreeRTOS/Source/tasks.c.obj
                0x08005114                xTaskResumeAll
 .text.vTaskDelay
                0x0800520c       0x4c CMakeFiles/dgm_driver.elf.dir/Middlewares/Third_Party/FreeRTOS/Source/tasks.c.obj
                0x0800520c                vTaskDelay
 .text.vTaskSwitchContext
                0x08005258       0xa0 CMakeFiles/dgm_driver.elf.dir/Middlewares/Third_Party/FreeRTOS/Source/tasks.c.obj
                0x08005258                vTaskSwitchContext
 .text.vTaskPlaceOnEventList
                0x080052f8       0x30 CMakeFiles/dgm_driver.elf.dir/Middlewares/Third_Party/FreeRTOS/Source/tasks.c.obj
                0x080052f8                vTaskPlaceOnEventList
 .text.vTaskPlaceOnEventListRestricted
                0x08005328       0x38 CMakeFiles/dgm_driver.elf.dir/Middlewares/Third_Party/FreeRTOS/Source/tasks.c.obj
                0x08005328                vTaskPlaceOnEventListRestricted
 .text.xTaskRemoveFromEventList
                0x08005360       0x8c CMakeFiles/dgm_driver.elf.dir/Middlewares/Third_Party/FreeRTOS/Source/tasks.c.obj
                0x08005360                xTaskRemoveFromEventList
 .text.vTaskInternalSetTimeOutState
                0x080053ec       0x18 CMakeFiles/dgm_driver.elf.dir/Middlewares/Third_Party/FreeRTOS/Source/tasks.c.obj
                0x080053ec                vTaskInternalSetTimeOutState
 .text.xTaskCheckForTimeOut
                0x08005404       0x84 CMakeFiles/dgm_driver.elf.dir/Middlewares/Third_Party/FreeRTOS/Source/tasks.c.obj
                0x08005404                xTaskCheckForTimeOut
 .text.vTaskMissedYield
                0x08005488        0xc CMakeFiles/dgm_driver.elf.dir/Middlewares/Third_Party/FreeRTOS/Source/tasks.c.obj
                0x08005488                vTaskMissedYield
 .text.xTaskGetSchedulerState
                0x08005494       0x20 CMakeFiles/dgm_driver.elf.dir/Middlewares/Third_Party/FreeRTOS/Source/tasks.c.obj
                0x08005494                xTaskGetSchedulerState
 .text.xTaskPriorityDisinherit
                0x080054b4       0x90 CMakeFiles/dgm_driver.elf.dir/Middlewares/Third_Party/FreeRTOS/Source/tasks.c.obj
                0x080054b4                xTaskPriorityDisinherit
 .text.prvGetNextExpireTime
                0x08005544       0x20 CMakeFiles/dgm_driver.elf.dir/Middlewares/Third_Party/FreeRTOS/Source/timers.c.obj
 .text.prvInsertTimerInActiveList
                0x08005564       0x48 CMakeFiles/dgm_driver.elf.dir/Middlewares/Third_Party/FreeRTOS/Source/timers.c.obj
 .text.prvCheckForValidListAndQueue
                0x080055ac       0x70 CMakeFiles/dgm_driver.elf.dir/Middlewares/Third_Party/FreeRTOS/Source/timers.c.obj
 .text.xTimerCreateTimerTask
                0x0800561c       0x64 CMakeFiles/dgm_driver.elf.dir/Middlewares/Third_Party/FreeRTOS/Source/timers.c.obj
                0x0800561c                xTimerCreateTimerTask
 .text.xTimerGenericCommand
                0x08005680       0x6c CMakeFiles/dgm_driver.elf.dir/Middlewares/Third_Party/FreeRTOS/Source/timers.c.obj
                0x08005680                xTimerGenericCommand
 .text.prvSwitchTimerLists
                0x080056ec       0x7c CMakeFiles/dgm_driver.elf.dir/Middlewares/Third_Party/FreeRTOS/Source/timers.c.obj
 .text.prvSampleTimeNow
                0x08005768       0x2c CMakeFiles/dgm_driver.elf.dir/Middlewares/Third_Party/FreeRTOS/Source/timers.c.obj
 .text.prvProcessExpiredTimer
                0x08005794       0x6c CMakeFiles/dgm_driver.elf.dir/Middlewares/Third_Party/FreeRTOS/Source/timers.c.obj
 .text.prvProcessTimerOrBlockTask
                0x08005800       0x74 CMakeFiles/dgm_driver.elf.dir/Middlewares/Third_Party/FreeRTOS/Source/timers.c.obj
 .text.prvProcessReceivedCommands
                0x08005874      0x10c CMakeFiles/dgm_driver.elf.dir/Middlewares/Third_Party/FreeRTOS/Source/timers.c.obj
 .text.prvTimerTask
                0x08005980       0x16 CMakeFiles/dgm_driver.elf.dir/Middlewares/Third_Party/FreeRTOS/Source/timers.c.obj
 *fill*         0x08005996        0x2 
 .text.HAL_CAN_RxFifo0MsgPendingCallback
                0x08005998      0x2c4 CMakeFiles/dgm_driver.elf.dir/User/IRQ.c.obj
                0x08005998                HAL_CAN_RxFifo0MsgPendingCallback
 .text.HAL_UART_RxCpltCallback
                0x08005c5c       0x84 CMakeFiles/dgm_driver.elf.dir/User/IRQ.c.obj
                0x08005c5c                HAL_UART_RxCpltCallback
 .text.my_Init  0x08005ce0       0x48 CMakeFiles/dgm_driver.elf.dir/User/Init.c.obj
                0x08005ce0                my_Init
 .text.DGM_Motor_Enable
                0x08005d28       0x20 CMakeFiles/dgm_driver.elf.dir/User/dgm_driver.c.obj
                0x08005d28                DGM_Motor_Enable
 .text.DGM_Motor_Set_Speed
                0x08005d48       0x24 CMakeFiles/dgm_driver.elf.dir/User/dgm_driver.c.obj
                0x08005d48                DGM_Motor_Set_Speed
 .text.RetargetInit
                0x08005d6c       0x20 CMakeFiles/dgm_driver.elf.dir/User/retarget.c.obj
                0x08005d6c                RetargetInit
 .text._isatty  0x08005d8c       0x16 CMakeFiles/dgm_driver.elf.dir/User/retarget.c.obj
                0x08005d8c                _isatty
 *fill*         0x08005da2        0x2 
 .text._write   0x08005da4       0x34 CMakeFiles/dgm_driver.elf.dir/User/retarget.c.obj
                0x08005da4                _write
 .text._close   0x08005dd8       0x18 CMakeFiles/dgm_driver.elf.dir/User/retarget.c.obj
                0x08005dd8                _close
 .text._lseek   0x08005df0       0x10 CMakeFiles/dgm_driver.elf.dir/User/retarget.c.obj
                0x08005df0                _lseek
 .text._read    0x08005e00       0x30 CMakeFiles/dgm_driver.elf.dir/User/retarget.c.obj
                0x08005e00                _read
 .text._fstat   0x08005e30       0x1a CMakeFiles/dgm_driver.elf.dir/User/retarget.c.obj
                0x08005e30                _fstat
 *fill*         0x08005e4a        0x2 
 .text.__errno  0x08005e4c        0xc c:/progra~2/gnuarm~1/102021~1.10/bin/../lib/gcc/arm-none-eabi/10.3.1/../../../../arm-none-eabi/lib/thumb/v7e-m+fp/hard\libg.a(lib_a-errno.o)
                0x08005e4c                __errno
 .text.__libc_init_array
                0x08005e58       0x48 c:/progra~2/gnuarm~1/102021~1.10/bin/../lib/gcc/arm-none-eabi/10.3.1/../../../../arm-none-eabi/lib/thumb/v7e-m+fp/hard\libg.a(lib_a-init.o)
                0x08005e58                __libc_init_array
 .text.memset   0x08005ea0       0xa4 c:/progra~2/gnuarm~1/102021~1.10/bin/../lib/gcc/arm-none-eabi/10.3.1/../../../../arm-none-eabi/lib/thumb/v7e-m+fp/hard\libg.a(lib_a-memset.o)
                0x08005ea0                memset
 .text.printf   0x08005f44       0x28 c:/progra~2/gnuarm~1/102021~1.10/bin/../lib/gcc/arm-none-eabi/10.3.1/../../../../arm-none-eabi/lib/thumb/v7e-m+fp/hard\libg.a(lib_a-printf.o)
                0x08005f44                printf
 .text._puts_r  0x08005f6c       0x9c c:/progra~2/gnuarm~1/102021~1.10/bin/../lib/gcc/arm-none-eabi/10.3.1/../../../../arm-none-eabi/lib/thumb/v7e-m+fp/hard\libg.a(lib_a-puts.o)
                0x08005f6c                _puts_r
 .text.puts     0x08006008       0x10 c:/progra~2/gnuarm~1/102021~1.10/bin/../lib/gcc/arm-none-eabi/10.3.1/../../../../arm-none-eabi/lib/thumb/v7e-m+fp/hard\libg.a(lib_a-puts.o)
                0x08006008                puts
 .text.cleanup_glue
                0x08006018       0x48 c:/progra~2/gnuarm~1/102021~1.10/bin/../lib/gcc/arm-none-eabi/10.3.1/../../../../arm-none-eabi/lib/thumb/v7e-m+fp/hard\libg.a(lib_a-reent.o)
                0x08006018                cleanup_glue
 .text._reclaim_reent
                0x08006060       0x90 c:/progra~2/gnuarm~1/102021~1.10/bin/../lib/gcc/arm-none-eabi/10.3.1/../../../../arm-none-eabi/lib/thumb/v7e-m+fp/hard\libg.a(lib_a-reent.o)
                0x08006060                _reclaim_reent
 .text.setvbuf  0x080060f0      0x1b0 c:/progra~2/gnuarm~1/102021~1.10/bin/../lib/gcc/arm-none-eabi/10.3.1/../../../../arm-none-eabi/lib/thumb/v7e-m+fp/hard\libg.a(lib_a-setvbuf.o)
                0x080060f0                setvbuf
 .text._strtod_l
                0x080062a0      0xf50 c:/progra~2/gnuarm~1/102021~1.10/bin/../lib/gcc/arm-none-eabi/10.3.1/../../../../arm-none-eabi/lib/thumb/v7e-m+fp/hard\libg.a(lib_a-strtod.o)
                0x080062a0                _strtod_l
 .text.strtof   0x080071f0       0xb8 c:/progra~2/gnuarm~1/102021~1.10/bin/../lib/gcc/arm-none-eabi/10.3.1/../../../../arm-none-eabi/lib/thumb/v7e-m+fp/hard\libg.a(lib_a-strtod.o)
                0x080071f0                strtof
 .text._vfprintf_r
                0x080072a8     0x1b90 c:/progra~2/gnuarm~1/102021~1.10/bin/../lib/gcc/arm-none-eabi/10.3.1/../../../../arm-none-eabi/lib/thumb/v7e-m+fp/hard\libg.a(lib_a-vfprintf.o)
                0x080072a8                _vfprintf_r
 .text.__sbprintf
                0x08008e38       0x80 c:/progra~2/gnuarm~1/102021~1.10/bin/../lib/gcc/arm-none-eabi/10.3.1/../../../../arm-none-eabi/lib/thumb/v7e-m+fp/hard\libg.a(lib_a-vfprintf.o)
 .text.__swsetup_r
                0x08008eb8       0xd4 c:/progra~2/gnuarm~1/102021~1.10/bin/../lib/gcc/arm-none-eabi/10.3.1/../../../../arm-none-eabi/lib/thumb/v7e-m+fp/hard\libg.a(lib_a-wsetup.o)
                0x08008eb8                __swsetup_r
 .text.quorem   0x08008f8c      0x128 c:/progra~2/gnuarm~1/102021~1.10/bin/../lib/gcc/arm-none-eabi/10.3.1/../../../../arm-none-eabi/lib/thumb/v7e-m+fp/hard\libg.a(lib_a-dtoa.o)
 *fill*         0x080090b4        0x4 
 .text._dtoa_r  0x080090b8      0xf3c c:/progra~2/gnuarm~1/102021~1.10/bin/../lib/gcc/arm-none-eabi/10.3.1/../../../../arm-none-eabi/lib/thumb/v7e-m+fp/hard\libg.a(lib_a-dtoa.o)
                0x080090b8                _dtoa_r
 .text.__sflush_r
                0x08009ff4      0x130 c:/progra~2/gnuarm~1/102021~1.10/bin/../lib/gcc/arm-none-eabi/10.3.1/../../../../arm-none-eabi/lib/thumb/v7e-m+fp/hard\libg.a(lib_a-fflush.o)
                0x08009ff4                __sflush_r
 .text._fflush_r
                0x0800a124       0x5c c:/progra~2/gnuarm~1/102021~1.10/bin/../lib/gcc/arm-none-eabi/10.3.1/../../../../arm-none-eabi/lib/thumb/v7e-m+fp/hard\libg.a(lib_a-fflush.o)
                0x0800a124                _fflush_r
 .text._cleanup_r
                0x0800a180        0xc c:/progra~2/gnuarm~1/102021~1.10/bin/../lib/gcc/arm-none-eabi/10.3.1/../../../../arm-none-eabi/lib/thumb/v7e-m+fp/hard\libg.a(lib_a-findfp.o)
                0x0800a180                _cleanup_r
 .text.__sinit  0x0800a18c      0x10c c:/progra~2/gnuarm~1/102021~1.10/bin/../lib/gcc/arm-none-eabi/10.3.1/../../../../arm-none-eabi/lib/thumb/v7e-m+fp/hard\libg.a(lib_a-findfp.o)
                0x0800a18c                __sinit
 .text.__sfp_lock_acquire
                0x0800a298        0xc c:/progra~2/gnuarm~1/102021~1.10/bin/../lib/gcc/arm-none-eabi/10.3.1/../../../../arm-none-eabi/lib/thumb/v7e-m+fp/hard\libg.a(lib_a-findfp.o)
                0x0800a298                __sfp_lock_acquire
 .text.__sfp_lock_release
                0x0800a2a4        0xc c:/progra~2/gnuarm~1/102021~1.10/bin/../lib/gcc/arm-none-eabi/10.3.1/../../../../arm-none-eabi/lib/thumb/v7e-m+fp/hard\libg.a(lib_a-findfp.o)
                0x0800a2a4                __sfp_lock_release
 .text._malloc_trim_r
                0x0800a2b0       0xa0 c:/progra~2/gnuarm~1/102021~1.10/bin/../lib/gcc/arm-none-eabi/10.3.1/../../../../arm-none-eabi/lib/thumb/v7e-m+fp/hard\libg.a(lib_a-freer.o)
                0x0800a2b0                _malloc_trim_r
 .text._free_r  0x0800a350      0x20c c:/progra~2/gnuarm~1/102021~1.10/bin/../lib/gcc/arm-none-eabi/10.3.1/../../../../arm-none-eabi/lib/thumb/v7e-m+fp/hard\libg.a(lib_a-freer.o)
                0x0800a350                _free_r
 .text.__sfvwrite_r
                0x0800a55c      0x2f0 c:/progra~2/gnuarm~1/102021~1.10/bin/../lib/gcc/arm-none-eabi/10.3.1/../../../../arm-none-eabi/lib/thumb/v7e-m+fp/hard\libg.a(lib_a-fvwrite.o)
                0x0800a55c                __sfvwrite_r
 .text._fwalk_reent
                0x0800a84c       0x48 c:/progra~2/gnuarm~1/102021~1.10/bin/../lib/gcc/arm-none-eabi/10.3.1/../../../../arm-none-eabi/lib/thumb/v7e-m+fp/hard\libg.a(lib_a-fwalk.o)
                0x0800a84c                _fwalk_reent
 .text.rshift   0x0800a894       0xa4 c:/progra~2/gnuarm~1/102021~1.10/bin/../lib/gcc/arm-none-eabi/10.3.1/../../../../arm-none-eabi/lib/thumb/v7e-m+fp/hard\libg.a(lib_a-gdtoa-gethex.o)
 .text.__gethex
                0x0800a938      0x5d8 c:/progra~2/gnuarm~1/102021~1.10/bin/../lib/gcc/arm-none-eabi/10.3.1/../../../../arm-none-eabi/lib/thumb/v7e-m+fp/hard\libg.a(lib_a-gdtoa-gethex.o)
                0x0800a938                __gethex
 .text.__match  0x0800af10       0x38 c:/progra~2/gnuarm~1/102021~1.10/bin/../lib/gcc/arm-none-eabi/10.3.1/../../../../arm-none-eabi/lib/thumb/v7e-m+fp/hard\libg.a(lib_a-gdtoa-hexnan.o)
                0x0800af10                __match
 .text.__hexnan
                0x0800af48      0x1ac c:/progra~2/gnuarm~1/102021~1.10/bin/../lib/gcc/arm-none-eabi/10.3.1/../../../../arm-none-eabi/lib/thumb/v7e-m+fp/hard\libg.a(lib_a-gdtoa-hexnan.o)
                0x0800af48                __hexnan
 .text.__locale_mb_cur_max
                0x0800b0f4        0xc c:/progra~2/gnuarm~1/102021~1.10/bin/../lib/gcc/arm-none-eabi/10.3.1/../../../../arm-none-eabi/lib/thumb/v7e-m+fp/hard\libg.a(lib_a-locale.o)
                0x0800b0f4                __locale_mb_cur_max
 .text._localeconv_r
                0x0800b100        0x8 c:/progra~2/gnuarm~1/102021~1.10/bin/../lib/gcc/arm-none-eabi/10.3.1/../../../../arm-none-eabi/lib/thumb/v7e-m+fp/hard\libg.a(lib_a-localeconv.o)
                0x0800b100                _localeconv_r
 .text.__retarget_lock_init_recursive
                0x0800b108        0x4 c:/progra~2/gnuarm~1/102021~1.10/bin/../lib/gcc/arm-none-eabi/10.3.1/../../../../arm-none-eabi/lib/thumb/v7e-m+fp/hard\libg.a(lib_a-lock.o)
                0x0800b108                __retarget_lock_init_recursive
 .text.__retarget_lock_close_recursive
                0x0800b10c        0x4 c:/progra~2/gnuarm~1/102021~1.10/bin/../lib/gcc/arm-none-eabi/10.3.1/../../../../arm-none-eabi/lib/thumb/v7e-m+fp/hard\libg.a(lib_a-lock.o)
                0x0800b10c                __retarget_lock_close_recursive
 .text.__retarget_lock_acquire_recursive
                0x0800b110        0x4 c:/progra~2/gnuarm~1/102021~1.10/bin/../lib/gcc/arm-none-eabi/10.3.1/../../../../arm-none-eabi/lib/thumb/v7e-m+fp/hard\libg.a(lib_a-lock.o)
                0x0800b110                __retarget_lock_acquire_recursive
 .text.__retarget_lock_release_recursive
                0x0800b114        0x4 c:/progra~2/gnuarm~1/102021~1.10/bin/../lib/gcc/arm-none-eabi/10.3.1/../../../../arm-none-eabi/lib/thumb/v7e-m+fp/hard\libg.a(lib_a-lock.o)
                0x0800b114                __retarget_lock_release_recursive
 .text.__smakebuf_r
                0x0800b118       0xe0 c:/progra~2/gnuarm~1/102021~1.10/bin/../lib/gcc/arm-none-eabi/10.3.1/../../../../arm-none-eabi/lib/thumb/v7e-m+fp/hard\libg.a(lib_a-makebuf.o)
                0x0800b118                __smakebuf_r
 .text.__swhatbuf_r
                0x0800b1f8       0x60 c:/progra~2/gnuarm~1/102021~1.10/bin/../lib/gcc/arm-none-eabi/10.3.1/../../../../arm-none-eabi/lib/thumb/v7e-m+fp/hard\libg.a(lib_a-makebuf.o)
                0x0800b1f8                __swhatbuf_r
 .text.malloc   0x0800b258       0x10 c:/progra~2/gnuarm~1/102021~1.10/bin/../lib/gcc/arm-none-eabi/10.3.1/../../../../arm-none-eabi/lib/thumb/v7e-m+fp/hard\libg.a(lib_a-malloc.o)
                0x0800b258                malloc
 .text._malloc_r
                0x0800b268      0x560 c:/progra~2/gnuarm~1/102021~1.10/bin/../lib/gcc/arm-none-eabi/10.3.1/../../../../arm-none-eabi/lib/thumb/v7e-m+fp/hard\libg.a(lib_a-mallocr.o)
                0x0800b268                _malloc_r
 .text.__ascii_mbtowc
                0x0800b7c8       0x2c c:/progra~2/gnuarm~1/102021~1.10/bin/../lib/gcc/arm-none-eabi/10.3.1/../../../../arm-none-eabi/lib/thumb/v7e-m+fp/hard\libg.a(lib_a-mbtowc_r.o)
                0x0800b7c8                __ascii_mbtowc
 .text.memmove  0x0800b7f4       0xf8 c:/progra~2/gnuarm~1/102021~1.10/bin/../lib/gcc/arm-none-eabi/10.3.1/../../../../arm-none-eabi/lib/thumb/v7e-m+fp/hard\libg.a(lib_a-memmove.o)
                0x0800b7f4                memmove
 .text.__malloc_lock
                0x0800b8ec        0xc c:/progra~2/gnuarm~1/102021~1.10/bin/../lib/gcc/arm-none-eabi/10.3.1/../../../../arm-none-eabi/lib/thumb/v7e-m+fp/hard\libg.a(lib_a-mlock.o)
                0x0800b8ec                __malloc_lock
 .text.__malloc_unlock
                0x0800b8f8        0xc c:/progra~2/gnuarm~1/102021~1.10/bin/../lib/gcc/arm-none-eabi/10.3.1/../../../../arm-none-eabi/lib/thumb/v7e-m+fp/hard\libg.a(lib_a-mlock.o)
                0x0800b8f8                __malloc_unlock
 .text._Balloc  0x0800b904       0x4c c:/progra~2/gnuarm~1/102021~1.10/bin/../lib/gcc/arm-none-eabi/10.3.1/../../../../arm-none-eabi/lib/thumb/v7e-m+fp/hard\libg.a(lib_a-mprec.o)
                0x0800b904                _Balloc
 .text._Bfree   0x0800b950       0x14 c:/progra~2/gnuarm~1/102021~1.10/bin/../lib/gcc/arm-none-eabi/10.3.1/../../../../arm-none-eabi/lib/thumb/v7e-m+fp/hard\libg.a(lib_a-mprec.o)
                0x0800b950                _Bfree
 .text.__multadd
                0x0800b964       0xa8 c:/progra~2/gnuarm~1/102021~1.10/bin/../lib/gcc/arm-none-eabi/10.3.1/../../../../arm-none-eabi/lib/thumb/v7e-m+fp/hard\libg.a(lib_a-mprec.o)
                0x0800b964                __multadd
 .text.__s2b    0x0800ba0c       0xb4 c:/progra~2/gnuarm~1/102021~1.10/bin/../lib/gcc/arm-none-eabi/10.3.1/../../../../arm-none-eabi/lib/thumb/v7e-m+fp/hard\libg.a(lib_a-mprec.o)
                0x0800ba0c                __s2b
 .text.__hi0bits
                0x0800bac0       0x40 c:/progra~2/gnuarm~1/102021~1.10/bin/../lib/gcc/arm-none-eabi/10.3.1/../../../../arm-none-eabi/lib/thumb/v7e-m+fp/hard\libg.a(lib_a-mprec.o)
                0x0800bac0                __hi0bits
 .text.__lo0bits
                0x0800bb00       0x60 c:/progra~2/gnuarm~1/102021~1.10/bin/../lib/gcc/arm-none-eabi/10.3.1/../../../../arm-none-eabi/lib/thumb/v7e-m+fp/hard\libg.a(lib_a-mprec.o)
                0x0800bb00                __lo0bits
 .text.__i2b    0x0800bb60       0x5c c:/progra~2/gnuarm~1/102021~1.10/bin/../lib/gcc/arm-none-eabi/10.3.1/../../../../arm-none-eabi/lib/thumb/v7e-m+fp/hard\libg.a(lib_a-mprec.o)
                0x0800bb60                __i2b
 .text.__multiply
                0x0800bbbc      0x15c c:/progra~2/gnuarm~1/102021~1.10/bin/../lib/gcc/arm-none-eabi/10.3.1/../../../../arm-none-eabi/lib/thumb/v7e-m+fp/hard\libg.a(lib_a-mprec.o)
                0x0800bbbc                __multiply
 .text.__pow5mult
                0x0800bd18       0xc0 c:/progra~2/gnuarm~1/102021~1.10/bin/../lib/gcc/arm-none-eabi/10.3.1/../../../../arm-none-eabi/lib/thumb/v7e-m+fp/hard\libg.a(lib_a-mprec.o)
                0x0800bd18                __pow5mult
 .text.__lshift
                0x0800bdd8       0xf0 c:/progra~2/gnuarm~1/102021~1.10/bin/../lib/gcc/arm-none-eabi/10.3.1/../../../../arm-none-eabi/lib/thumb/v7e-m+fp/hard\libg.a(lib_a-mprec.o)
                0x0800bdd8                __lshift
 .text.__mcmp   0x0800bec8       0x44 c:/progra~2/gnuarm~1/102021~1.10/bin/../lib/gcc/arm-none-eabi/10.3.1/../../../../arm-none-eabi/lib/thumb/v7e-m+fp/hard\libg.a(lib_a-mprec.o)
                0x0800bec8                __mcmp
 .text.__mdiff  0x0800bf0c      0x14c c:/progra~2/gnuarm~1/102021~1.10/bin/../lib/gcc/arm-none-eabi/10.3.1/../../../../arm-none-eabi/lib/thumb/v7e-m+fp/hard\libg.a(lib_a-mprec.o)
                0x0800bf0c                __mdiff
 .text.__ulp    0x0800c058       0x60 c:/progra~2/gnuarm~1/102021~1.10/bin/../lib/gcc/arm-none-eabi/10.3.1/../../../../arm-none-eabi/lib/thumb/v7e-m+fp/hard\libg.a(lib_a-mprec.o)
                0x0800c058                __ulp
 .text.__b2d    0x0800c0b8       0xc0 c:/progra~2/gnuarm~1/102021~1.10/bin/../lib/gcc/arm-none-eabi/10.3.1/../../../../arm-none-eabi/lib/thumb/v7e-m+fp/hard\libg.a(lib_a-mprec.o)
                0x0800c0b8                __b2d
 .text.__d2b    0x0800c178       0xd0 c:/progra~2/gnuarm~1/102021~1.10/bin/../lib/gcc/arm-none-eabi/10.3.1/../../../../arm-none-eabi/lib/thumb/v7e-m+fp/hard\libg.a(lib_a-mprec.o)
                0x0800c178                __d2b
 .text.__ratio  0x0800c248       0x5c c:/progra~2/gnuarm~1/102021~1.10/bin/../lib/gcc/arm-none-eabi/10.3.1/../../../../arm-none-eabi/lib/thumb/v7e-m+fp/hard\libg.a(lib_a-mprec.o)
                0x0800c248                __ratio
 .text.__copybits
                0x0800c2a4       0x5c c:/progra~2/gnuarm~1/102021~1.10/bin/../lib/gcc/arm-none-eabi/10.3.1/../../../../arm-none-eabi/lib/thumb/v7e-m+fp/hard\libg.a(lib_a-mprec.o)
                0x0800c2a4                __copybits
 .text.__any_on
                0x0800c300       0x64 c:/progra~2/gnuarm~1/102021~1.10/bin/../lib/gcc/arm-none-eabi/10.3.1/../../../../arm-none-eabi/lib/thumb/v7e-m+fp/hard\libg.a(lib_a-mprec.o)
                0x0800c300                __any_on
 .text._realloc_r
                0x0800c364      0x3d8 c:/progra~2/gnuarm~1/102021~1.10/bin/../lib/gcc/arm-none-eabi/10.3.1/../../../../arm-none-eabi/lib/thumb/v7e-m+fp/hard\libg.a(lib_a-reallocr.o)
                0x0800c364                _realloc_r
 .text.frexp    0x0800c73c       0x6c c:/progra~2/gnuarm~1/102021~1.10/bin/../lib/gcc/arm-none-eabi/10.3.1/../../../../arm-none-eabi/lib/thumb/v7e-m+fp/hard\libg.a(lib_a-s_frexp.o)
                0x0800c73c                frexp
 .text.nan      0x0800c7a8       0x10 c:/progra~2/gnuarm~1/102021~1.10/bin/../lib/gcc/arm-none-eabi/10.3.1/../../../../arm-none-eabi/lib/thumb/v7e-m+fp/hard\libg.a(lib_a-s_nan.o)
                0x0800c7a8                nan
 .text._sbrk_r  0x0800c7b8       0x24 c:/progra~2/gnuarm~1/102021~1.10/bin/../lib/gcc/arm-none-eabi/10.3.1/../../../../arm-none-eabi/lib/thumb/v7e-m+fp/hard\libg.a(lib_a-sbrkr.o)
                0x0800c7b8                _sbrk_r
 .text.nanf     0x0800c7dc        0xc c:/progra~2/gnuarm~1/102021~1.10/bin/../lib/gcc/arm-none-eabi/10.3.1/../../../../arm-none-eabi/lib/thumb/v7e-m+fp/hard\libg.a(lib_a-sf_nan.o)
                0x0800c7dc                nanf
 .text.__sread  0x0800c7e8       0x24 c:/progra~2/gnuarm~1/102021~1.10/bin/../lib/gcc/arm-none-eabi/10.3.1/../../../../arm-none-eabi/lib/thumb/v7e-m+fp/hard\libg.a(lib_a-stdio.o)
                0x0800c7e8                __sread
 .text.__swrite
                0x0800c80c       0x40 c:/progra~2/gnuarm~1/102021~1.10/bin/../lib/gcc/arm-none-eabi/10.3.1/../../../../arm-none-eabi/lib/thumb/v7e-m+fp/hard\libg.a(lib_a-stdio.o)
                0x0800c80c                __swrite
 .text.__sseek  0x0800c84c       0x20 c:/progra~2/gnuarm~1/102021~1.10/bin/../lib/gcc/arm-none-eabi/10.3.1/../../../../arm-none-eabi/lib/thumb/v7e-m+fp/hard\libg.a(lib_a-stdio.o)
                0x0800c84c                __sseek
 .text.__sclose
                0x0800c86c        0x8 c:/progra~2/gnuarm~1/102021~1.10/bin/../lib/gcc/arm-none-eabi/10.3.1/../../../../arm-none-eabi/lib/thumb/v7e-m+fp/hard\libg.a(lib_a-stdio.o)
                0x0800c86c                __sclose
 .text.strncmp  0x0800c874       0x80 c:/progra~2/gnuarm~1/102021~1.10/bin/../lib/gcc/arm-none-eabi/10.3.1/../../../../arm-none-eabi/lib/thumb/v7e-m+fp/hard\libg.a(lib_a-strncmp.o)
                0x0800c874                strncmp
 .text.strncpy  0x0800c8f4       0x64 c:/progra~2/gnuarm~1/102021~1.10/bin/../lib/gcc/arm-none-eabi/10.3.1/../../../../arm-none-eabi/lib/thumb/v7e-m+fp/hard\libg.a(lib_a-strncpy.o)
                0x0800c8f4                strncpy
 .text.__sprint_r.part.0
                0x0800c958       0x78 c:/progra~2/gnuarm~1/102021~1.10/bin/../lib/gcc/arm-none-eabi/10.3.1/../../../../arm-none-eabi/lib/thumb/v7e-m+fp/hard\libg.a(lib_a-vfiprintf.o)
 .text.__sprint_r
                0x0800c9d0       0x18 c:/progra~2/gnuarm~1/102021~1.10/bin/../lib/gcc/arm-none-eabi/10.3.1/../../../../arm-none-eabi/lib/thumb/v7e-m+fp/hard\libg.a(lib_a-vfiprintf.o)
                0x0800c9d0                __sprint_r
 .text._vfiprintf_r
                0x0800c9e8      0xdfc c:/progra~2/gnuarm~1/102021~1.10/bin/../lib/gcc/arm-none-eabi/10.3.1/../../../../arm-none-eabi/lib/thumb/v7e-m+fp/hard\libg.a(lib_a-vfiprintf.o)
                0x0800c9e8                _vfiprintf_r
 .text.__sbprintf
                0x0800d7e4       0x80 c:/progra~2/gnuarm~1/102021~1.10/bin/../lib/gcc/arm-none-eabi/10.3.1/../../../../arm-none-eabi/lib/thumb/v7e-m+fp/hard\libg.a(lib_a-vfiprintf.o)
 .text.__ascii_wctomb
                0x0800d864       0x1c c:/progra~2/gnuarm~1/102021~1.10/bin/../lib/gcc/arm-none-eabi/10.3.1/../../../../arm-none-eabi/lib/thumb/v7e-m+fp/hard\libg.a(lib_a-wctomb_r.o)
                0x0800d864                __ascii_wctomb
 .text._write_r
                0x0800d880       0x2c c:/progra~2/gnuarm~1/102021~1.10/bin/../lib/gcc/arm-none-eabi/10.3.1/../../../../arm-none-eabi/lib/thumb/v7e-m+fp/hard\libg.a(lib_a-writer.o)
                0x0800d880                _write_r
 .text.__assert_func
                0x0800d8ac       0x40 c:/progra~2/gnuarm~1/102021~1.10/bin/../lib/gcc/arm-none-eabi/10.3.1/../../../../arm-none-eabi/lib/thumb/v7e-m+fp/hard\libg.a(lib_a-assert.o)
                0x0800d8ac                __assert_func
 .text._calloc_r
                0x0800d8ec       0x78 c:/progra~2/gnuarm~1/102021~1.10/bin/../lib/gcc/arm-none-eabi/10.3.1/../../../../arm-none-eabi/lib/thumb/v7e-m+fp/hard\libg.a(lib_a-callocr.o)
                0x0800d8ec                _calloc_r
 .text._close_r
                0x0800d964       0x24 c:/progra~2/gnuarm~1/102021~1.10/bin/../lib/gcc/arm-none-eabi/10.3.1/../../../../arm-none-eabi/lib/thumb/v7e-m+fp/hard\libg.a(lib_a-closer.o)
                0x0800d964                _close_r
 .text._fclose_r
                0x0800d988       0xcc c:/progra~2/gnuarm~1/102021~1.10/bin/../lib/gcc/arm-none-eabi/10.3.1/../../../../arm-none-eabi/lib/thumb/v7e-m+fp/hard\libg.a(lib_a-fclose.o)
                0x0800d988                _fclose_r
 .text.fiprintf
                0x0800da54       0x28 c:/progra~2/gnuarm~1/102021~1.10/bin/../lib/gcc/arm-none-eabi/10.3.1/../../../../arm-none-eabi/lib/thumb/v7e-m+fp/hard\libg.a(lib_a-fiprintf.o)
                0x0800da54                fiprintf
 .text.__fputwc
                0x0800da7c       0xa8 c:/progra~2/gnuarm~1/102021~1.10/bin/../lib/gcc/arm-none-eabi/10.3.1/../../../../arm-none-eabi/lib/thumb/v7e-m+fp/hard\libg.a(lib_a-fputwc.o)
                0x0800da7c                __fputwc
 .text._fputwc_r
                0x0800db24       0x68 c:/progra~2/gnuarm~1/102021~1.10/bin/../lib/gcc/arm-none-eabi/10.3.1/../../../../arm-none-eabi/lib/thumb/v7e-m+fp/hard\libg.a(lib_a-fputwc.o)
                0x0800db24                _fputwc_r
 .text._fstat_r
                0x0800db8c       0x2c c:/progra~2/gnuarm~1/102021~1.10/bin/../lib/gcc/arm-none-eabi/10.3.1/../../../../arm-none-eabi/lib/thumb/v7e-m+fp/hard\libg.a(lib_a-fstatr.o)
                0x0800db8c                _fstat_r
 .text._isatty_r
                0x0800dbb8       0x24 c:/progra~2/gnuarm~1/102021~1.10/bin/../lib/gcc/arm-none-eabi/10.3.1/../../../../arm-none-eabi/lib/thumb/v7e-m+fp/hard\libg.a(lib_a-isattyr.o)
                0x0800dbb8                _isatty_r
 .text._lseek_r
                0x0800dbdc       0x2c c:/progra~2/gnuarm~1/102021~1.10/bin/../lib/gcc/arm-none-eabi/10.3.1/../../../../arm-none-eabi/lib/thumb/v7e-m+fp/hard\libg.a(lib_a-lseekr.o)
                0x0800dbdc                _lseek_r
 .text._read_r  0x0800dc08       0x2c c:/progra~2/gnuarm~1/102021~1.10/bin/../lib/gcc/arm-none-eabi/10.3.1/../../../../arm-none-eabi/lib/thumb/v7e-m+fp/hard\libg.a(lib_a-readr.o)
                0x0800dc08                _read_r
 .text.__swbuf_r
                0x0800dc34       0xb0 c:/progra~2/gnuarm~1/102021~1.10/bin/../lib/gcc/arm-none-eabi/10.3.1/../../../../arm-none-eabi/lib/thumb/v7e-m+fp/hard\libg.a(lib_a-wbuf.o)
                0x0800dc34                __swbuf_r
 .text._wcrtomb_r
                0x0800dce4       0x3c c:/progra~2/gnuarm~1/102021~1.10/bin/../lib/gcc/arm-none-eabi/10.3.1/../../../../arm-none-eabi/lib/thumb/v7e-m+fp/hard\libg.a(lib_a-wcrtomb.o)
                0x0800dce4                _wcrtomb_r
 .text.abort    0x0800dd20       0x10 c:/progra~2/gnuarm~1/102021~1.10/bin/../lib/gcc/arm-none-eabi/10.3.1/../../../../arm-none-eabi/lib/thumb/v7e-m+fp/hard\libg.a(lib_a-abort.o)
                0x0800dd20                abort
 .text.raise    0x0800dd30       0x5c c:/progra~2/gnuarm~1/102021~1.10/bin/../lib/gcc/arm-none-eabi/10.3.1/../../../../arm-none-eabi/lib/thumb/v7e-m+fp/hard\libg.a(lib_a-signal.o)
                0x0800dd30                raise
 .text._kill_r  0x0800dd8c       0x2c c:/progra~2/gnuarm~1/102021~1.10/bin/../lib/gcc/arm-none-eabi/10.3.1/../../../../arm-none-eabi/lib/thumb/v7e-m+fp/hard\libg.a(lib_a-signalr.o)
                0x0800dd8c                _kill_r
 .text._getpid_r
                0x0800ddb8        0x4 c:/progra~2/gnuarm~1/102021~1.10/bin/../lib/gcc/arm-none-eabi/10.3.1/../../../../arm-none-eabi/lib/thumb/v7e-m+fp/hard\libg.a(lib_a-signalr.o)
                0x0800ddb8                _getpid_r
 *(.glue_7)
 .glue_7        0x0800ddbc        0x0 linker stubs
 *(.glue_7t)
 .glue_7t       0x0800ddbc        0x0 linker stubs
 *(.eh_frame)
 *(.init)
 .init          0x0800ddbc        0x4 c:/progra~2/gnuarm~1/102021~1.10/bin/../lib/gcc/arm-none-eabi/10.3.1/thumb/v7e-m+fp/hard/crti.o
                0x0800ddbc                _init
 .init          0x0800ddc0        0x8 c:/progra~2/gnuarm~1/102021~1.10/bin/../lib/gcc/arm-none-eabi/10.3.1/thumb/v7e-m+fp/hard/crtn.o
 *(.fini)
 .fini          0x0800ddc8        0x4 c:/progra~2/gnuarm~1/102021~1.10/bin/../lib/gcc/arm-none-eabi/10.3.1/thumb/v7e-m+fp/hard/crti.o
                0x0800ddc8                _fini
 .fini          0x0800ddcc        0x8 c:/progra~2/gnuarm~1/102021~1.10/bin/../lib/gcc/arm-none-eabi/10.3.1/thumb/v7e-m+fp/hard/crtn.o
                0x0800ddd4                . = ALIGN (0x4)
                0x0800ddd4                _etext = .

.vfp11_veneer   0x0800ddd4        0x0
 .vfp11_veneer  0x0800ddd4        0x0 linker stubs

.v4_bx          0x0800ddd4        0x0
 .v4_bx         0x0800ddd4        0x0 linker stubs

.iplt           0x0800ddd4        0x0
 .iplt          0x0800ddd4        0x0 CMakeFiles/dgm_driver.elf.dir/Application/can_task.c.obj

.rodata         0x0800ddd8      0x848
                0x0800ddd8                . = ALIGN (0x4)
 *(.rodata)
 *(.rodata*)
 .rodata.MX_FREERTOS_Init.str1.4
                0x0800ddd8        0x8 CMakeFiles/dgm_driver.elf.dir/Core/Src/freertos.c.obj
 .rodata.str1.4
                0x0800dde0        0xc CMakeFiles/dgm_driver.elf.dir/Core/Src/freertos.c.obj
 .rodata.defaultTask_attributes
                0x0800ddec       0x24 CMakeFiles/dgm_driver.elf.dir/Core/Src/freertos.c.obj
                0x0800ddec                defaultTask_attributes
 .rodata.main.str1.4
                0x0800de10        0xd CMakeFiles/dgm_driver.elf.dir/Core/Src/main.c.obj
 *fill*         0x0800de1d        0x3 
 .rodata.AHBPrescTable
                0x0800de20       0x10 CMakeFiles/dgm_driver.elf.dir/Core/Src/system_stm32f4xx.c.obj
                0x0800de20                AHBPrescTable
 .rodata.APBPrescTable
                0x0800de30        0x8 CMakeFiles/dgm_driver.elf.dir/Core/Src/system_stm32f4xx.c.obj
                0x0800de30                APBPrescTable
 .rodata.flagBitshiftOffset.0
                0x0800de38        0x8 CMakeFiles/dgm_driver.elf.dir/Drivers/STM32F4xx_HAL_Driver/Src/stm32f4xx_hal_dma.c.obj
 .rodata.vTaskStartScheduler.str1.4
                0x0800de40        0x5 CMakeFiles/dgm_driver.elf.dir/Middlewares/Third_Party/FreeRTOS/Source/tasks.c.obj
 *fill*         0x0800de45        0x3 
 .rodata.prvCheckForValidListAndQueue.str1.4
                0x0800de48        0x5 CMakeFiles/dgm_driver.elf.dir/Middlewares/Third_Party/FreeRTOS/Source/timers.c.obj
 *fill*         0x0800de4d        0x3 
 .rodata.xTimerCreateTimerTask.str1.4
                0x0800de50        0x8 CMakeFiles/dgm_driver.elf.dir/Middlewares/Third_Party/FreeRTOS/Source/timers.c.obj
 .rodata.HAL_CAN_RxFifo0MsgPendingCallback.str1.4
                0x0800de58      0x1af CMakeFiles/dgm_driver.elf.dir/User/IRQ.c.obj
 *fill*         0x0800e007        0x1 
 .rodata.HAL_UART_RxCpltCallback.str1.4
                0x0800e008       0x25 CMakeFiles/dgm_driver.elf.dir/User/IRQ.c.obj
 .rodata._puts_r.str1.4
                0x0800e02d       0x25 c:/progra~2/gnuarm~1/102021~1.10/bin/../lib/gcc/arm-none-eabi/10.3.1/../../../../arm-none-eabi/lib/thumb/v7e-m+fp/hard\libg.a(lib_a-puts.o)
                                  0x2 (size before relaxing)
 *fill*         0x0800e02d        0x3 
 .rodata._strtod_l.str1.4
                0x0800e030        0xf c:/progra~2/gnuarm~1/102021~1.10/bin/../lib/gcc/arm-none-eabi/10.3.1/../../../../arm-none-eabi/lib/thumb/v7e-m+fp/hard\libg.a(lib_a-strtod.o)
                                 0x11 (size before relaxing)
 *fill*         0x0800e03f        0x1 
 .rodata.fpi.1  0x0800e040       0x14 c:/progra~2/gnuarm~1/102021~1.10/bin/../lib/gcc/arm-none-eabi/10.3.1/../../../../arm-none-eabi/lib/thumb/v7e-m+fp/hard\libg.a(lib_a-strtod.o)
 .rodata.fpinan.0
                0x0800e054       0x14 c:/progra~2/gnuarm~1/102021~1.10/bin/../lib/gcc/arm-none-eabi/10.3.1/../../../../arm-none-eabi/lib/thumb/v7e-m+fp/hard\libg.a(lib_a-strtod.o)
 .rodata.tinytens
                0x0800e068       0x28 c:/progra~2/gnuarm~1/102021~1.10/bin/../lib/gcc/arm-none-eabi/10.3.1/../../../../arm-none-eabi/lib/thumb/v7e-m+fp/hard\libg.a(lib_a-strtod.o)
 .rodata._vfprintf_r.str1.4
                0x0800e090       0x42 c:/progra~2/gnuarm~1/102021~1.10/bin/../lib/gcc/arm-none-eabi/10.3.1/../../../../arm-none-eabi/lib/thumb/v7e-m+fp/hard\libg.a(lib_a-vfprintf.o)
 *fill*         0x0800e0d2        0x2 
 .rodata.blanks.1
                0x0800e0d4       0x10 c:/progra~2/gnuarm~1/102021~1.10/bin/../lib/gcc/arm-none-eabi/10.3.1/../../../../arm-none-eabi/lib/thumb/v7e-m+fp/hard\libg.a(lib_a-vfprintf.o)
 .rodata.zeroes.0
                0x0800e0e4       0x10 c:/progra~2/gnuarm~1/102021~1.10/bin/../lib/gcc/arm-none-eabi/10.3.1/../../../../arm-none-eabi/lib/thumb/v7e-m+fp/hard\libg.a(lib_a-vfprintf.o)
 .rodata._dtoa_r.str1.4
                0x0800e0f4       0xa2 c:/progra~2/gnuarm~1/102021~1.10/bin/../lib/gcc/arm-none-eabi/10.3.1/../../../../arm-none-eabi/lib/thumb/v7e-m+fp/hard\libg.a(lib_a-dtoa.o)
                                 0xa6 (size before relaxing)
 *fill*         0x0800e196        0x2 
 .rodata.__gethex.str1.4
                0x0800e198       0x86 c:/progra~2/gnuarm~1/102021~1.10/bin/../lib/gcc/arm-none-eabi/10.3.1/../../../../arm-none-eabi/lib/thumb/v7e-m+fp/hard\libg.a(lib_a-gdtoa-gethex.o)
                                 0x9a (size before relaxing)
 *fill*         0x0800e21e        0x2 
 .rodata.__hexdig
                0x0800e220      0x100 c:/progra~2/gnuarm~1/102021~1.10/bin/../lib/gcc/arm-none-eabi/10.3.1/../../../../arm-none-eabi/lib/thumb/v7e-m+fp/hard\libg.a(lib_a-gdtoa-gethex.o)
                0x0800e220                __hexdig
 .rodata.str1.4
                0x0800e320        0x2 c:/progra~2/gnuarm~1/102021~1.10/bin/../lib/gcc/arm-none-eabi/10.3.1/../../../../arm-none-eabi/lib/thumb/v7e-m+fp/hard\libg.a(lib_a-lnumeric.o)
                                  0x5 (size before relaxing)
 *fill*         0x0800e322        0x2 
 .rodata._C_numeric_locale
                0x0800e324        0xc c:/progra~2/gnuarm~1/102021~1.10/bin/../lib/gcc/arm-none-eabi/10.3.1/../../../../arm-none-eabi/lib/thumb/v7e-m+fp/hard\libg.a(lib_a-lnumeric.o)
                0x0800e324                _C_numeric_locale
 .rodata._setlocale_r.str1.4
                0x0800e330        0xa c:/progra~2/gnuarm~1/102021~1.10/bin/../lib/gcc/arm-none-eabi/10.3.1/../../../../arm-none-eabi/lib/thumb/v7e-m+fp/hard\libg.a(lib_a-locale.o)
                                  0xd (size before relaxing)
 .rodata.str1.4
                0x0800e33a        0x2 c:/progra~2/gnuarm~1/102021~1.10/bin/../lib/gcc/arm-none-eabi/10.3.1/../../../../arm-none-eabi/lib/thumb/v7e-m+fp/hard\libg.a(lib_a-locale.o)
 *fill*         0x0800e33a        0x2 
 .rodata.__multadd.str1.4
                0x0800e33c       0x7f c:/progra~2/gnuarm~1/102021~1.10/bin/../lib/gcc/arm-none-eabi/10.3.1/../../../../arm-none-eabi/lib/thumb/v7e-m+fp/hard\libg.a(lib_a-mprec.o)
                                 0x93 (size before relaxing)
 *fill*         0x0800e3bb        0x5 
 .rodata.__mprec_bigtens
                0x0800e3c0       0x28 c:/progra~2/gnuarm~1/102021~1.10/bin/../lib/gcc/arm-none-eabi/10.3.1/../../../../arm-none-eabi/lib/thumb/v7e-m+fp/hard\libg.a(lib_a-mprec.o)
                0x0800e3c0                __mprec_bigtens
 .rodata.__mprec_tens
                0x0800e3e8       0xc8 c:/progra~2/gnuarm~1/102021~1.10/bin/../lib/gcc/arm-none-eabi/10.3.1/../../../../arm-none-eabi/lib/thumb/v7e-m+fp/hard\libg.a(lib_a-mprec.o)
                0x0800e3e8                __mprec_tens
 .rodata.p05.0  0x0800e4b0        0xc c:/progra~2/gnuarm~1/102021~1.10/bin/../lib/gcc/arm-none-eabi/10.3.1/../../../../arm-none-eabi/lib/thumb/v7e-m+fp/hard\libg.a(lib_a-mprec.o)
 .rodata._vfiprintf_r.str1.4
                0x0800e4bc       0x2f c:/progra~2/gnuarm~1/102021~1.10/bin/../lib/gcc/arm-none-eabi/10.3.1/../../../../arm-none-eabi/lib/thumb/v7e-m+fp/hard\libg.a(lib_a-vfiprintf.o)
 .rodata.blanks.1
                0x0800e4bc       0x10 c:/progra~2/gnuarm~1/102021~1.10/bin/../lib/gcc/arm-none-eabi/10.3.1/../../../../arm-none-eabi/lib/thumb/v7e-m+fp/hard\libg.a(lib_a-vfiprintf.o)
 .rodata.zeroes.0
                0x0800e4cc       0x10 c:/progra~2/gnuarm~1/102021~1.10/bin/../lib/gcc/arm-none-eabi/10.3.1/../../../../arm-none-eabi/lib/thumb/v7e-m+fp/hard\libg.a(lib_a-vfiprintf.o)
 .rodata.__assert_func.str1.4
                0x0800e4dc       0x3f c:/progra~2/gnuarm~1/102021~1.10/bin/../lib/gcc/arm-none-eabi/10.3.1/../../../../arm-none-eabi/lib/thumb/v7e-m+fp/hard\libg.a(lib_a-assert.o)
                                 0x43 (size before relaxing)
 *fill*         0x0800e51b        0x1 
 .rodata._ctype_
                0x0800e51c      0x101 c:/progra~2/gnuarm~1/102021~1.10/bin/../lib/gcc/arm-none-eabi/10.3.1/../../../../arm-none-eabi/lib/thumb/v7e-m+fp/hard\libg.a(lib_a-ctype_.o)
                0x0800e51c                _ctype_
                0x0800e620                . = ALIGN (0x4)
 *fill*         0x0800e61d        0x3 
                0x0800e628                _sidata = LOADADDR (.data)

.ARM.exidx      0x0800e620        0x8
 .ARM.exidx     0x0800e620        0x8 c:/progra~2/gnuarm~1/102021~1.10/bin/../lib/gcc/arm-none-eabi/10.3.1/thumb/v7e-m+fp/hard\libgcc.a(_udivmoddi4.o)

.rel.dyn        0x0800e628        0x0
 .rel.iplt      0x0800e628        0x0 CMakeFiles/dgm_driver.elf.dir/Application/can_task.c.obj

.data           0x20000000      0x9c0 load address 0x0800e628
                0x20000000                . = ALIGN (0x4)
                0x20000000                _sdata = .
 *(.data)
 *(.data*)
 .data.SystemCoreClock
                0x20000000        0x4 CMakeFiles/dgm_driver.elf.dir/Core/Src/system_stm32f4xx.c.obj
                0x20000000                SystemCoreClock
 .data.uwTickFreq
                0x20000004        0x1 CMakeFiles/dgm_driver.elf.dir/Drivers/STM32F4xx_HAL_Driver/Src/stm32f4xx_hal.c.obj
                0x20000004                uwTickFreq
 *fill*         0x20000005        0x3 
 .data.uwTickPrio
                0x20000008        0x4 CMakeFiles/dgm_driver.elf.dir/Drivers/STM32F4xx_HAL_Driver/Src/stm32f4xx_hal.c.obj
                0x20000008                uwTickPrio
 .data.uxCriticalNesting
                0x2000000c        0x4 CMakeFiles/dgm_driver.elf.dir/Middlewares/Third_Party/FreeRTOS/Source/portable/GCC/ARM_CM4F/port.c.obj
 .data._impure_ptr
                0x20000010        0x4 c:/progra~2/gnuarm~1/102021~1.10/bin/../lib/gcc/arm-none-eabi/10.3.1/../../../../arm-none-eabi/lib/thumb/v7e-m+fp/hard\libg.a(lib_a-impure.o)
                0x20000010                _impure_ptr
 *fill*         0x20000014        0x4 
 .data.impure_data
                0x20000018      0x428 c:/progra~2/gnuarm~1/102021~1.10/bin/../lib/gcc/arm-none-eabi/10.3.1/../../../../arm-none-eabi/lib/thumb/v7e-m+fp/hard\libg.a(lib_a-impure.o)
 .data.numempty
                0x20000440        0x2 c:/progra~2/gnuarm~1/102021~1.10/bin/../lib/gcc/arm-none-eabi/10.3.1/../../../../arm-none-eabi/lib/thumb/v7e-m+fp/hard\libg.a(lib_a-lnumeric.o)
 *fill*         0x20000442        0x2 
 .data.__global_locale
                0x20000444      0x16c c:/progra~2/gnuarm~1/102021~1.10/bin/../lib/gcc/arm-none-eabi/10.3.1/../../../../arm-none-eabi/lib/thumb/v7e-m+fp/hard\libg.a(lib_a-locale.o)
                0x20000444                __global_locale
 .data.__malloc_av_
                0x200005b0      0x408 c:/progra~2/gnuarm~1/102021~1.10/bin/../lib/gcc/arm-none-eabi/10.3.1/../../../../arm-none-eabi/lib/thumb/v7e-m+fp/hard\libg.a(lib_a-mallocr.o)
                0x200005b0                __malloc_av_
 .data.__malloc_sbrk_base
                0x200009b8        0x4 c:/progra~2/gnuarm~1/102021~1.10/bin/../lib/gcc/arm-none-eabi/10.3.1/../../../../arm-none-eabi/lib/thumb/v7e-m+fp/hard\libg.a(lib_a-mallocr.o)
                0x200009b8                __malloc_sbrk_base
 .data.__malloc_trim_threshold
                0x200009bc        0x4 c:/progra~2/gnuarm~1/102021~1.10/bin/../lib/gcc/arm-none-eabi/10.3.1/../../../../arm-none-eabi/lib/thumb/v7e-m+fp/hard\libg.a(lib_a-mallocr.o)
                0x200009bc                __malloc_trim_threshold
 *(.RamFunc)
 *(.RamFunc*)
                0x200009c0                . = ALIGN (0x4)
                0x200009c0                _edata = .
                0x0800efe8                _siccmram = LOADADDR (.ccmram)

.igot.plt       0x200009c0        0x0 load address 0x0800efe8
 .igot.plt      0x200009c0        0x0 CMakeFiles/dgm_driver.elf.dir/Application/can_task.c.obj

.ccmram         0x10000000        0x0 load address 0x0800efe8
                0x10000000                . = ALIGN (0x4)
                0x10000000                _sccmram = .
 *(.ccmram)
 *(.ccmram*)
                0x10000000                . = ALIGN (0x4)
                0x10000000                _eccmram = .
                0x10000000                . = ALIGN (0x4)

.bss            0x200009c0     0x54a4
                0x200009c0                _sbss = .
                0x200009c0                __bss_start__ = _sbss
 *(.bss)
 *(.bss*)
 .bss.pid_position
                0x200009c0       0x28 CMakeFiles/dgm_driver.elf.dir/Controller/PID.c.obj
                0x200009c0                pid_position
 .bss.pid_speed
                0x200009e8       0x28 CMakeFiles/dgm_driver.elf.dir/Controller/PID.c.obj
                0x200009e8                pid_speed
 .bss.DataBuff  0x20000a10       0xc8 CMakeFiles/dgm_driver.elf.dir/Controller/PID_Adjust.c.obj
                0x20000a10                DataBuff
 .bss.RxBuffer  0x20000ad8        0x1 CMakeFiles/dgm_driver.elf.dir/Controller/PID_Adjust.c.obj
                0x20000ad8                RxBuffer
 *fill*         0x20000ad9        0x1 
 .bss.RxLine    0x20000ada        0x2 CMakeFiles/dgm_driver.elf.dir/Controller/PID_Adjust.c.obj
                0x20000ada                RxLine
 .bss.Target_Position
                0x20000adc        0x4 CMakeFiles/dgm_driver.elf.dir/Controller/PID_Adjust.c.obj
                0x20000adc                Target_Position
 .bss.Target_Speed
                0x20000ae0        0x4 CMakeFiles/dgm_driver.elf.dir/Controller/PID_Adjust.c.obj
                0x20000ae0                Target_Speed
 .bss.hcan1     0x20000ae4       0x28 CMakeFiles/dgm_driver.elf.dir/Core/Src/can.c.obj
                0x20000ae4                hcan1
 .bss.defaultTaskHandle
                0x20000b0c        0x4 CMakeFiles/dgm_driver.elf.dir/Core/Src/freertos.c.obj
                0x20000b0c                defaultTaskHandle
 .bss.g_can_tx_task_handle
                0x20000b10        0x4 CMakeFiles/dgm_driver.elf.dir/Core/Src/freertos.c.obj
                0x20000b10                g_can_tx_task_handle
 .bss.g_uart_tx_task_handle
                0x20000b14        0x4 CMakeFiles/dgm_driver.elf.dir/Core/Src/freertos.c.obj
                0x20000b14                g_uart_tx_task_handle
 .bss.htim4     0x20000b18       0x48 CMakeFiles/dgm_driver.elf.dir/Core/Src/stm32f4xx_hal_timebase_tim.c.obj
                0x20000b18                htim4
 .bss.__sbrk_heap_end
                0x20000b60        0x4 CMakeFiles/dgm_driver.elf.dir/Core/Src/sysmem.c.obj
 .bss.hdma_uart4_rx
                0x20000b64       0x60 CMakeFiles/dgm_driver.elf.dir/Core/Src/usart.c.obj
                0x20000b64                hdma_uart4_rx
 .bss.hdma_uart4_tx
                0x20000bc4       0x60 CMakeFiles/dgm_driver.elf.dir/Core/Src/usart.c.obj
                0x20000bc4                hdma_uart4_tx
 .bss.huart4    0x20000c24       0x48 CMakeFiles/dgm_driver.elf.dir/Core/Src/usart.c.obj
                0x20000c24                huart4
 .bss.uwTick    0x20000c6c        0x4 CMakeFiles/dgm_driver.elf.dir/Drivers/STM32F4xx_HAL_Driver/Src/stm32f4xx_hal.c.obj
                0x20000c6c                uwTick
 .bss.Idle_Stack.2
                0x20000c70      0x200 CMakeFiles/dgm_driver.elf.dir/Middlewares/Third_Party/FreeRTOS/Source/CMSIS_RTOS_V2/cmsis_os2.c.obj
 .bss.Idle_TCB.3
                0x20000e70      0x488 CMakeFiles/dgm_driver.elf.dir/Middlewares/Third_Party/FreeRTOS/Source/CMSIS_RTOS_V2/cmsis_os2.c.obj
 .bss.KernelState
                0x200012f8        0x4 CMakeFiles/dgm_driver.elf.dir/Middlewares/Third_Party/FreeRTOS/Source/CMSIS_RTOS_V2/cmsis_os2.c.obj
 .bss.Timer_Stack.0
                0x200012fc      0x400 CMakeFiles/dgm_driver.elf.dir/Middlewares/Third_Party/FreeRTOS/Source/CMSIS_RTOS_V2/cmsis_os2.c.obj
 *fill*         0x200016fc        0x4 
 .bss.Timer_TCB.1
                0x20001700      0x488 CMakeFiles/dgm_driver.elf.dir/Middlewares/Third_Party/FreeRTOS/Source/CMSIS_RTOS_V2/cmsis_os2.c.obj
 .bss.ucMaxSysCallPriority
                0x20001b88        0x1 CMakeFiles/dgm_driver.elf.dir/Middlewares/Third_Party/FreeRTOS/Source/portable/GCC/ARM_CM4F/port.c.obj
 *fill*         0x20001b89        0x3 
 .bss.ulMaxPRIGROUPValue
                0x20001b8c        0x4 CMakeFiles/dgm_driver.elf.dir/Middlewares/Third_Party/FreeRTOS/Source/portable/GCC/ARM_CM4F/port.c.obj
 .bss.pxEnd     0x20001b90        0x4 CMakeFiles/dgm_driver.elf.dir/Middlewares/Third_Party/FreeRTOS/Source/portable/MemMang/heap_4.c.obj